Archive member included to satisfy reference by file (symbol)

../app/libapp.a(main.c.obj)   (--whole-archive)
libzephyr.a(cbprintf_packaged.c.obj)
                              (--whole-archive)
libzephyr.a(dec.c.obj)        (--whole-archive)
libzephyr.a(fdtable.c.obj)    (--whole-archive)
libzephyr.a(hex.c.obj)        (--whole-archive)
libzephyr.a(printk.c.obj)     (--whole-archive)
libzephyr.a(rb.c.obj)         (--whole-archive)
libzephyr.a(sem.c.obj)        (--whole-archive)
libzephyr.a(thread_entry.c.obj)
                              (--whole-archive)
libzephyr.a(timeutil.c.obj)   (--whole-archive)
libzephyr.a(heap.c.obj)       (--whole-archive)
libzephyr.a(heap-validate.c.obj)
                              (--whole-archive)
libzephyr.a(bitarray.c.obj)   (--whole-archive)
libzephyr.a(multi_heap.c.obj)
                              (--whole-archive)
libzephyr.a(crc32c_sw.c.obj)  (--whole-archive)
libzephyr.a(crc32_sw.c.obj)   (--whole-archive)
libzephyr.a(crc16_sw.c.obj)   (--whole-archive)
libzephyr.a(crc8_sw.c.obj)    (--whole-archive)
libzephyr.a(crc7_sw.c.obj)    (--whole-archive)
libzephyr.a(cbprintf_complete.c.obj)
                              (--whole-archive)
libzephyr.a(cbprintf.c.obj)   (--whole-archive)
libzephyr.a(assert.c.obj)     (--whole-archive)
libzephyr.a(configs.c.obj)    (--whole-archive)
libzephyr.a(soc.c.obj)        (--whole-archive)
libzephyr.a(stm32cube_hal.c.obj)
                              (--whole-archive)
libzephyr.a(soc_config.c.obj)
                              (--whole-archive)
libzephyr.a(tracing_none.c.obj)
                              (--whole-archive)
arch/common/libarch__common.a(sw_isr_common.c.obj)
                              (--whole-archive)
arch/arch/arm/core/aarch32/libarch__arm__core__aarch32.a(cpu_idle.S.obj)
                              (--whole-archive)
arch/arch/arm/core/aarch32/libarch__arm__core__aarch32.a(fatal.c.obj)
                              (--whole-archive)
arch/arch/arm/core/aarch32/libarch__arm__core__aarch32.a(irq_manage.c.obj)
                              (--whole-archive)
arch/arch/arm/core/aarch32/libarch__arm__core__aarch32.a(nmi.c.obj)
                              (--whole-archive)
arch/arch/arm/core/aarch32/libarch__arm__core__aarch32.a(nmi_on_reset.S.obj)
                              (--whole-archive)
arch/arch/arm/core/aarch32/libarch__arm__core__aarch32.a(prep_c.c.obj)
                              (--whole-archive)
arch/arch/arm/core/aarch32/libarch__arm__core__aarch32.a(swap.c.obj)
                              (--whole-archive)
arch/arch/arm/core/aarch32/libarch__arm__core__aarch32.a(swap_helper.S.obj)
                              (--whole-archive)
arch/arch/arm/core/aarch32/libarch__arm__core__aarch32.a(thread.c.obj)
                              (--whole-archive)
arch/arch/arm/core/aarch32/libarch__arm__core__aarch32.a(isr_wrapper.S.obj)
                              (--whole-archive)
arch/arch/arm/core/aarch32/cortex_m/libarch__arm__core__aarch32__cortex_m.a(exc_exit.S.obj)
                              (--whole-archive)
arch/arch/arm/core/aarch32/cortex_m/libarch__arm__core__aarch32__cortex_m.a(fault.c.obj)
                              (--whole-archive)
arch/arch/arm/core/aarch32/cortex_m/libarch__arm__core__aarch32__cortex_m.a(fault_s.S.obj)
                              (--whole-archive)
arch/arch/arm/core/aarch32/cortex_m/libarch__arm__core__aarch32__cortex_m.a(fpu.c.obj)
                              (--whole-archive)
arch/arch/arm/core/aarch32/cortex_m/libarch__arm__core__aarch32__cortex_m.a(irq_init.c.obj)
                              (--whole-archive)
arch/arch/arm/core/aarch32/cortex_m/libarch__arm__core__aarch32__cortex_m.a(reset.S.obj)
                              (--whole-archive)
arch/arch/arm/core/aarch32/cortex_m/libarch__arm__core__aarch32__cortex_m.a(scb.c.obj)
                              (--whole-archive)
arch/arch/arm/core/aarch32/cortex_m/libarch__arm__core__aarch32__cortex_m.a(thread_abort.c.obj)
                              (--whole-archive)
arch/arch/arm/core/aarch32/cortex_m/libarch__arm__core__aarch32__cortex_m.a(vector_table.S.obj)
                              (--whole-archive)
lib/libc/minimal/liblib__libc__minimal.a(atoi.c.obj)
                              (--whole-archive)
lib/libc/minimal/liblib__libc__minimal.a(strtol.c.obj)
                              (--whole-archive)
lib/libc/minimal/liblib__libc__minimal.a(strtoul.c.obj)
                              (--whole-archive)
lib/libc/minimal/liblib__libc__minimal.a(strtoll.c.obj)
                              (--whole-archive)
lib/libc/minimal/liblib__libc__minimal.a(strtoull.c.obj)
                              (--whole-archive)
lib/libc/minimal/liblib__libc__minimal.a(bsearch.c.obj)
                              (--whole-archive)
lib/libc/minimal/liblib__libc__minimal.a(exit.c.obj)
                              (--whole-archive)
lib/libc/minimal/liblib__libc__minimal.a(qsort.c.obj)
[...]
Memory Configuration

Name             Origin             Length             Attributes
FLASH            0x0000000008000000 0x0000000000010000 xr
RAM              0x0000000020000000 0x0000000000005000 xw
IDT_LIST         0x00000000fffff7ff 0x0000000000000800 xw
*default*        0x0000000000000000 0xffffffffffffffff

Linker script and memory map

LOAD CMakeFiles/zephyr_final.dir/misc/empty_file.c.obj
LOAD CMakeFiles/zephyr_final.dir/isr_tables.c.obj
LOAD CMakeFiles/offsets.dir/arch/arm/core/offsets/offsets.c.obj
LOAD ../app/libapp.a
LOAD libzephyr.a
LOAD arch/common/libarch__common.a
LOAD arch/arch/arm/core/aarch32/libarch__arm__core__aarch32.a
LOAD arch/arch/arm/core/aarch32/cortex_m/libarch__arm__core__aarch32__cortex_m.a
LOAD lib/libc/minimal/liblib__libc__minimal.a
LOAD lib/libc/common/liblib__libc__common.a
LOAD drivers/interrupt_controller/libdrivers__interrupt_controller.a
LOAD drivers/clock_control/libdrivers__clock_control.a
LOAD drivers/console/libdrivers__console.a
LOAD drivers/gpio/libdrivers__gpio.a
LOAD drivers/pinctrl/libdrivers__pinctrl.a
LOAD drivers/reset/libdrivers__reset.a
LOAD drivers/serial/libdrivers__serial.a
LOAD drivers/timer/libdrivers__timer.a
LOAD ../modules/stm32/stm32cube/lib..__modules__hal__stm32__stm32cube.a
LOAD kernel/libkernel.a
LOAD /home/hyc/zephyr-sdk-0.16.1/arm-zephyr-eabi/bin/../lib/gcc/arm-zephyr-eabi/12.2.0/thumb/v7-m/nofp/libgcc.a
LOAD arch/common/libisr_tables.a
                0x0000000000000004                _region_min_align = 0x4

.rel.plt        0x0000000008000000        0x0
 *(SORT_BY_ALIGNMENT(.rel.plt))
                [!provide]                        PROVIDE (__rel_iplt_start = .)
 *(SORT_BY_ALIGNMENT(.rel.iplt))
 .rel.iplt      0x0000000008000000        0x0 CMakeFiles/zephyr_final.dir/isr_tables.c.obj
                [!provide]                        PROVIDE (__rel_iplt_end = .)

.rela.plt       0x0000000000000000        0x0
 *(SORT_BY_ALIGNMENT(.rela.plt))
                [!provide]                        PROVIDE (__rela_iplt_start = .)
 *(SORT_BY_ALIGNMENT(.rela.iplt))
                [!provide]                        PROVIDE (__rela_iplt_end = .)

.rel.dyn
 *(SORT_BY_ALIGNMENT(.rel.*))

.rela.dyn
 *(SORT_BY_ALIGNMENT(.rela.*))

/DISCARD/
 *(SORT_BY_ALIGNMENT(.plt))

/DISCARD/
 *(SORT_BY_ALIGNMENT(.iplt))
                0x0000000008000000                __rom_region_start = 0x8000000

rom_start       0x0000000008000000       0xec
                0x0000000008000000                __rom_start_address = .
                0x0000000008000000                . = (. + (0x0 - (. - __rom_start_address)))
                0x0000000008000000                . = ALIGN (0x4)
                0x0000000008000000                . = ALIGN (0x80)
                0x0000000008000000                . = ALIGN (0x100)
                0x0000000008000000                _vector_start = .
 *(SORT_BY_ALIGNMENT(.exc_vector_table))
 *(SORT_BY_ALIGNMENT(.exc_vector_table.*))
 .exc_vector_table._vector_table_section
                0x0000000008000000       0x40 arch/arch/arm/core/aarch32/cortex_m/libarch__arm__core__aarch32__cortex_m.a(vector_table.S.obj)
                0x0000000008000000                _vector_table
 *(SORT_BY_ALIGNMENT(.vectors))
                0x00000000080000ec                _vector_end = .
                0x0000000008000040                . = ALIGN (0x4)
 *(SORT_BY_ALIGNMENT(.gnu.linkonce.irq_vector_table*))
 .gnu.linkonce.irq_vector_table
                0x0000000008000040       0xac CMakeFiles/zephyr_final.dir/isr_tables.c.obj
                0x0000000008000040                _irq_vector_table
                0x00000000080000ec                _vector_end = .

text            0x00000000080000ec     0x2dd8
                0x00000000080000ec                __text_region_start = .
 *(SORT_BY_ALIGNMENT(.text))
 .text          0x00000000080000ec       0x30 /home/hyc/zephyr-sdk-0.16.1/arm-zephyr-eabi/bin/../lib/gcc/arm-zephyr-eabi/12.2.0/thumb/v7-m/nofp/libgcc.a(_aeabi_uldivmod.o)
                0x00000000080000ec                __aeabi_uldivmod
 .text          0x000000000800011c        0x4 /home/hyc/zephyr-sdk-0.16.1/arm-zephyr-eabi/bin/../lib/gcc/arm-zephyr-eabi/12.2.0/thumb/v7-m/nofp/libgcc.a(_dvmd_tls.o)
                0x000000000800011c                __aeabi_ldiv0
                0x000000000800011c                __aeabi_idiv0
 .text          0x0000000008000120      0x2a0 /home/hyc/zephyr-sdk-0.16.1/arm-zephyr-eabi/bin/../lib/gcc/arm-zephyr-eabi/12.2.0/thumb/v7-m/nofp/libgcc.a(_udivmoddi4.o)
                0x0000000008000120                __udivmoddi4
 *(SORT_BY_ALIGNMENT(.text.*))
 .text.main     0x00000000080003c0       0x6c ../app/libapp.a(main.c.obj)
                0x00000000080003c0                main
 .text.char_out
                0x000000000800042c        0xc libzephyr.a(printk.c.obj)
 .text.__printk_hook_install
                0x0000000008000438        0xc libzephyr.a(printk.c.obj)
                0x0000000008000438                __printk_hook_install
 .text.vprintk  0x0000000008000444       0x1c libzephyr.a(printk.c.obj)
                0x0000000008000444                vprintk
 .text.z_cbvprintf_impl
                0x0000000008000460      0x764 libzephyr.a(cbprintf_complete.c.obj)
                0x0000000008000460                z_cbvprintf_impl
 .text.stm32f1_init
                0x0000000008000bc4       0x14 libzephyr.a(soc.c.obj)
 .text.z_arm_cpu_idle_init
                0x0000000008000bd8        0xc arch/arch/arm/core/aarch32/libarch__arm__core__aarch32.a(cpu_idle.S.obj)
                0x0000000008000bd8                z_arm_cpu_idle_init
 .text.arch_cpu_idle
                0x0000000008000be4       0x1c arch/arch/arm/core/aarch32/libarch__arm__core__aarch32.a(cpu_idle.S.obj)
                0x0000000008000be4                arch_cpu_idle
 .text.arch_irq_enable
                0x0000000008000c00       0x1c arch/arch/arm/core/aarch32/libarch__arm__core__aarch32.a(irq_manage.c.obj)
                0x0000000008000c00                arch_irq_enable
 .text.z_arm_irq_priority_set
                0x0000000008000c1c       0x2c arch/arch/arm/core/aarch32/libarch__arm__core__aarch32.a(irq_manage.c.obj)
                0x0000000008000c1c                z_arm_irq_priority_set
 .text.z_SysNmiOnReset
                0x0000000008000c48        0x8 arch/arch/arm/core/aarch32/libarch__arm__core__aarch32.a(nmi_on_reset.S.obj)
                0x0000000008000c48                z_SysNmiOnReset
 .text.z_arm_prep_c
                0x0000000008000c50       0x30 arch/arch/arm/core/aarch32/libarch__arm__core__aarch32.a(prep_c.c.obj)
                0x0000000008000c50                z_arm_prep_c
 .text.arch_swap
                0x0000000008000c80       0x34 arch/arch/arm/core/aarch32/libarch__arm__core__aarch32.a(swap.c.obj)
                0x0000000008000c80                arch_swap
 .text.z_arm_pendsv
                0x0000000008000cb4       0x48 arch/arch/arm/core/aarch32/libarch__arm__core__aarch32.a(swap_helper.S.obj)
                0x0000000008000cb4                z_arm_pendsv
 .text.z_arm_svc
                0x0000000008000cfc       0x20 arch/arch/arm/core/aarch32/libarch__arm__core__aarch32.a(swap_helper.S.obj)
                0x0000000008000cfc                z_arm_svc
 .text.arch_new_thread
                0x0000000008000d1c       0x38 arch/arch/arm/core/aarch32/libarch__arm__core__aarch32.a(thread.c.obj)
                0x0000000008000d1c                arch_new_thread
 .text.arch_switch_to_main_thread
                0x0000000008000d54       0x24 arch/arch/arm/core/aarch32/libarch__arm__core__aarch32.a(thread.c.obj)
                0x0000000008000d54                arch_switch_to_main_thread
 .text._isr_wrapper
                0x0000000008000d78       0x28 arch/arch/arm/core/aarch32/libarch__arm__core__aarch32.a(isr_wrapper.S.obj)
                0x0000000008000d78                _isr_wrapper
 .text._HandlerModeExit
                0x0000000008000da0       0x1c arch/arch/arm/core/aarch32/cortex_m/libarch__arm__core__aarch32__cortex_m.a(exc_exit.S.obj)
                0x0000000008000da0                z_arm_exc_exit
                0x0000000008000da0                z_arm_int_exit
 .text.usage_fault.constprop.0
                0x0000000008000dbc       0x54 arch/arch/arm/core/aarch32/cortex_m/libarch__arm__core__aarch32__cortex_m.a(fault.c.obj)
 .text.bus_fault.constprop.0
                0x0000000008000e10       0x60 arch/arch/arm/core/aarch32/cortex_m/libarch__arm__core__aarch32__cortex_m.a(fault.c.obj)
 .text.mem_manage_fault.constprop.0
                0x0000000008000e70       0x5c arch/arch/arm/core/aarch32/cortex_m/libarch__arm__core__aarch32__cortex_m.a(fault.c.obj)
 .text.z_arm_fault
                0x0000000008000ecc      0x118 arch/arch/arm/core/aarch32/cortex_m/libarch__arm__core__aarch32__cortex_m.a(fault.c.obj)
                0x0000000008000ecc                z_arm_fault
 .text.z_arm_fault_init
                0x0000000008000fe4       0x10 arch/arch/arm/core/aarch32/cortex_m/libarch__arm__core__aarch32__cortex_m.a(fault.c.obj)
                0x0000000008000fe4                z_arm_fault_init
 .text.__fault  0x0000000008000ff4       0x14 arch/arch/arm/core/aarch32/cortex_m/libarch__arm__core__aarch32__cortex_m.a(fault_s.S.obj)
                0x0000000008000ff4                z_arm_bus_fault
                0x0000000008000ff4                z_arm_usage_fault
                0x0000000008000ff4                z_arm_mpu_fault
                0x0000000008000ff4                z_arm_exc_spurious
                0x0000000008000ff4                z_arm_debug_monitor
                0x0000000008000ff4                z_arm_hard_fault
 .text.z_arm_interrupt_init
                0x0000000008001008       0x18 arch/arch/arm/core/aarch32/cortex_m/libarch__arm__core__aarch32__cortex_m.a(irq_init.c.obj)
                0x0000000008001008                z_arm_interrupt_init
 .text._reset_section
                0x0000000008001020       0x2c arch/arch/arm/core/aarch32/cortex_m/libarch__arm__core__aarch32__cortex_m.a(reset.S.obj)
                0x0000000008001020                z_arm_reset
                0x0000000008001020                __start
 .text.z_impl_k_thread_abort
                0x000000000800104c       0x2c arch/arch/arm/core/aarch32/cortex_m/libarch__arm__core__aarch32__cortex_m.a(thread_abort.c.obj)
                0x000000000800104c                z_impl_k_thread_abort
 .text.__stdout_hook_install
                0x0000000008001078        0xc lib/libc/minimal/liblib__libc__minimal.a(stdout_console.c.obj)
                0x0000000008001078                __stdout_hook_install
 .text.stm32_exti_isr
                0x0000000008001084       0x4c drivers/interrupt_controller/libdrivers__interrupt_controller.a(intc_exti_stm32.c.obj)
 .text.stm32_fill_irq_table
                0x00000000080010d0       0x18 drivers/interrupt_controller/libdrivers__interrupt_controller.a(intc_exti_stm32.c.obj)
 .text.stm32_exti_enable
                0x00000000080010e8       0x24 drivers/interrupt_controller/libdrivers__interrupt_controller.a(intc_exti_stm32.c.obj)
                0x00000000080010e8                stm32_exti_enable
 .text.stm32_exti_disable
                0x000000000800110c       0x18 drivers/interrupt_controller/libdrivers__interrupt_controller.a(intc_exti_stm32.c.obj)
                0x000000000800110c                stm32_exti_disable
 .text.stm32_exti_trigger
                0x0000000008001124       0x60 drivers/interrupt_controller/libdrivers__interrupt_controller.a(intc_exti_stm32.c.obj)
                0x0000000008001124                stm32_exti_trigger
 .text.stm32_exti_set_callback
                0x0000000008001184       0x30 drivers/interrupt_controller/libdrivers__interrupt_controller.a(intc_exti_stm32.c.obj)
                0x0000000008001184                stm32_exti_set_callback
 .text.stm32_exti_unset_callback
                0x00000000080011b4       0x14 drivers/interrupt_controller/libdrivers__interrupt_controller.a(intc_exti_stm32.c.obj)
                0x00000000080011b4                stm32_exti_unset_callback
 .text.stm32_clock_control_get_subsys_rate
                0x00000000080011c8       0x4c drivers/clock_control/libdrivers__clock_control.a(clock_stm32_ll_common.c.obj)
 .text.stm32_clock_control_init
                0x0000000008001214       0xf4 drivers/clock_control/libdrivers__clock_control.a(clock_stm32_ll_common.c.obj)
                0x0000000008001214                stm32_clock_control_init
 .text.config_pll_sysclock
                0x0000000008001308       0x1c drivers/clock_control/libdrivers__clock_control.a(clock_stm32f1.c.obj)
                0x0000000008001308                config_pll_sysclock
 .text.uart_console_init
                0x0000000008001324       0x28 drivers/console/libdrivers__console.a(uart_console.c.obj)
 .text.console_out
                0x000000000800134c       0x28 drivers/console/libdrivers__console.a(uart_console.c.obj)
 .text.gpio_stm32_init
                0x0000000008001374       0x30 drivers/gpio/libdrivers__gpio.a(gpio_stm32.c.obj)
 .text.gpio_stm32_pin_interrupt_configure
                0x00000000080013a4       0xe0 drivers/gpio/libdrivers__gpio.a(gpio_stm32.c.obj)
 .text.stm32f1_swj_cfg_init
                0x0000000008001484       0x38 drivers/pinctrl/libdrivers__pinctrl.a(pinctrl_stm32.c.obj)
 .text.pinctrl_configure_pins
                0x00000000080014bc       0xf4 drivers/pinctrl/libdrivers__pinctrl.a(pinctrl_stm32.c.obj)
                0x00000000080014bc                pinctrl_configure_pins
 .text.uart_stm32_init
                0x00000000080015b0       0xe8 drivers/serial/libdrivers__serial.a(uart_stm32.c.obj)
 .text.uart_stm32_configure
                0x0000000008001698      0x15c drivers/serial/libdrivers__serial.a(uart_stm32.c.obj)
 .text.elapsed  0x00000000080017f4       0x3c drivers/timer/libdrivers__timer.a(cortex_m_systick.c.obj)
 .text.sys_clock_driver_init
                0x0000000008001830       0x34 drivers/timer/libdrivers__timer.a(cortex_m_systick.c.obj)
 .text.sys_clock_isr
                0x0000000008001864       0x54 drivers/timer/libdrivers__timer.a(cortex_m_systick.c.obj)
                0x0000000008001864                sys_clock_isr
 .text.sys_clock_set_timeout
                0x00000000080018b8       0xf4 drivers/timer/libdrivers__timer.a(cortex_m_systick.c.obj)
                0x00000000080018b8                sys_clock_set_timeout
 .text.sys_clock_elapsed
                0x00000000080019ac       0x3c drivers/timer/libdrivers__timer.a(cortex_m_systick.c.obj)
                0x00000000080019ac                sys_clock_elapsed
 .text.HAL_RCC_GetSysClockFreq
                0x00000000080019e8       0x74 ../modules/stm32/stm32cube/lib..__modules__hal__stm32__stm32cube.a(stm32f1xx_hal_rcc.c.obj)
                0x00000000080019e8                HAL_RCC_GetSysClockFreq
 .text.LL_SetFlashLatency
                0x0000000008001a5c       0x4c ../modules/stm32/stm32cube/lib..__modules__hal__stm32__stm32cube.a(stm32f1xx_ll_utils.c.obj)
                0x0000000008001a5c                LL_SetFlashLatency
 .text.z_sys_init_run_level
                0x0000000008001aa8       0x48 kernel/libkernel.a(init.c.obj)
 .text.bg_thread_main
                0x0000000008001af0       0x34 kernel/libkernel.a(init.c.obj)
 .text.z_bss_zero
                0x0000000008001b24       0x18 kernel/libkernel.a(init.c.obj)
                0x0000000008001b24                z_bss_zero
 .text.z_init_cpu
                0x0000000008001b3c       0x84 kernel/libkernel.a(init.c.obj)
                0x0000000008001b3c                z_init_cpu
 .text.z_cstart
                0x0000000008001bc0       0xcc kernel/libkernel.a(init.c.obj)
                0x0000000008001bc0                z_cstart
 .text.z_setup_new_thread
                0x0000000008001c8c       0x54 kernel/libkernel.a(thread.c.obj)
                0x0000000008001c8c                z_setup_new_thread
 .text.z_init_static_threads
                0x0000000008001ce0       0x98 kernel/libkernel.a(thread.c.obj)
                0x0000000008001ce0                z_init_static_threads
 .text.sliceable
                0x0000000008001d78       0x3c kernel/libkernel.a(sched.c.obj)
 .text.slice_timeout
                0x0000000008001db4       0x20 kernel/libkernel.a(sched.c.obj)
 .text.z_reset_time_slice
                0x0000000008001dd4       0x50 kernel/libkernel.a(sched.c.obj)
                0x0000000008001dd4                z_reset_time_slice
 .text.update_cache
                0x0000000008001e24       0x3c kernel/libkernel.a(sched.c.obj)
 .text.move_thread_to_end_of_prio_q
                0x0000000008001e60       0x74 kernel/libkernel.a(sched.c.obj)
 .text.ready_thread
                0x0000000008001ed4       0x68 kernel/libkernel.a(sched.c.obj)
 .text.unready_thread
                0x0000000008001f3c       0x30 kernel/libkernel.a(sched.c.obj)
 .text.z_time_slice
                0x0000000008001f6c       0x60 kernel/libkernel.a(sched.c.obj)
                0x0000000008001f6c                z_time_slice
 .text.z_reschedule
                0x0000000008001fcc       0x24 kernel/libkernel.a(sched.c.obj)
                0x0000000008001fcc                z_reschedule
 .text.z_sched_start
                0x0000000008001ff0       0x3c kernel/libkernel.a(sched.c.obj)
                0x0000000008001ff0                z_sched_start
 .text.z_impl_k_thread_suspend
                0x000000000800202c       0x64 kernel/libkernel.a(sched.c.obj)
                0x000000000800202c                z_impl_k_thread_suspend
 .text.k_sched_lock
                0x0000000008002090       0x28 kernel/libkernel.a(sched.c.obj)
                0x0000000008002090                k_sched_lock
 .text.k_sched_unlock
                0x00000000080020b8       0x38 kernel/libkernel.a(sched.c.obj)
                0x00000000080020b8                k_sched_unlock
 .text.z_sched_init
                0x00000000080020f0       0x10 kernel/libkernel.a(sched.c.obj)
                0x00000000080020f0                z_sched_init
 .text.z_impl_k_yield
                0x0000000008002100       0x7c kernel/libkernel.a(sched.c.obj)
                0x0000000008002100                z_impl_k_yield
 .text.z_tick_sleep
                0x000000000800217c       0x88 kernel/libkernel.a(sched.c.obj)
 .text.z_impl_k_sleep
                0x0000000008002204       0x30 kernel/libkernel.a(sched.c.obj)
                0x0000000008002204                z_impl_k_sleep
 .text.z_impl_z_current_get
                0x0000000008002234        0xc kernel/libkernel.a(sched.c.obj)
                0x0000000008002234                z_impl_z_current_get
 .text.z_thread_abort
                0x0000000008002240       0xc0 kernel/libkernel.a(sched.c.obj)
                0x0000000008002240                z_thread_abort
 .text.z_data_copy
                0x0000000008002300       0x34 kernel/libkernel.a(xip.c.obj)
                0x0000000008002300                z_data_copy
 .text.elapsed  0x0000000008002334       0x14 kernel/libkernel.a(timeout.c.obj)
 .text.next_timeout
                0x0000000008002348       0x40 kernel/libkernel.a(timeout.c.obj)
 .text.remove_timeout
                0x0000000008002388       0x38 kernel/libkernel.a(timeout.c.obj)
 .text.z_add_timeout
                0x00000000080023c0       0xec kernel/libkernel.a(timeout.c.obj)
                0x00000000080023c0                z_add_timeout
 .text.sys_clock_announce
                0x00000000080024ac       0xd4 kernel/libkernel.a(timeout.c.obj)
                0x00000000080024ac                sys_clock_announce
 .text.sys_clock_tick_get
                0x0000000008002580       0x34 kernel/libkernel.a(timeout.c.obj)
                0x0000000008002580                sys_clock_tick_get
 .text.boot_banner
                0x00000000080025b4        0xc kernel/libkernel.a(banner.c.obj)
                0x00000000080025b4                boot_banner
 .text._OffsetAbsSyms
                0x00000000080025c0        0x2 CMakeFiles/offsets.dir/arch/arm/core/offsets/offsets.c.obj
                0x00000000080025c0                _OffsetAbsSyms
 .text.arch_printk_char_out
                0x00000000080025c2        0x4 libzephyr.a(printk.c.obj)
                0x00000000080025c2                arch_printk_char_out
 .text.printk   0x00000000080025c6       0x1a libzephyr.a(printk.c.obj)
                0x00000000080025c6                printk
 .text.z_thread_entry
                0x00000000080025e0       0x14 libzephyr.a(thread_entry.c.obj)
                0x00000000080025e0                z_thread_entry
 .text.encode_uint
                0x00000000080025f4       0x8c libzephyr.a(cbprintf_complete.c.obj)
 .text.outs     0x0000000008002680       0x2e libzephyr.a(cbprintf_complete.c.obj)
 .text._ConfigAbsSyms
                0x00000000080026ae        0x2 libzephyr.a(configs.c.obj)
                0x00000000080026ae                _ConfigAbsSyms
 .text.st_stm32_common_config
                0x00000000080026b0        0x4 libzephyr.a(soc_config.c.obj)
 .text.z_arm_fatal_error
                0x00000000080026b4        0x4 arch/arch/arm/core/aarch32/libarch__arm__core__aarch32.a(fatal.c.obj)
                0x00000000080026b4                z_arm_fatal_error
 .text.z_do_kernel_oops
                0x00000000080026b8        0x8 arch/arch/arm/core/aarch32/libarch__arm__core__aarch32.a(fatal.c.obj)
                0x00000000080026b8                z_do_kernel_oops
 .text.z_irq_spurious
                0x00000000080026c0        0x8 arch/arch/arm/core/aarch32/libarch__arm__core__aarch32.a(irq_manage.c.obj)
                0x00000000080026c0                z_irq_spurious
 .text.z_arm_nmi
                0x00000000080026c8        0xe arch/arch/arm/core/aarch32/libarch__arm__core__aarch32.a(nmi.c.obj)
                0x00000000080026c8                z_arm_nmi
 .text.strlen   0x00000000080026d6        0xe lib/libc/minimal/liblib__libc__minimal.a(string.c.obj)
                0x00000000080026d6                strlen
 .text.memcpy   0x00000000080026e4       0x16 lib/libc/minimal/liblib__libc__minimal.a(string.c.obj)
                0x00000000080026e4                memcpy
 .text.memset   0x00000000080026fa       0x12 lib/libc/minimal/liblib__libc__minimal.a(string.c.obj)
                0x00000000080026fa                memset
 .text._stdout_hook_default
                0x000000000800270c        0x6 lib/libc/minimal/liblib__libc__minimal.a(stdout_console.c.obj)
 .text.strnlen  0x0000000008002712       0x12 lib/libc/common/liblib__libc__common.a(strnlen.c.obj)
                0x0000000008002712                strnlen
 .text.stm32_exti_init
                0x0000000008002724       0x92 drivers/interrupt_controller/libdrivers__interrupt_controller.a(intc_exti_stm32.c.obj)
 .text.stm32_clock_control_on
                0x00000000080027b6       0x24 drivers/clock_control/libdrivers__clock_control.a(clock_stm32_ll_common.c.obj)
 .text.stm32_clock_control_off
                0x00000000080027da       0x24 drivers/clock_control/libdrivers__clock_control.a(clock_stm32_ll_common.c.obj)
 .text.stm32_clock_control_get_status
                0x00000000080027fe       0x30 drivers/clock_control/libdrivers__clock_control.a(clock_stm32_ll_common.c.obj)
 .text.stm32_clock_control_configure
                0x000000000800282e       0x58 drivers/clock_control/libdrivers__clock_control.a(clock_stm32_ll_common.c.obj)
 .text.config_enable_default_clocks
                0x0000000008002886        0x2 drivers/clock_control/libdrivers__clock_control.a(clock_stm32f1.c.obj)
                0x0000000008002886                config_enable_default_clocks
 .text.gpio_stm32_port_get_raw
                0x0000000008002888        0xc drivers/gpio/libdrivers__gpio.a(gpio_stm32.c.obj)
 .text.gpio_stm32_port_set_masked_raw
                0x0000000008002894       0x12 drivers/gpio/libdrivers__gpio.a(gpio_stm32.c.obj)
 .text.gpio_stm32_port_set_bits_raw
                0x00000000080028a6        0xa drivers/gpio/libdrivers__gpio.a(gpio_stm32.c.obj)
 .text.gpio_stm32_port_clear_bits_raw
                0x00000000080028b0        0xa drivers/gpio/libdrivers__gpio.a(gpio_stm32.c.obj)
 .text.gpio_stm32_port_toggle_bits
                0x00000000080028ba        0xe drivers/gpio/libdrivers__gpio.a(gpio_stm32.c.obj)
 .text.gpio_stm32_manage_callback
                0x00000000080028c8       0x52 drivers/gpio/libdrivers__gpio.a(gpio_stm32.c.obj)
 .text.LL_GPIO_SetPinMode
                0x000000000800291a       0x2c drivers/gpio/libdrivers__gpio.a(gpio_stm32.c.obj)
 .text.LL_GPIO_SetPinSpeed
                0x0000000008002946       0x2c drivers/gpio/libdrivers__gpio.a(gpio_stm32.c.obj)
 .text.LL_GPIO_SetPinOutputType
                0x0000000008002972       0x2c drivers/gpio/libdrivers__gpio.a(gpio_stm32.c.obj)
 .text.gpio_stm32_isr
                0x000000000800299e       0x2e drivers/gpio/libdrivers__gpio.a(gpio_stm32.c.obj)
 .text.gpio_stm32_configure_raw.constprop.0.isra.0
                0x00000000080029cc       0xaa drivers/gpio/libdrivers__gpio.a(gpio_stm32.c.obj)
 .text.gpio_stm32_config
                0x0000000008002a76       0x72 drivers/gpio/libdrivers__gpio.a(gpio_stm32.c.obj)
 .text.gpio_stm32_configure
                0x0000000008002ae8       0x2a drivers/gpio/libdrivers__gpio.a(gpio_stm32.c.obj)
                0x0000000008002ae8                gpio_stm32_configure
 .text.pinctrl_lookup_state
                0x0000000008002b12       0x26 drivers/pinctrl/libdrivers__pinctrl.a(common.c.obj)
                0x0000000008002b12                pinctrl_lookup_state
 .text.reset_stm32_status
                0x0000000008002b38       0x20 drivers/reset/libdrivers__reset.a(reset_stm32.c.obj)
 .text.reset_stm32_line_assert
                0x0000000008002b58       0x1c drivers/reset/libdrivers__reset.a(reset_stm32.c.obj)
 .text.reset_stm32_line_deassert
                0x0000000008002b74       0x1e drivers/reset/libdrivers__reset.a(reset_stm32.c.obj)
 .text.reset_stm32_line_toggle
                0x0000000008002b92       0x16 drivers/reset/libdrivers__reset.a(reset_stm32.c.obj)
 .text.LL_USART_ClearFlag_PE
                0x0000000008002ba8       0x12 drivers/serial/libdrivers__serial.a(uart_stm32.c.obj)
 .text.uart_stm32_set_baudrate
                0x0000000008002bba       0x46 drivers/serial/libdrivers__serial.a(uart_stm32.c.obj)
 .text.uart_stm32_poll_in
                0x0000000008002c00       0x22 drivers/serial/libdrivers__serial.a(uart_stm32.c.obj)
 .text.uart_stm32_poll_out
                0x0000000008002c22       0x3a drivers/serial/libdrivers__serial.a(uart_stm32.c.obj)
 .text.uart_stm32_err_check
                0x0000000008002c5c       0x66 drivers/serial/libdrivers__serial.a(uart_stm32.c.obj)
 .text.uart_stm32_config_get
                0x0000000008002cc2       0x8c drivers/serial/libdrivers__serial.a(uart_stm32.c.obj)
 .text.z_device_state_init
                0x0000000008002d4e        0x2 kernel/libkernel.a(device.c.obj)
                0x0000000008002d4e                z_device_state_init
 .text.z_device_is_ready
                0x0000000008002d50       0x16 kernel/libkernel.a(device.c.obj)
                0x0000000008002d50                z_device_is_ready
 .text.arch_system_halt
                0x0000000008002d66       0x12 kernel/libkernel.a(fatal.c.obj)
                0x0000000008002d66                arch_system_halt
 .text.k_sys_fatal_error_handler
                0x0000000008002d78        0x6 kernel/libkernel.a(fatal.c.obj)
                0x0000000008002d78                k_sys_fatal_error_handler
 .text.z_fatal_error
                0x0000000008002d7e       0x36 kernel/libkernel.a(fatal.c.obj)
                0x0000000008002d7e                z_fatal_error
 .text.z_early_memset
                0x0000000008002db4        0x4 kernel/libkernel.a(init.c.obj)
                0x0000000008002db4                z_early_memset
 .text.z_early_memcpy
                0x0000000008002db8        0x4 kernel/libkernel.a(init.c.obj)
                0x0000000008002db8                z_early_memcpy
 .text.idle     0x0000000008002dbc       0x18 kernel/libkernel.a(idle.c.obj)
                0x0000000008002dbc                idle
 .text.sys_dlist_remove
                0x0000000008002dd4       0x10 kernel/libkernel.a(sched.c.obj)
 .text.unpend_thread_no_timeout
                0x0000000008002de4       0x14 kernel/libkernel.a(sched.c.obj)
 .text.z_ready_thread
                0x0000000008002df8       0x20 kernel/libkernel.a(sched.c.obj)
                0x0000000008002df8                z_ready_thread
 .text.z_sched_wake_thread
                0x0000000008002e18       0x44 kernel/libkernel.a(sched.c.obj)
                0x0000000008002e18                z_sched_wake_thread
 .text.z_thread_timeout
                0x0000000008002e5c        0x8 kernel/libkernel.a(sched.c.obj)
                0x0000000008002e5c                z_thread_timeout
 .text.z_reschedule_irqlock
                0x0000000008002e64       0x18 kernel/libkernel.a(sched.c.obj)
                0x0000000008002e64                z_reschedule_irqlock
 .text.z_reschedule_unlocked
                0x0000000008002e7c       0x14 kernel/libkernel.a(sched.c.obj)
 .text.z_abort_timeout
                0x0000000008002e90       0x2c kernel/libkernel.a(timeout.c.obj)
                0x0000000008002e90                z_abort_timeout
 .text.sys_clock_tick_get_32
                0x0000000008002ebc        0x8 kernel/libkernel.a(timeout.c.obj)
                0x0000000008002ebc                sys_clock_tick_get_32
 *(SORT_BY_ALIGNMENT(.TEXT.*))
 *(SORT_BY_ALIGNMENT(.gnu.linkonce.t.*))
 *(SORT_BY_ALIGNMENT(.glue_7t))
 .glue_7t       0x0000000008002ec4        0x0 linker stubs
 *(SORT_BY_ALIGNMENT(.glue_7))
 .glue_7        0x0000000008002ec4        0x0 linker stubs
 *(SORT_BY_ALIGNMENT(.vfp11_veneer))
 .vfp11_veneer  0x0000000008002ec4        0x0 linker stubs
 *(SORT_BY_ALIGNMENT(.v4_bx))
 .v4_bx         0x0000000008002ec4        0x0 linker stubs
                0x0000000008002ec4                . = ALIGN (0x4)
                0x0000000008002ec4                __text_region_end = .

.ARM.exidx      0x0000000008002ec4        0x8
                0x0000000008002ec4                __exidx_start = .
 *(SORT_BY_ALIGNMENT(.ARM.exidx*) SORT_BY_ALIGNMENT(gnu.linkonce.armexidx.*))
 .ARM.exidx     0x0000000008002ec4        0x8 /home/hyc/zephyr-sdk-0.16.1/arm-zephyr-eabi/bin/../lib/gcc/arm-zephyr-eabi/12.2.0/thumb/v7-m/nofp/libgcc.a(_udivmoddi4.o)
                0x0000000008002ecc                __exidx_end = .
                0x0000000008002ecc                __rodata_region_start = .

initlevel       0x0000000008002ecc       0x70
                0x0000000008002ecc                __init_start = .
                0x0000000008002ecc                __init_EARLY_start = .
 *(SORT_BY_NAME(SORT_BY_ALIGNMENT(.z_init_EARLY?_*)))
 *(SORT_BY_NAME(SORT_BY_ALIGNMENT(.z_init_EARLY??_*)))
                0x0000000008002ecc                __init_PRE_KERNEL_1_start = .
 *(SORT_BY_NAME(SORT_BY_ALIGNMENT(.z_init_PRE_KERNEL_1?_*)))
 .z_init_PRE_KERNEL_10_0_
                0x0000000008002ecc        0x8 libzephyr.a(soc.c.obj)
 .z_init_PRE_KERNEL_10_0_
                0x0000000008002ed4        0x8 drivers/pinctrl/libdrivers__pinctrl.a(pinctrl_stm32.c.obj)
 .z_init_PRE_KERNEL_11_00008_
                0x0000000008002edc        0x8 drivers/clock_control/libdrivers__clock_control.a(clock_stm32_ll_common.c.obj)
 .z_init_PRE_KERNEL_11_0_
                0x0000000008002ee4        0x8 libzephyr.a(soc_config.c.obj)
 *(SORT_BY_NAME(SORT_BY_ALIGNMENT(.z_init_PRE_KERNEL_1??_*)))
 .z_init_PRE_KERNEL_135_00032_
                0x0000000008002eec        0x8 drivers/reset/libdrivers__reset.a(reset_stm32.c.obj)
 .z_init_PRE_KERNEL_140_00020_
                0x0000000008002ef4        0x8 drivers/gpio/libdrivers__gpio.a(gpio_stm32.c.obj)
 .z_init_PRE_KERNEL_140_00028_
                0x0000000008002efc        0x8 drivers/interrupt_controller/libdrivers__interrupt_controller.a(intc_exti_stm32.c.obj)
 .z_init_PRE_KERNEL_140_00059_
                0x0000000008002f04        0x8 drivers/gpio/libdrivers__gpio.a(gpio_stm32.c.obj)
 .z_init_PRE_KERNEL_140_00060_
                0x0000000008002f0c        0x8 drivers/gpio/libdrivers__gpio.a(gpio_stm32.c.obj)
 .z_init_PRE_KERNEL_140_00061_
                0x0000000008002f14        0x8 drivers/gpio/libdrivers__gpio.a(gpio_stm32.c.obj)
 .z_init_PRE_KERNEL_140_00062_
                0x0000000008002f1c        0x8 drivers/gpio/libdrivers__gpio.a(gpio_stm32.c.obj)
 .z_init_PRE_KERNEL_155_00039_
                0x0000000008002f24        0x8 drivers/serial/libdrivers__serial.a(uart_stm32.c.obj)
 .z_init_PRE_KERNEL_160_0_
                0x0000000008002f2c        0x8 drivers/console/libdrivers__console.a(uart_console.c.obj)
                0x0000000008002f34                __init_PRE_KERNEL_2_start = .
 *(SORT_BY_NAME(SORT_BY_ALIGNMENT(.z_init_PRE_KERNEL_2?_*)))
 .z_init_PRE_KERNEL_20_0_
                0x0000000008002f34        0x8 drivers/timer/libdrivers__timer.a(cortex_m_systick.c.obj)
 *(SORT_BY_NAME(SORT_BY_ALIGNMENT(.z_init_PRE_KERNEL_2??_*)))
                0x0000000008002f3c                __init_POST_KERNEL_start = .
 *(SORT_BY_NAME(SORT_BY_ALIGNMENT(.z_init_POST_KERNEL?_*)))
 *(SORT_BY_NAME(SORT_BY_ALIGNMENT(.z_init_POST_KERNEL??_*)))
                0x0000000008002f3c                __init_APPLICATION_start = .
 *(SORT_BY_NAME(SORT_BY_ALIGNMENT(.z_init_APPLICATION?_*)))
 *(SORT_BY_NAME(SORT_BY_ALIGNMENT(.z_init_APPLICATION??_*)))
                0x0000000008002f3c                __init_SMP_start = .
 *(SORT_BY_NAME(SORT_BY_ALIGNMENT(.z_init_SMP?_*)))
 *(SORT_BY_NAME(SORT_BY_ALIGNMENT(.z_init_SMP??_*)))
                0x0000000008002f3c                __init_end = .

device_area     0x0000000008002f3c       0xb4
                0x0000000008002f3c                _device_list_start = .
 *(SORT_BY_NAME(SORT_BY_ALIGNMENT(._device.static.*_?_*)))
 ._device.static.1_1_
                0x0000000008002f3c       0x14 drivers/clock_control/libdrivers__clock_control.a(clock_stm32_ll_common.c.obj)
                0x0000000008002f3c                __device_dts_ord_8
 *(SORT_BY_NAME(SORT_BY_ALIGNMENT(._device.static.*_??_*)))
 ._device.static.1_35_
                0x0000000008002f50       0x14 drivers/reset/libdrivers__reset.a(reset_stm32.c.obj)
                0x0000000008002f50                __device_dts_ord_32
 ._device.static.1_40_
                0x0000000008002f64       0x14 drivers/interrupt_controller/libdrivers__interrupt_controller.a(intc_exti_stm32.c.obj)
                0x0000000008002f64                __device_dts_ord_28
 ._device.static.1_40_
                0x0000000008002f78       0x64 drivers/gpio/libdrivers__gpio.a(gpio_stm32.c.obj)
                0x0000000008002f78                __device_dts_ord_62
                0x0000000008002f8c                __device_dts_ord_61
                0x0000000008002fa0                __device_dts_ord_60
                0x0000000008002fb4                __device_dts_ord_59
                0x0000000008002fc8                __device_dts_ord_20
 ._device.static.1_55_
                0x0000000008002fdc       0x14 drivers/serial/libdrivers__serial.a(uart_stm32.c.obj)
                0x0000000008002fdc                __device_dts_ord_39
                0x0000000008002ff0                _device_list_end = .

sw_isr_table    0x0000000008002ff0      0x158
                0x0000000008002ff0                . = ALIGN (0x4)
 *(SORT_BY_ALIGNMENT(.gnu.linkonce.sw_isr_table*))
 .gnu.linkonce.sw_isr_table
                0x0000000008002ff0      0x158 CMakeFiles/zephyr_final.dir/isr_tables.c.obj
                0x0000000008002ff0                _sw_isr_table

initlevel_error
                0x0000000008002ecc        0x0
 *(SORT_BY_NAME(SORT_BY_ALIGNMENT(.z_init_[_A-Z0-9]*)))
                0x0000000000000001                ASSERT ((SIZEOF (initlevel_error) == 0x0), Undefined initialization levels used.)

app_shmem_regions
                0x0000000008003148        0x0
                0x0000000008003148                __app_shmem_regions_start = .
 *(SORT_BY_NAME(SORT_BY_ALIGNMENT(.app_regions.*)))
                0x0000000008003148                __app_shmem_regions_end = .

k_p4wq_initparam_area
                0x0000000008003148        0x0
                0x0000000008003148                _k_p4wq_initparam_list_start = .
 *(SORT_BY_NAME(SORT_BY_ALIGNMENT(._k_p4wq_initparam.static.*)))
                0x0000000008003148                _k_p4wq_initparam_list_end = .

_static_thread_data_area
                0x0000000008003148        0x0
                0x0000000008003148                __static_thread_data_list_start = .
 *(SORT_BY_NAME(SORT_BY_ALIGNMENT(.__static_thread_data.static.*)))
                0x0000000008003148                __static_thread_data_list_end = .

device_deps     0x0000000008003148        0x0
                0x0000000008003148                __device_deps_start = .
 *(SORT_BY_NAME(SORT_BY_ALIGNMENT(.__device_deps_pass2*)))
                0x0000000008003148                __device_deps_end = .

ztest           0x0000000008003148        0x0
                0x0000000008003148                _ztest_expected_result_entry_list_start = .
 *(SORT_BY_NAME(SORT_BY_ALIGNMENT(._ztest_expected_result_entry.static.*)))
                0x0000000008003148                _ztest_expected_result_entry_list_end = .
                0x0000000008003148                _ztest_suite_node_list_start = .
 *(SORT_BY_NAME(SORT_BY_ALIGNMENT(._ztest_suite_node.static.*)))
                0x0000000008003148                _ztest_suite_node_list_end = .
                0x0000000008003148                _ztest_unit_test_list_start = .
 *(SORT_BY_NAME(SORT_BY_ALIGNMENT(._ztest_unit_test.static.*)))
                0x0000000008003148                _ztest_unit_test_list_end = .
                0x0000000008003148                _ztest_test_rule_list_start = .
 *(SORT_BY_NAME(SORT_BY_ALIGNMENT(._ztest_test_rule.static.*)))
                0x0000000008003148                _ztest_test_rule_list_end = .

bt_l2cap_fixed_chan_area
                0x0000000008003148        0x0
                0x0000000008003148                _bt_l2cap_fixed_chan_list_start = .
 *(SORT_BY_NAME(SORT_BY_ALIGNMENT(._bt_l2cap_fixed_chan.static.*)))
                0x0000000008003148                _bt_l2cap_fixed_chan_list_end = .

bt_gatt_service_static_area
                0x0000000008003148        0x0
                0x0000000008003148                _bt_gatt_service_static_list_start = .
 *(SORT_BY_NAME(SORT_BY_ALIGNMENT(._bt_gatt_service_static.static.*)))
                0x0000000008003148                _bt_gatt_service_static_list_end = .

log_strings_area
                0x0000000008003148        0x0
                0x0000000008003148                _log_strings_list_start = .
 *(SORT_BY_NAME(SORT_BY_ALIGNMENT(._log_strings.static.*)))
                0x0000000008003148                _log_strings_list_end = .

log_const_area  0x0000000008003148       0x18
                0x0000000008003148                _log_const_list_start = .
 *(SORT_BY_NAME(SORT_BY_ALIGNMENT(._log_const.static.*)))
 ._log_const.static.log_const_cbprintf_package_
                0x0000000008003148        0x8 libzephyr.a(cbprintf_packaged.c.obj)
                0x0000000008003148                log_const_cbprintf_package
 ._log_const.static.log_const_os_
                0x0000000008003150        0x8 kernel/libkernel.a(init.c.obj)
                0x0000000008003150                log_const_os
 ._log_const.static.log_const_uart_stm32_
                0x0000000008003158        0x8 drivers/serial/libdrivers__serial.a(uart_stm32.c.obj)
                0x0000000008003158                log_const_uart_stm32
                0x0000000008003160                _log_const_list_end = .

log_backend_area
                0x0000000008003160        0x0
                0x0000000008003160                _log_backend_list_start = .
 *(SORT_BY_NAME(SORT_BY_ALIGNMENT(._log_backend.static.*)))
                0x0000000008003160                _log_backend_list_end = .

log_link_area   0x0000000008003160        0x0
                0x0000000008003160                _log_link_list_start = .
 *(SORT_BY_NAME(SORT_BY_ALIGNMENT(._log_link.static.*)))
                0x0000000008003160                _log_link_list_end = .

tracing_backend_area
                0x0000000008003160        0x0
                0x0000000008003160                _tracing_backend_list_start = .
 *(SORT_BY_NAME(SORT_BY_ALIGNMENT(._tracing_backend.static.*)))
                0x0000000008003160                _tracing_backend_list_end = .

zephyr_dbg_info
 *(SORT_BY_ALIGNMENT(.dbg_thread_info))

symbol_to_keep  0x0000000008003160        0x0
                0x0000000008003160                __symbol_to_keep_start = .
 *(SORT_BY_NAME(SORT_BY_ALIGNMENT(.symbol_to_keep*)))
                0x0000000008003160                __symbol_to_keep_end = .

shell_area      0x0000000008003160        0x0
                0x0000000008003160                _shell_list_start = .
 *(SORT_BY_NAME(SORT_BY_ALIGNMENT(._shell.static.*)))
                0x0000000008003160                _shell_list_end = .

shell_root_cmds_area
                0x0000000008003160        0x0
                0x0000000008003160                _shell_root_cmds_list_start = .
 *(SORT_BY_NAME(SORT_BY_ALIGNMENT(._shell_root_cmds.static.*)))
                0x0000000008003160                _shell_root_cmds_list_end = .

shell_subcmds_area
                0x0000000008003160        0x0
                0x0000000008003160                _shell_subcmds_list_start = .
 *(SORT_BY_NAME(SORT_BY_ALIGNMENT(._shell_subcmds.static.*)))
                0x0000000008003160                _shell_subcmds_list_end = .

shell_dynamic_subcmds_area
                0x0000000008003160        0x0
                0x0000000008003160                _shell_dynamic_subcmds_list_start = .
 *(SORT_BY_NAME(SORT_BY_ALIGNMENT(._shell_dynamic_subcmds.static.*)))
                0x0000000008003160                _shell_dynamic_subcmds_list_end = .

cfb_font_area   0x0000000008003160        0x0
                0x0000000008003160                _cfb_font_list_start = .
 *(SORT_BY_NAME(SORT_BY_ALIGNMENT(._cfb_font.static.*)))
                0x0000000008003160                _cfb_font_list_end = .

rodata          0x0000000008003160      0x28c
 *(SORT_BY_ALIGNMENT(.rodata))
 *(SORT_BY_ALIGNMENT(.rodata.*))
 .rodata.gpio_stm32_cfg_e
                0x0000000008003160       0x14 drivers/gpio/libdrivers__gpio.a(gpio_stm32.c.obj)
 .rodata.gpio_stm32_cfg_d
                0x0000000008003174       0x14 drivers/gpio/libdrivers__gpio.a(gpio_stm32.c.obj)
 .rodata.gpio_stm32_cfg_c
                0x0000000008003188       0x14 drivers/gpio/libdrivers__gpio.a(gpio_stm32.c.obj)
 .rodata.gpio_stm32_cfg_b
                0x000000000800319c       0x14 drivers/gpio/libdrivers__gpio.a(gpio_stm32.c.obj)
 .rodata.gpio_stm32_cfg_a
                0x00000000080031b0       0x14 drivers/gpio/libdrivers__gpio.a(gpio_stm32.c.obj)
 .rodata.gpio_stm32_driver
                0x00000000080031c4       0x24 drivers/gpio/libdrivers__gpio.a(gpio_stm32.c.obj)
 .rodata.gpio_ports
                0x00000000080031e8       0x2c drivers/pinctrl/libdrivers__pinctrl.a(pinctrl_stm32.c.obj)
 .rodata.reset_stm32_config
                0x0000000008003214        0x4 drivers/reset/libdrivers__reset.a(reset_stm32.c.obj)
 .rodata.reset_stm32_driver_api
                0x0000000008003218       0x10 drivers/reset/libdrivers__reset.a(reset_stm32.c.obj)
 .rodata.uart_stm32_cfg_0
                0x0000000008003228       0x20 drivers/serial/libdrivers__serial.a(uart_stm32.c.obj)
 .rodata.pclken_0
                0x0000000008003248        0x8 drivers/serial/libdrivers__serial.a(uart_stm32.c.obj)
 .rodata.__pinctrl_dev_config__device_dts_ord_39
                0x0000000008003250        0x8 drivers/serial/libdrivers__serial.a(uart_stm32.c.obj)
 .rodata.__pinctrl_states__device_dts_ord_39
                0x0000000008003258        0x8 drivers/serial/libdrivers__serial.a(uart_stm32.c.obj)
 .rodata.__pinctrl_state_pins_0__device_dts_ord_39
                0x0000000008003260       0x10 drivers/serial/libdrivers__serial.a(uart_stm32.c.obj)
 .rodata.uart_stm32_driver_api
                0x0000000008003270       0x14 drivers/serial/libdrivers__serial.a(uart_stm32.c.obj)
 .rodata._k_neg_eagain
                0x0000000008003284        0x4 kernel/libkernel.a(errno.c.obj)
                0x0000000008003284                _k_neg_eagain
 .rodata.levels.0
                0x0000000008003288       0x18 kernel/libkernel.a(init.c.obj)
 .rodata.CSWTCH.705
                0x00000000080032a0        0x6 drivers/serial/libdrivers__serial.a(uart_stm32.c.obj)
 .rodata.main.str1.1
                0x00000000080032a6       0x17 ../app/libapp.a(main.c.obj)
 .rodata.str1.1
                0x00000000080032bd       0x11 libzephyr.a(cbprintf_packaged.c.obj)
 .rodata.z_cbvprintf_impl.str1.1
                0x00000000080032ce        0x6 libzephyr.a(cbprintf_complete.c.obj)
 .rodata.line_range_6.0
                0x00000000080032d4        0x2 drivers/interrupt_controller/libdrivers__interrupt_controller.a(intc_exti_stm32.c.obj)
 .rodata.line_range_5.1
                0x00000000080032d6        0x2 drivers/interrupt_controller/libdrivers__interrupt_controller.a(intc_exti_stm32.c.obj)
 .rodata.line_range_4.2
                0x00000000080032d8        0x2 drivers/interrupt_controller/libdrivers__interrupt_controller.a(intc_exti_stm32.c.obj)
 .rodata.line_range_3.3
                0x00000000080032da        0x2 drivers/interrupt_controller/libdrivers__interrupt_controller.a(intc_exti_stm32.c.obj)
 .rodata.line_range_2.4
                0x00000000080032dc        0x2 drivers/interrupt_controller/libdrivers__interrupt_controller.a(intc_exti_stm32.c.obj)
 .rodata.line_range_1.5
                0x00000000080032de        0x2 drivers/interrupt_controller/libdrivers__interrupt_controller.a(intc_exti_stm32.c.obj)
 .rodata.line_range_0.6
                0x00000000080032e0        0x2 drivers/interrupt_controller/libdrivers__interrupt_controller.a(intc_exti_stm32.c.obj)
 .rodata.str1.1
                0x00000000080032e2       0x1e drivers/interrupt_controller/libdrivers__interrupt_controller.a(intc_exti_stm32.c.obj)
 .rodata.str1.1
                0x0000000008003300        0xd drivers/clock_control/libdrivers__clock_control.a(clock_stm32_ll_common.c.obj)
 .rodata.str1.1
                0x000000000800330d       0x46 drivers/gpio/libdrivers__gpio.a(gpio_stm32.c.obj)
 .rodata.str1.1
                0x0000000008003353       0x11 drivers/reset/libdrivers__reset.a(reset_stm32.c.obj)
 .rodata.str1.1
                0x0000000008003364       0x1b drivers/serial/libdrivers__serial.a(uart_stm32.c.obj)
 .rodata.AHBPrescTable
                0x000000000800337f       0x10 ../modules/stm32/stm32cube/lib..__modules__hal__stm32__stm32cube.a(system_stm32f1xx.c.obj)
                0x000000000800337f                AHBPrescTable
 .rodata.HAL_RCC_GetSysClockFreq.str1.1
                0x000000000800338f       0x11 ../modules/stm32/stm32cube/lib..__modules__hal__stm32__stm32cube.a(stm32f1xx_hal_rcc.c.obj)
 .rodata.z_cstart.str1.1
                0x00000000080033a0        0x5 kernel/libkernel.a(init.c.obj)
 .rodata.str1.1
                0x00000000080033a5        0x3 kernel/libkernel.a(init.c.obj)
 .rodata.boot_banner.str1.1
                0x00000000080033a8       0x42 kernel/libkernel.a(banner.c.obj)
 *(SORT_BY_ALIGNMENT(.gnu.linkonce.r.*))
                0x00000000080033ec                . = ALIGN (0x4)
 *fill*         0x00000000080033ea        0x2 
                0x00000000080033ec                __rodata_region_end = .
                0x00000000080033ec                . = ALIGN (_region_min_align)
                0x00000000080033ec                __rom_region_end = ((__rom_region_start + .) - ADDR (rom_start))

/DISCARD/
 *(SORT_BY_ALIGNMENT(.got.plt))
 *(SORT_BY_ALIGNMENT(.igot.plt))
 *(SORT_BY_ALIGNMENT(.got))
 *(SORT_BY_ALIGNMENT(.igot))
                0x0000000020000000                . = 0x20000000
                0x0000000020000000                . = ALIGN (_region_min_align)
                0x0000000020000000                _image_ram_start = .

.ramfunc        0x0000000020000000        0x0 load address 0x00000000080033ec
                0x0000000020000000                . = ALIGN (_region_min_align)
                0x0000000020000000                __ramfunc_start = .
 *(SORT_BY_ALIGNMENT(.ramfunc))
 *(SORT_BY_ALIGNMENT(.ramfunc.*))
                0x0000000020000000                . = ALIGN (_region_min_align)
                0x0000000020000000                __ramfunc_end = .
                0x0000000000000000                __ramfunc_size = (__ramfunc_end - __ramfunc_start)
                0x00000000080033ec                __ramfunc_load_start = LOADADDR (.ramfunc)

datas           0x0000000020000000       0x50 load address 0x00000000080033ec
                0x0000000020000000                __data_region_start = .
                0x0000000020000000                __data_start = .
 *(SORT_BY_ALIGNMENT(.data))
 *(SORT_BY_ALIGNMENT(.data.*))
 .data._char_out
                0x0000000020000000        0x4 libzephyr.a(printk.c.obj)
                0x0000000020000000                _char_out
 .data._stdout_hook
                0x0000000020000004        0x4 lib/libc/minimal/liblib__libc__minimal.a(stdout_console.c.obj)
 .data.stm32_clock_control_api
                0x0000000020000008       0x1c drivers/clock_control/libdrivers__clock_control.a(clock_stm32_ll_common.c.obj)
 .data.uart_stm32_data_0
                0x0000000020000024       0x10 drivers/serial/libdrivers__serial.a(uart_stm32.c.obj)
 .data.SystemCoreClock
                0x0000000020000034        0x4 ../modules/stm32/stm32cube/lib..__modules__hal__stm32__stm32cube.a(system_stm32f1xx.c.obj)
                0x0000000020000034                SystemCoreClock
 .data.timeout_list
                0x0000000020000038        0x8 kernel/libkernel.a(timeout.c.obj)
 .data.exti_irq_table
                0x0000000020000040       0x10 drivers/interrupt_controller/libdrivers__interrupt_controller.a(intc_exti_stm32.c.obj)
 *(SORT_BY_ALIGNMENT(.kernel.*))
                0x0000000020000050                __data_end = .
                0x0000000000000050                __data_size = (__data_end - __data_start)
                0x00000000080033ec                __data_load_start = LOADADDR (datas)
                0x00000000080033ec                __data_region_load_start = LOADADDR (datas)

device_states   0x0000000020000050       0x12 load address 0x000000000800343c
                0x0000000020000050                __device_states_start = .
 *(SORT_BY_ALIGNMENT(.z_devstate))
 .z_devstate    0x0000000020000050        0x2 drivers/interrupt_controller/libdrivers__interrupt_controller.a(intc_exti_stm32.c.obj)
 .z_devstate    0x0000000020000052        0x2 drivers/clock_control/libdrivers__clock_control.a(clock_stm32_ll_common.c.obj)
 .z_devstate    0x0000000020000054        0xa drivers/gpio/libdrivers__gpio.a(gpio_stm32.c.obj)
 .z_devstate    0x000000002000005e        0x2 drivers/reset/libdrivers__reset.a(reset_stm32.c.obj)
 .z_devstate    0x0000000020000060        0x2 drivers/serial/libdrivers__serial.a(uart_stm32.c.obj)
 *(SORT_BY_ALIGNMENT(.z_devstate.*))
                0x0000000020000062                __device_states_end = .

log_mpsc_pbuf_area
                0x0000000020000062        0x0 load address 0x000000000800344e
                0x0000000020000062                _log_mpsc_pbuf_list_start = .
 *(SORT_BY_NAME(SORT_BY_ALIGNMENT(._log_mpsc_pbuf.static.*)))
                0x0000000020000062                _log_mpsc_pbuf_list_end = .

log_msg_ptr_area
                0x0000000020000062        0x0 load address 0x000000000800344e
                0x0000000020000062                _log_msg_ptr_list_start = .
 *(SORT_BY_NAME(SORT_BY_ALIGNMENT(._log_msg_ptr.static.*)))
                0x0000000020000062                _log_msg_ptr_list_end = .

log_dynamic_area
                0x0000000020000062        0x0 load address 0x000000000800344e
                0x0000000020000062                _log_dynamic_list_start = .
 *(SORT_BY_NAME(SORT_BY_ALIGNMENT(._log_dynamic.static.*)))
                0x0000000020000062                _log_dynamic_list_end = .

k_timer_area    0x0000000020000062        0x0 load address 0x000000000800344e
                0x0000000020000062                _k_timer_list_start = .
 *(SORT_BY_NAME(SORT_BY_ALIGNMENT(._k_timer.static.*)))
                0x0000000020000062                _k_timer_list_end = .

k_mem_slab_area
                0x0000000020000062        0x0 load address 0x000000000800344e
                0x0000000020000062                _k_mem_slab_list_start = .
 *(SORT_BY_NAME(SORT_BY_ALIGNMENT(._k_mem_slab.static.*)))
                0x0000000020000062                _k_mem_slab_list_end = .

k_heap_area     0x0000000020000062        0x0 load address 0x000000000800344e
                0x0000000020000062                _k_heap_list_start = .
 *(SORT_BY_NAME(SORT_BY_ALIGNMENT(._k_heap.static.*)))
                0x0000000020000062                _k_heap_list_end = .

k_mutex_area    0x0000000020000062        0x0 load address 0x000000000800344e
                0x0000000020000062                _k_mutex_list_start = .
 *(SORT_BY_NAME(SORT_BY_ALIGNMENT(._k_mutex.static.*)))
                0x0000000020000062                _k_mutex_list_end = .

k_stack_area    0x0000000020000062        0x0 load address 0x000000000800344e
                0x0000000020000062                _k_stack_list_start = .
 *(SORT_BY_NAME(SORT_BY_ALIGNMENT(._k_stack.static.*)))
                0x0000000020000062                _k_stack_list_end = .

k_msgq_area     0x0000000020000062        0x0 load address 0x000000000800344e
                0x0000000020000062                _k_msgq_list_start = .
 *(SORT_BY_NAME(SORT_BY_ALIGNMENT(._k_msgq.static.*)))
                0x0000000020000062                _k_msgq_list_end = .

k_mbox_area     0x0000000020000062        0x0 load address 0x000000000800344e
                0x0000000020000062                _k_mbox_list_start = .
 *(SORT_BY_NAME(SORT_BY_ALIGNMENT(._k_mbox.static.*)))
                0x0000000020000062                _k_mbox_list_end = .

k_pipe_area     0x0000000020000062        0x0 load address 0x000000000800344e
                0x0000000020000062                _k_pipe_list_start = .
 *(SORT_BY_NAME(SORT_BY_ALIGNMENT(._k_pipe.static.*)))
                0x0000000020000062                _k_pipe_list_end = .

k_sem_area      0x0000000020000062        0x0 load address 0x000000000800344e
                0x0000000020000062                _k_sem_list_start = .
 *(SORT_BY_NAME(SORT_BY_ALIGNMENT(._k_sem.static.*)))
                0x0000000020000062                _k_sem_list_end = .

k_event_area    0x0000000020000062        0x0 load address 0x000000000800344e
                0x0000000020000062                _k_event_list_start = .
 *(SORT_BY_NAME(SORT_BY_ALIGNMENT(._k_event.static.*)))
                0x0000000020000062                _k_event_list_end = .

k_queue_area    0x0000000020000062        0x0 load address 0x000000000800344e
                0x0000000020000062                _k_queue_list_start = .
 *(SORT_BY_NAME(SORT_BY_ALIGNMENT(._k_queue.static.*)))
                0x0000000020000062                _k_queue_list_end = .

k_condvar_area  0x0000000020000062        0x0 load address 0x000000000800344e
                0x0000000020000062                _k_condvar_list_start = .
 *(SORT_BY_NAME(SORT_BY_ALIGNMENT(._k_condvar.static.*)))
                0x0000000020000062                _k_condvar_list_end = .

net_buf_pool_area
                0x0000000020000062        0x0 load address 0x000000000800344e
                0x0000000020000062                _net_buf_pool_list_start = .
 *(SORT_BY_NAME(SORT_BY_ALIGNMENT(._net_buf_pool.static.*)))
                0x0000000020000062                _net_buf_pool_list_end = .
                0x0000000020000062                __data_region_end = .

bss             0x0000000020000068      0x21e
                0x0000000020000068                . = ALIGN (0x4)
                0x0000000020000068                __bss_start = .
                0x0000000020000068                __kernel_ram_start = .
 *(SORT_BY_ALIGNMENT(.bss))
 *(SORT_BY_ALIGNMENT(.bss.*))
 .bss.announced_cycles
                0x0000000020000068        0x8 drivers/timer/libdrivers__timer.a(cortex_m_systick.c.obj)
 .bss.cycle_count
                0x0000000020000070        0x8 drivers/timer/libdrivers__timer.a(cortex_m_systick.c.obj)
 .bss.z_idle_threads
                0x0000000020000078       0x70 kernel/libkernel.a(init.c.obj)
                0x0000000020000078                z_idle_threads
 .bss.z_main_thread
                0x00000000200000e8       0x70 kernel/libkernel.a(init.c.obj)
                0x00000000200000e8                z_main_thread
 .bss.slice_timeouts
                0x0000000020000158       0x18 kernel/libkernel.a(sched.c.obj)
 .bss.curr_tick
                0x0000000020000170        0x8 kernel/libkernel.a(timeout.c.obj)
 .bss.exti_data
                0x0000000020000178       0x80 drivers/interrupt_controller/libdrivers__interrupt_controller.a(intc_exti_stm32.c.obj)
 .bss.gpio_stm32_data_e
                0x00000000200001f8       0x10 drivers/gpio/libdrivers__gpio.a(gpio_stm32.c.obj)
 .bss.gpio_stm32_data_d
                0x0000000020000208       0x10 drivers/gpio/libdrivers__gpio.a(gpio_stm32.c.obj)
 .bss.gpio_stm32_data_c
                0x0000000020000218       0x10 drivers/gpio/libdrivers__gpio.a(gpio_stm32.c.obj)
 .bss.gpio_stm32_data_b
                0x0000000020000228       0x10 drivers/gpio/libdrivers__gpio.a(gpio_stm32.c.obj)
 .bss.gpio_stm32_data_a
                0x0000000020000238       0x10 drivers/gpio/libdrivers__gpio.a(gpio_stm32.c.obj)
 .bss.overflow_cyc
                0x0000000020000248        0x4 drivers/timer/libdrivers__timer.a(cortex_m_systick.c.obj)
 .bss.last_load
                0x000000002000024c        0x4 drivers/timer/libdrivers__timer.a(cortex_m_systick.c.obj)
 .bss._cpus_active
                0x0000000020000250        0x4 kernel/libkernel.a(init.c.obj)
                0x0000000020000250                _cpus_active
 .bss._kernel   0x0000000020000254       0x20 kernel/libkernel.a(init.c.obj)
                0x0000000020000254                _kernel
 .bss.pending_current
                0x0000000020000274        0x4 kernel/libkernel.a(sched.c.obj)
 .bss.slice_max_prio
                0x0000000020000278        0x4 kernel/libkernel.a(sched.c.obj)
 .bss.slice_ticks
                0x000000002000027c        0x4 kernel/libkernel.a(sched.c.obj)
 .bss.announce_remaining
                0x0000000020000280        0x4 kernel/libkernel.a(timeout.c.obj)
 .bss.z_sys_post_kernel
                0x0000000020000284        0x1 kernel/libkernel.a(init.c.obj)
                0x0000000020000284                z_sys_post_kernel
 .bss.slice_expired
                0x0000000020000285        0x1 kernel/libkernel.a(sched.c.obj)
 .bss.sched_spinlock
                0x0000000020000286        0x0 kernel/libkernel.a(sched.c.obj)
                0x0000000020000286                sched_spinlock
 *(SORT_BY_ALIGNMENT(COMMON))
 *(SORT_BY_ALIGNMENT(.kernel_bss.*))
                0x0000000020000288                __bss_end = ALIGN (0x4)

noinit          0x0000000020000288      0xd00
 *(SORT_BY_ALIGNMENT(.noinit))
 *(SORT_BY_ALIGNMENT(.noinit.*))
 .noinit."WEST_TOPDIR/zephyr/kernel/init.c".2
                0x0000000020000288      0x800 kernel/libkernel.a(init.c.obj)
                0x0000000020000288                z_interrupt_stacks
 .noinit."WEST_TOPDIR/zephyr/kernel/init.c".1
                0x0000000020000a88      0x100 kernel/libkernel.a(init.c.obj)
 .noinit."WEST_TOPDIR/zephyr/kernel/init.c".0
                0x0000000020000b88      0x400 kernel/libkernel.a(init.c.obj)
                0x0000000020000b88                z_main_stack
 *(SORT_BY_ALIGNMENT(.kernel_noinit.*))
                0x0000000020005000                __kernel_ram_end = 0x20005000
                0x0000000000004f98                __kernel_ram_size = (__kernel_ram_end - __kernel_ram_start)

/DISCARD/
 *(SORT_BY_ALIGNMENT(.irq_info*))
 *(SORT_BY_ALIGNMENT(.intList*))

.last_ram_section
                0x0000000020000f88        0x0
                0x0000000020000f88                _image_ram_end = .
                0x0000000020000f88                _end = .
                0x0000000020000f88                z_mapped_end = .

.stab
 *(SORT_BY_ALIGNMENT(.stab))

.stabstr
 *(SORT_BY_ALIGNMENT(.stabstr))

.stab.excl
 *(SORT_BY_ALIGNMENT(.stab.excl))

.stab.exclstr
 *(SORT_BY_ALIGNMENT(.stab.exclstr))

.stab.index
 *(SORT_BY_ALIGNMENT(.stab.index))

.stab.indexstr
 *(SORT_BY_ALIGNMENT(.stab.indexstr))

.gnu.build.attributes
 *(SORT_BY_ALIGNMENT(.gnu.build.attributes) SORT_BY_ALIGNMENT(.gnu.build.attributes.*))

.comment        0x0000000000000000       0x20
 *(SORT_BY_ALIGNMENT(.comment))
 .comment       0x0000000000000000       0x20 CMakeFiles/zephyr_final.dir/isr_tables.c.obj
                                         0x21 (size before relaxing)
 .comment       0x0000000000000020       0x21 CMakeFiles/offsets.dir/arch/arm/core/offsets/offsets.c.obj
 .comment       0x0000000000000020       0x21 ../app/libapp.a(main.c.obj)
 .comment       0x0000000000000020       0x21 libzephyr.a(cbprintf_packaged.c.obj)
 .comment       0x0000000000000020       0x21 libzephyr.a(printk.c.obj)
 .comment       0x0000000000000020       0x21 libzephyr.a(thread_entry.c.obj)
 .comment       0x0000000000000020       0x21 libzephyr.a(cbprintf_complete.c.obj)
 .comment       0x0000000000000020       0x21 libzephyr.a(configs.c.obj)
 .comment       0x0000000000000020       0x21 libzephyr.a(soc.c.obj)
 .comment       0x0000000000000020       0x21 libzephyr.a(soc_config.c.obj)
 .comment       0x0000000000000020       0x21 arch/arch/arm/core/aarch32/libarch__arm__core__aarch32.a(fatal.c.obj)
 .comment       0x0000000000000020       0x21 arch/arch/arm/core/aarch32/libarch__arm__core__aarch32.a(irq_manage.c.obj)
 .comment       0x0000000000000020       0x21 arch/arch/arm/core/aarch32/libarch__arm__core__aarch32.a(nmi.c.obj)
 .comment       0x0000000000000020       0x21 arch/arch/arm/core/aarch32/libarch__arm__core__aarch32.a(prep_c.c.obj)
 .comment       0x0000000000000020       0x21 arch/arch/arm/core/aarch32/libarch__arm__core__aarch32.a(swap.c.obj)
 .comment       0x0000000000000020       0x21 arch/arch/arm/core/aarch32/libarch__arm__core__aarch32.a(thread.c.obj)
 .comment       0x0000000000000020       0x21 arch/arch/arm/core/aarch32/cortex_m/libarch__arm__core__aarch32__cortex_m.a(fault.c.obj)
 .comment       0x0000000000000020       0x21 arch/arch/arm/core/aarch32/cortex_m/libarch__arm__core__aarch32__cortex_m.a(irq_init.c.obj)
 .comment       0x0000000000000020       0x21 arch/arch/arm/core/aarch32/cortex_m/libarch__arm__core__aarch32__cortex_m.a(thread_abort.c.obj)
 .comment       0x0000000000000020       0x21 lib/libc/minimal/liblib__libc__minimal.a(string.c.obj)
 .comment       0x0000000000000020       0x21 lib/libc/minimal/liblib__libc__minimal.a(stdout_console.c.obj)
 .comment       0x0000000000000020       0x21 lib/libc/common/liblib__libc__common.a(strnlen.c.obj)
 .comment       0x0000000000000020       0x21 drivers/interrupt_controller/libdrivers__interrupt_controller.a(intc_exti_stm32.c.obj)
 .comment       0x0000000000000020       0x21 drivers/clock_control/libdrivers__clock_control.a(clock_stm32_ll_common.c.obj)
 .comment       0x0000000000000020       0x21 drivers/clock_control/libdrivers__clock_control.a(clock_stm32f1.c.obj)
 .comment       0x0000000000000020       0x21 drivers/console/libdrivers__console.a(uart_console.c.obj)
 .comment       0x0000000000000020       0x21 drivers/gpio/libdrivers__gpio.a(gpio_stm32.c.obj)
 .comment       0x0000000000000020       0x21 drivers/pinctrl/libdrivers__pinctrl.a(common.c.obj)
 .comment       0x0000000000000020       0x21 drivers/pinctrl/libdrivers__pinctrl.a(pinctrl_stm32.c.obj)
 .comment       0x0000000000000020       0x21 drivers/reset/libdrivers__reset.a(reset_stm32.c.obj)
 .comment       0x0000000000000020       0x21 drivers/serial/libdrivers__serial.a(uart_stm32.c.obj)
 .comment       0x0000000000000020       0x21 drivers/timer/libdrivers__timer.a(cortex_m_systick.c.obj)
 .comment       0x0000000000000020       0x21 ../modules/stm32/stm32cube/lib..__modules__hal__stm32__stm32cube.a(system_stm32f1xx.c.obj)
 .comment       0x0000000000000020       0x21 ../modules/stm32/stm32cube/lib..__modules__hal__stm32__stm32cube.a(stm32f1xx_hal_rcc.c.obj)
 .comment       0x0000000000000020       0x21 ../modules/stm32/stm32cube/lib..__modules__hal__stm32__stm32cube.a(stm32f1xx_ll_utils.c.obj)
 .comment       0x0000000000000020       0x21 kernel/libkernel.a(device.c.obj)
 .comment       0x0000000000000020       0x21 kernel/libkernel.a(errno.c.obj)
 .comment       0x0000000000000020       0x21 kernel/libkernel.a(fatal.c.obj)
 .comment       0x0000000000000020       0x21 kernel/libkernel.a(init.c.obj)
 .comment       0x0000000000000020       0x21 kernel/libkernel.a(thread.c.obj)
 .comment       0x0000000000000020       0x21 kernel/libkernel.a(idle.c.obj)
 .comment       0x0000000000000020       0x21 kernel/libkernel.a(sched.c.obj)
 .comment       0x0000000000000020       0x21 kernel/libkernel.a(xip.c.obj)
 .comment       0x0000000000000020       0x21 kernel/libkernel.a(timeout.c.obj)
 .comment       0x0000000000000020       0x21 kernel/libkernel.a(banner.c.obj)

.debug
 *(SORT_BY_ALIGNMENT(.debug))

.line
 *(SORT_BY_ALIGNMENT(.line))

.debug_srcinfo
 *(SORT_BY_ALIGNMENT(.debug_srcinfo))

.debug_sfnames
 *(SORT_BY_ALIGNMENT(.debug_sfnames))

.debug_aranges  0x0000000000000000      0xdb8
 *(SORT_BY_ALIGNMENT(.debug_aranges))
 .debug_aranges
                0x0000000000000000       0x30 arch/arch/arm/core/aarch32/libarch__arm__core__aarch32.a(cpu_idle.S.obj)
 .debug_aranges
                0x0000000000000030       0x20 arch/arch/arm/core/aarch32/libarch__arm__core__aarch32.a(nmi_on_reset.S.obj)
 .debug_aranges
                0x0000000000000050       0x28 arch/arch/arm/core/aarch32/libarch__arm__core__aarch32.a(swap_helper.S.obj)
 .debug_aranges
                0x0000000000000078       0x20 arch/arch/arm/core/aarch32/libarch__arm__core__aarch32.a(isr_wrapper.S.obj)
 .debug_aranges
                0x0000000000000098       0x20 arch/arch/arm/core/aarch32/cortex_m/libarch__arm__core__aarch32__cortex_m.a(exc_exit.S.obj)
 .debug_aranges
                0x00000000000000b8       0x20 arch/arch/arm/core/aarch32/cortex_m/libarch__arm__core__aarch32__cortex_m.a(fault_s.S.obj)
 .debug_aranges
                0x00000000000000d8       0x20 arch/arch/arm/core/aarch32/cortex_m/libarch__arm__core__aarch32__cortex_m.a(reset.S.obj)
 .debug_aranges
                0x00000000000000f8       0x18 CMakeFiles/zephyr_final.dir/isr_tables.c.obj
 .debug_aranges
                0x0000000000000110       0x20 CMakeFiles/offsets.dir/arch/arm/core/offsets/offsets.c.obj
 .debug_aranges
                0x0000000000000130       0x20 ../app/libapp.a(main.c.obj)
 .debug_aranges
                0x0000000000000150       0x40 libzephyr.a(cbprintf_packaged.c.obj)
 .debug_aranges
                0x0000000000000190       0x68 libzephyr.a(printk.c.obj)
 .debug_aranges
                0x00000000000001f8       0x20 libzephyr.a(thread_entry.c.obj)
 .debug_aranges
                0x0000000000000218       0x30 libzephyr.a(cbprintf_complete.c.obj)
 .debug_aranges
                0x0000000000000248       0x20 libzephyr.a(configs.c.obj)
 .debug_aranges
                0x0000000000000268       0x20 libzephyr.a(soc.c.obj)
 .debug_aranges
                0x0000000000000288       0x20 libzephyr.a(soc_config.c.obj)
 .debug_aranges
                0x00000000000002a8       0x30 arch/arch/arm/core/aarch32/libarch__arm__core__aarch32.a(fatal.c.obj)
 .debug_aranges
                0x00000000000002d8       0x40 arch/arch/arm/core/aarch32/libarch__arm__core__aarch32.a(irq_manage.c.obj)
 .debug_aranges
                0x0000000000000318       0x20 arch/arch/arm/core/aarch32/libarch__arm__core__aarch32.a(nmi.c.obj)
 .debug_aranges
                0x0000000000000338       0x20 arch/arch/arm/core/aarch32/libarch__arm__core__aarch32.a(prep_c.c.obj)
 .debug_aranges
                0x0000000000000358       0x20 arch/arch/arm/core/aarch32/libarch__arm__core__aarch32.a(swap.c.obj)
 .debug_aranges
                0x0000000000000378       0x28 arch/arch/arm/core/aarch32/libarch__arm__core__aarch32.a(thread.c.obj)
 .debug_aranges
                0x00000000000003a0       0x40 arch/arch/arm/core/aarch32/cortex_m/libarch__arm__core__aarch32__cortex_m.a(fault.c.obj)
 .debug_aranges
                0x00000000000003e0       0x20 arch/arch/arm/core/aarch32/cortex_m/libarch__arm__core__aarch32__cortex_m.a(irq_init.c.obj)
 .debug_aranges
                0x0000000000000400       0x20 arch/arch/arm/core/aarch32/cortex_m/libarch__arm__core__aarch32__cortex_m.a(thread_abort.c.obj)
 .debug_aranges
                0x0000000000000420       0x90 lib/libc/minimal/liblib__libc__minimal.a(string.c.obj)
 .debug_aranges
                0x00000000000004b0       0x68 lib/libc/minimal/liblib__libc__minimal.a(stdout_console.c.obj)
 .debug_aranges
                0x0000000000000518       0x20 lib/libc/common/liblib__libc__common.a(strnlen.c.obj)
 .debug_aranges
                0x0000000000000538       0x58 drivers/interrupt_controller/libdrivers__interrupt_controller.a(intc_exti_stm32.c.obj)
 .debug_aranges
                0x0000000000000590       0x48 drivers/clock_control/libdrivers__clock_control.a(clock_stm32_ll_common.c.obj)
 .debug_aranges
                0x00000000000005d8       0x28 drivers/clock_control/libdrivers__clock_control.a(clock_stm32f1.c.obj)
 .debug_aranges
                0x0000000000000600       0x30 drivers/console/libdrivers__console.a(uart_console.c.obj)
 .debug_aranges
                0x0000000000000630       0x90 drivers/gpio/libdrivers__gpio.a(gpio_stm32.c.obj)
 .debug_aranges
                0x00000000000006c0       0x20 drivers/pinctrl/libdrivers__pinctrl.a(common.c.obj)
 .debug_aranges
                0x00000000000006e0       0x28 drivers/pinctrl/libdrivers__pinctrl.a(pinctrl_stm32.c.obj)
 .debug_aranges
                0x0000000000000708       0x38 drivers/reset/libdrivers__reset.a(reset_stm32.c.obj)
 .debug_aranges
                0x0000000000000740       0x58 drivers/serial/libdrivers__serial.a(uart_stm32.c.obj)
 .debug_aranges
                0x0000000000000798       0x60 drivers/timer/libdrivers__timer.a(cortex_m_systick.c.obj)
 .debug_aranges
                0x00000000000007f8       0x28 ../modules/stm32/stm32cube/lib..__modules__hal__stm32__stm32cube.a(system_stm32f1xx.c.obj)
 .debug_aranges
                0x0000000000000820       0x88 ../modules/stm32/stm32cube/lib..__modules__hal__stm32__stm32cube.a(stm32f1xx_hal_rcc.c.obj)
 .debug_aranges
                0x00000000000008a8       0x50 ../modules/stm32/stm32cube/lib..__modules__hal__stm32__stm32cube.a(stm32f1xx_ll_utils.c.obj)
 .debug_aranges
                0x00000000000008f8       0x38 kernel/libkernel.a(device.c.obj)
 .debug_aranges
                0x0000000000000930       0x20 kernel/libkernel.a(errno.c.obj)
 .debug_aranges
                0x0000000000000950       0x60 kernel/libkernel.a(fatal.c.obj)
 .debug_aranges
                0x00000000000009b0       0x50 kernel/libkernel.a(init.c.obj)
 .debug_aranges
                0x0000000000000a00       0xb8 kernel/libkernel.a(thread.c.obj)
 .debug_aranges
                0x0000000000000ab8       0x30 kernel/libkernel.a(idle.c.obj)
 .debug_aranges
                0x0000000000000ae8      0x200 kernel/libkernel.a(sched.c.obj)
 .debug_aranges
                0x0000000000000ce8       0x20 kernel/libkernel.a(xip.c.obj)
 .debug_aranges
                0x0000000000000d08       0x90 kernel/libkernel.a(timeout.c.obj)
 .debug_aranges
                0x0000000000000d98       0x20 kernel/libkernel.a(banner.c.obj)

.debug_pubnames
 *(SORT_BY_ALIGNMENT(.debug_pubnames))

.debug_info     0x0000000000000000    0x32f0d
 *(SORT_BY_ALIGNMENT(.debug_info) SORT_BY_ALIGNMENT(.gnu.linkonce.wi.*))
 .debug_info    0x0000000000000000      0x17d CMakeFiles/zephyr_final.dir/isr_tables.c.obj
 .debug_info    0x000000000000017d       0xdc CMakeFiles/offsets.dir/arch/arm/core/offsets/offsets.c.obj
 .debug_info    0x0000000000000259      0xbf3 ../app/libapp.a(main.c.obj)
 .debug_info    0x0000000000000e4c     0x1e0c libzephyr.a(cbprintf_packaged.c.obj)
 .debug_info    0x0000000000002c58      0x6de libzephyr.a(printk.c.obj)
 .debug_info    0x0000000000003336      0x5d2 libzephyr.a(thread_entry.c.obj)
 .debug_info    0x0000000000003908     0x1063 libzephyr.a(cbprintf_complete.c.obj)
 .debug_info    0x000000000000496b       0x38 libzephyr.a(configs.c.obj)
 .debug_info    0x00000000000049a3      0x1e9 libzephyr.a(soc.c.obj)
 .debug_info    0x0000000000004b8c      0x208 libzephyr.a(soc_config.c.obj)
 .debug_info    0x0000000000004d94       0x22 arch/arch/arm/core/aarch32/libarch__arm__core__aarch32.a(cpu_idle.S.obj)
 .debug_info    0x0000000000004db6     0x253e arch/arch/arm/core/aarch32/libarch__arm__core__aarch32.a(fatal.c.obj)
 .debug_info    0x00000000000072f4      0x8bd arch/arch/arm/core/aarch32/libarch__arm__core__aarch32.a(irq_manage.c.obj)
 .debug_info    0x0000000000007bb1       0xb6 arch/arch/arm/core/aarch32/libarch__arm__core__aarch32.a(nmi.c.obj)
 .debug_info    0x0000000000007c67       0x23 arch/arch/arm/core/aarch32/libarch__arm__core__aarch32.a(nmi_on_reset.S.obj)
 .debug_info    0x0000000000007c8a      0x3b6 arch/arch/arm/core/aarch32/libarch__arm__core__aarch32.a(prep_c.c.obj)
 .debug_info    0x0000000000008040      0x76e arch/arch/arm/core/aarch32/libarch__arm__core__aarch32.a(swap.c.obj)
 .debug_info    0x00000000000087ae       0x22 arch/arch/arm/core/aarch32/libarch__arm__core__aarch32.a(swap_helper.S.obj)
 .debug_info    0x00000000000087d0      0x7cc arch/arch/arm/core/aarch32/libarch__arm__core__aarch32.a(thread.c.obj)
 .debug_info    0x0000000000008f9c       0x23 arch/arch/arm/core/aarch32/libarch__arm__core__aarch32.a(isr_wrapper.S.obj)
 .debug_info    0x0000000000008fbf       0x23 arch/arch/arm/core/aarch32/cortex_m/libarch__arm__core__aarch32__cortex_m.a(exc_exit.S.obj)
 .debug_info    0x0000000000008fe2     0xb07d arch/arch/arm/core/aarch32/cortex_m/libarch__arm__core__aarch32__cortex_m.a(fault.c.obj)
 .debug_info    0x000000000001405f       0x23 arch/arch/arm/core/aarch32/cortex_m/libarch__arm__core__aarch32__cortex_m.a(fault_s.S.obj)
 .debug_info    0x0000000000014082      0x566 arch/arch/arm/core/aarch32/cortex_m/libarch__arm__core__aarch32__cortex_m.a(irq_init.c.obj)
 .debug_info    0x00000000000145e8       0x23 arch/arch/arm/core/aarch32/cortex_m/libarch__arm__core__aarch32__cortex_m.a(reset.S.obj)
 .debug_info    0x000000000001460b      0x7ae arch/arch/arm/core/aarch32/cortex_m/libarch__arm__core__aarch32__cortex_m.a(thread_abort.c.obj)
 .debug_info    0x0000000000014db9      0x6de lib/libc/minimal/liblib__libc__minimal.a(string.c.obj)
 .debug_info    0x0000000000015497      0x7f3 lib/libc/minimal/liblib__libc__minimal.a(stdout_console.c.obj)
 .debug_info    0x0000000000015c8a       0xd7 lib/libc/common/liblib__libc__common.a(strnlen.c.obj)
 .debug_info    0x0000000000015d61      0xea5 drivers/interrupt_controller/libdrivers__interrupt_controller.a(intc_exti_stm32.c.obj)
 .debug_info    0x0000000000016c06      0xf1c drivers/clock_control/libdrivers__clock_control.a(clock_stm32_ll_common.c.obj)
 .debug_info    0x0000000000017b22      0x223 drivers/clock_control/libdrivers__clock_control.a(clock_stm32f1.c.obj)
 .debug_info    0x0000000000017d45      0x7bf drivers/console/libdrivers__console.a(uart_console.c.obj)
 .debug_info    0x0000000000018504     0x2975 drivers/gpio/libdrivers__gpio.a(gpio_stm32.c.obj)
 .debug_info    0x000000000001ae79      0x19a drivers/pinctrl/libdrivers__pinctrl.a(common.c.obj)
 .debug_info    0x000000000001b013      0x795 drivers/pinctrl/libdrivers__pinctrl.a(pinctrl_stm32.c.obj)
 .debug_info    0x000000000001b7a8      0x618 drivers/reset/libdrivers__reset.a(reset_stm32.c.obj)
 .debug_info    0x000000000001bdc0     0x4f49 drivers/serial/libdrivers__serial.a(uart_stm32.c.obj)
 .debug_info    0x0000000000020d09      0xdc7 drivers/timer/libdrivers__timer.a(cortex_m_systick.c.obj)
 .debug_info    0x0000000000021ad0      0x229 ../modules/stm32/stm32cube/lib..__modules__hal__stm32__stm32cube.a(system_stm32f1xx.c.obj)
 .debug_info    0x0000000000021cf9      0xa55 ../modules/stm32/stm32cube/lib..__modules__hal__stm32__stm32cube.a(stm32f1xx_hal_rcc.c.obj)
 .debug_info    0x000000000002274e      0xb98 ../modules/stm32/stm32cube/lib..__modules__hal__stm32__stm32cube.a(stm32f1xx_ll_utils.c.obj)
 .debug_info    0x00000000000232e6      0x32b kernel/libkernel.a(device.c.obj)
 .debug_info    0x0000000000023611      0x621 kernel/libkernel.a(errno.c.obj)
 .debug_info    0x0000000000023c32     0x27a5 kernel/libkernel.a(fatal.c.obj)
 .debug_info    0x00000000000263d7     0x18e1 kernel/libkernel.a(init.c.obj)
 .debug_info    0x0000000000027cb8     0x26f7 kernel/libkernel.a(thread.c.obj)
 .debug_info    0x000000000002a3af      0x269 kernel/libkernel.a(idle.c.obj)
 .debug_info    0x000000000002a618     0x7129 kernel/libkernel.a(sched.c.obj)
 .debug_info    0x0000000000031741      0x136 kernel/libkernel.a(xip.c.obj)
 .debug_info    0x0000000000031877     0x15d1 kernel/libkernel.a(timeout.c.obj)
 .debug_info    0x0000000000032e48       0xc5 kernel/libkernel.a(banner.c.obj)

.debug_abbrev   0x0000000000000000     0x7c36
 *(SORT_BY_ALIGNMENT(.debug_abbrev))
 .debug_abbrev  0x0000000000000000      0x118 CMakeFiles/zephyr_final.dir/isr_tables.c.obj
 .debug_abbrev  0x0000000000000118       0x62 CMakeFiles/offsets.dir/arch/arm/core/offsets/offsets.c.obj
 .debug_abbrev  0x000000000000017a      0x359 ../app/libapp.a(main.c.obj)
 .debug_abbrev  0x00000000000004d3      0x4eb libzephyr.a(cbprintf_packaged.c.obj)
 .debug_abbrev  0x00000000000009be      0x322 libzephyr.a(printk.c.obj)
 .debug_abbrev  0x0000000000000ce0      0x23a libzephyr.a(thread_entry.c.obj)
 .debug_abbrev  0x0000000000000f1a      0x3f1 libzephyr.a(cbprintf_complete.c.obj)
 .debug_abbrev  0x000000000000130b       0x2e libzephyr.a(configs.c.obj)
 .debug_abbrev  0x0000000000001339      0x14e libzephyr.a(soc.c.obj)
 .debug_abbrev  0x0000000000001487      0x159 libzephyr.a(soc_config.c.obj)
 .debug_abbrev  0x00000000000015e0       0x12 arch/arch/arm/core/aarch32/libarch__arm__core__aarch32.a(cpu_idle.S.obj)
 .debug_abbrev  0x00000000000015f2      0x2c9 arch/arch/arm/core/aarch32/libarch__arm__core__aarch32.a(fatal.c.obj)
 .debug_abbrev  0x00000000000018bb      0x28c arch/arch/arm/core/aarch32/libarch__arm__core__aarch32.a(irq_manage.c.obj)
 .debug_abbrev  0x0000000000001b47       0x70 arch/arch/arm/core/aarch32/libarch__arm__core__aarch32.a(nmi.c.obj)
 .debug_abbrev  0x0000000000001bb7       0x14 arch/arch/arm/core/aarch32/libarch__arm__core__aarch32.a(nmi_on_reset.S.obj)
 .debug_abbrev  0x0000000000001bcb      0x17d arch/arch/arm/core/aarch32/libarch__arm__core__aarch32.a(prep_c.c.obj)
 .debug_abbrev  0x0000000000001d48      0x1d9 arch/arch/arm/core/aarch32/libarch__arm__core__aarch32.a(swap.c.obj)
 .debug_abbrev  0x0000000000001f21       0x12 arch/arch/arm/core/aarch32/libarch__arm__core__aarch32.a(swap_helper.S.obj)
 .debug_abbrev  0x0000000000001f33      0x207 arch/arch/arm/core/aarch32/libarch__arm__core__aarch32.a(thread.c.obj)
 .debug_abbrev  0x000000000000213a       0x14 arch/arch/arm/core/aarch32/libarch__arm__core__aarch32.a(isr_wrapper.S.obj)
 .debug_abbrev  0x000000000000214e       0x14 arch/arch/arm/core/aarch32/cortex_m/libarch__arm__core__aarch32__cortex_m.a(exc_exit.S.obj)
 .debug_abbrev  0x0000000000002162      0x45c arch/arch/arm/core/aarch32/cortex_m/libarch__arm__core__aarch32__cortex_m.a(fault.c.obj)
 .debug_abbrev  0x00000000000025be       0x14 arch/arch/arm/core/aarch32/cortex_m/libarch__arm__core__aarch32__cortex_m.a(fault_s.S.obj)
 .debug_abbrev  0x00000000000025d2      0x168 arch/arch/arm/core/aarch32/cortex_m/libarch__arm__core__aarch32__cortex_m.a(irq_init.c.obj)
 .debug_abbrev  0x000000000000273a       0x14 arch/arch/arm/core/aarch32/cortex_m/libarch__arm__core__aarch32__cortex_m.a(reset.S.obj)
 .debug_abbrev  0x000000000000274e      0x227 arch/arch/arm/core/aarch32/cortex_m/libarch__arm__core__aarch32__cortex_m.a(thread_abort.c.obj)
 .debug_abbrev  0x0000000000002975      0x171 lib/libc/minimal/liblib__libc__minimal.a(string.c.obj)
 .debug_abbrev  0x0000000000002ae6      0x2bc lib/libc/minimal/liblib__libc__minimal.a(stdout_console.c.obj)
 .debug_abbrev  0x0000000000002da2       0xa0 lib/libc/common/liblib__libc__common.a(strnlen.c.obj)
 .debug_abbrev  0x0000000000002e42      0x482 drivers/interrupt_controller/libdrivers__interrupt_controller.a(intc_exti_stm32.c.obj)
 .debug_abbrev  0x00000000000032c4      0x4c3 drivers/clock_control/libdrivers__clock_control.a(clock_stm32_ll_common.c.obj)
 .debug_abbrev  0x0000000000003787      0x145 drivers/clock_control/libdrivers__clock_control.a(clock_stm32f1.c.obj)
 .debug_abbrev  0x00000000000038cc      0x38c drivers/console/libdrivers__console.a(uart_console.c.obj)
 .debug_abbrev  0x0000000000003c58      0x581 drivers/gpio/libdrivers__gpio.a(gpio_stm32.c.obj)
 .debug_abbrev  0x00000000000041d9       0xd0 drivers/pinctrl/libdrivers__pinctrl.a(common.c.obj)
 .debug_abbrev  0x00000000000042a9      0x3ce drivers/pinctrl/libdrivers__pinctrl.a(pinctrl_stm32.c.obj)
 .debug_abbrev  0x0000000000004677      0x282 drivers/reset/libdrivers__reset.a(reset_stm32.c.obj)
 .debug_abbrev  0x00000000000048f9      0x54e drivers/serial/libdrivers__serial.a(uart_stm32.c.obj)
 .debug_abbrev  0x0000000000004e47      0x48c drivers/timer/libdrivers__timer.a(cortex_m_systick.c.obj)
 .debug_abbrev  0x00000000000052d3      0x13e ../modules/stm32/stm32cube/lib..__modules__hal__stm32__stm32cube.a(system_stm32f1xx.c.obj)
 .debug_abbrev  0x0000000000005411      0x2f2 ../modules/stm32/stm32cube/lib..__modules__hal__stm32__stm32cube.a(stm32f1xx_hal_rcc.c.obj)
 .debug_abbrev  0x0000000000005703      0x325 ../modules/stm32/stm32cube/lib..__modules__hal__stm32__stm32cube.a(stm32f1xx_ll_utils.c.obj)
 .debug_abbrev  0x0000000000005a28      0x1bc kernel/libkernel.a(device.c.obj)
 .debug_abbrev  0x0000000000005be4      0x191 kernel/libkernel.a(errno.c.obj)
 .debug_abbrev  0x0000000000005d75      0x424 kernel/libkernel.a(fatal.c.obj)
 .debug_abbrev  0x0000000000006199      0x678 kernel/libkernel.a(init.c.obj)
 .debug_abbrev  0x0000000000006811      0x5c9 kernel/libkernel.a(thread.c.obj)
 .debug_abbrev  0x0000000000006dda      0x18d kernel/libkernel.a(idle.c.obj)
 .debug_abbrev  0x0000000000006f67      0x6d6 kernel/libkernel.a(sched.c.obj)
 .debug_abbrev  0x000000000000763d       0xbe kernel/libkernel.a(xip.c.obj)
 .debug_abbrev  0x00000000000076fb      0x4ac kernel/libkernel.a(timeout.c.obj)
 .debug_abbrev  0x0000000000007ba7       0x8f kernel/libkernel.a(banner.c.obj)

.debug_line     0x0000000000000000    0x113ee
 *(SORT_BY_ALIGNMENT(.debug_line) SORT_BY_ALIGNMENT(.debug_line.*) SORT_BY_ALIGNMENT(.debug_line_end))
 .debug_line    0x0000000000000000       0xf9 CMakeFiles/zephyr_final.dir/isr_tables.c.obj
 .debug_line    0x00000000000000f9      0x12c CMakeFiles/offsets.dir/arch/arm/core/offsets/offsets.c.obj
 .debug_line    0x0000000000000225      0x41b ../app/libapp.a(main.c.obj)
 .debug_line    0x0000000000000640      0xfbd libzephyr.a(cbprintf_packaged.c.obj)
 .debug_line    0x00000000000015fd      0x427 libzephyr.a(printk.c.obj)
 .debug_line    0x0000000000001a24      0x2fc libzephyr.a(thread_entry.c.obj)
 .debug_line    0x0000000000001d20      0xc60 libzephyr.a(cbprintf_complete.c.obj)
 .debug_line    0x0000000000002980      0x198 libzephyr.a(configs.c.obj)
 .debug_line    0x0000000000002b18      0x164 libzephyr.a(soc.c.obj)
 .debug_line    0x0000000000002c7c      0x117 libzephyr.a(soc_config.c.obj)
 .debug_line    0x0000000000002d93       0xa5 arch/arch/arm/core/aarch32/libarch__arm__core__aarch32.a(cpu_idle.S.obj)
 .debug_line    0x0000000000002e38      0x2d0 arch/arch/arm/core/aarch32/libarch__arm__core__aarch32.a(fatal.c.obj)
 .debug_line    0x0000000000003108      0x32c arch/arch/arm/core/aarch32/libarch__arm__core__aarch32.a(irq_manage.c.obj)
 .debug_line    0x0000000000003434       0xc7 arch/arch/arm/core/aarch32/libarch__arm__core__aarch32.a(nmi.c.obj)
 .debug_line    0x00000000000034fb       0x75 arch/arch/arm/core/aarch32/libarch__arm__core__aarch32.a(nmi_on_reset.S.obj)
 .debug_line    0x0000000000003570      0x29d arch/arch/arm/core/aarch32/libarch__arm__core__aarch32.a(prep_c.c.obj)
 .debug_line    0x000000000000380d      0x32d arch/arch/arm/core/aarch32/libarch__arm__core__aarch32.a(swap.c.obj)
 .debug_line    0x0000000000003b3a       0xc6 arch/arch/arm/core/aarch32/libarch__arm__core__aarch32.a(swap_helper.S.obj)
 .debug_line    0x0000000000003c00      0x36a arch/arch/arm/core/aarch32/libarch__arm__core__aarch32.a(thread.c.obj)
 .debug_line    0x0000000000003f6a       0x8c arch/arch/arm/core/aarch32/libarch__arm__core__aarch32.a(isr_wrapper.S.obj)
 .debug_line    0x0000000000003ff6       0x88 arch/arch/arm/core/aarch32/cortex_m/libarch__arm__core__aarch32__cortex_m.a(exc_exit.S.obj)
 .debug_line    0x000000000000407e      0x7da arch/arch/arm/core/aarch32/cortex_m/libarch__arm__core__aarch32__cortex_m.a(fault.c.obj)
 .debug_line    0x0000000000004858       0x82 arch/arch/arm/core/aarch32/cortex_m/libarch__arm__core__aarch32__cortex_m.a(fault_s.S.obj)
 .debug_line    0x00000000000048da      0x1db arch/arch/arm/core/aarch32/cortex_m/libarch__arm__core__aarch32__cortex_m.a(irq_init.c.obj)
 .debug_line    0x0000000000004ab5       0x87 arch/arch/arm/core/aarch32/cortex_m/libarch__arm__core__aarch32__cortex_m.a(reset.S.obj)
 .debug_line    0x0000000000004b3c      0x3c7 arch/arch/arm/core/aarch32/cortex_m/libarch__arm__core__aarch32__cortex_m.a(thread_abort.c.obj)
 .debug_line    0x0000000000004f03      0x516 lib/libc/minimal/liblib__libc__minimal.a(string.c.obj)
 .debug_line    0x0000000000005419      0x3be lib/libc/minimal/liblib__libc__minimal.a(stdout_console.c.obj)
 .debug_line    0x00000000000057d7      0x13d lib/libc/common/liblib__libc__common.a(strnlen.c.obj)
 .debug_line    0x0000000000005914      0x6c4 drivers/interrupt_controller/libdrivers__interrupt_controller.a(intc_exti_stm32.c.obj)
 .debug_line    0x0000000000005fd8      0x8f6 drivers/clock_control/libdrivers__clock_control.a(clock_stm32_ll_common.c.obj)
 .debug_line    0x00000000000068ce      0x1d6 drivers/clock_control/libdrivers__clock_control.a(clock_stm32f1.c.obj)
 .debug_line    0x0000000000006aa4      0x353 drivers/console/libdrivers__console.a(uart_console.c.obj)
 .debug_line    0x0000000000006df7      0xf7f drivers/gpio/libdrivers__gpio.a(gpio_stm32.c.obj)
 .debug_line    0x0000000000007d76      0x172 drivers/pinctrl/libdrivers__pinctrl.a(common.c.obj)
 .debug_line    0x0000000000007ee8      0x538 drivers/pinctrl/libdrivers__pinctrl.a(pinctrl_stm32.c.obj)
 .debug_line    0x0000000000008420      0x2e3 drivers/reset/libdrivers__reset.a(reset_stm32.c.obj)
 .debug_line    0x0000000000008703      0xee3 drivers/serial/libdrivers__serial.a(uart_stm32.c.obj)
 .debug_line    0x00000000000095e6      0x7d7 drivers/timer/libdrivers__timer.a(cortex_m_systick.c.obj)
 .debug_line    0x0000000000009dbd      0x199 ../modules/stm32/stm32cube/lib..__modules__hal__stm32__stm32cube.a(system_stm32f1xx.c.obj)
 .debug_line    0x0000000000009f56      0xb8c ../modules/stm32/stm32cube/lib..__modules__hal__stm32__stm32cube.a(stm32f1xx_hal_rcc.c.obj)
 .debug_line    0x000000000000aae2      0x7c3 ../modules/stm32/stm32cube/lib..__modules__hal__stm32__stm32cube.a(stm32f1xx_ll_utils.c.obj)
 .debug_line    0x000000000000b2a5      0x297 kernel/libkernel.a(device.c.obj)
 .debug_line    0x000000000000b53c      0x300 kernel/libkernel.a(errno.c.obj)
 .debug_line    0x000000000000b83c      0x561 kernel/libkernel.a(fatal.c.obj)
 .debug_line    0x000000000000bd9d      0x9df kernel/libkernel.a(init.c.obj)
 .debug_line    0x000000000000c77c      0xb15 kernel/libkernel.a(thread.c.obj)
 .debug_line    0x000000000000d291      0x297 kernel/libkernel.a(idle.c.obj)
 .debug_line    0x000000000000d528     0x2f55 kernel/libkernel.a(sched.c.obj)
 .debug_line    0x000000000001047d      0x1a2 kernel/libkernel.a(xip.c.obj)
 .debug_line    0x000000000001061f      0xd2e kernel/libkernel.a(timeout.c.obj)
 .debug_line    0x000000000001134d       0xa1 kernel/libkernel.a(banner.c.obj)

.debug_frame    0x0000000000000000     0x1c9c
 *(SORT_BY_ALIGNMENT(.debug_frame))
 .debug_frame   0x0000000000000000       0x20 CMakeFiles/offsets.dir/arch/arm/core/offsets/offsets.c.obj
 .debug_frame   0x0000000000000020       0x30 ../app/libapp.a(main.c.obj)
 .debug_frame   0x0000000000000050       0xec libzephyr.a(cbprintf_packaged.c.obj)
 .debug_frame   0x000000000000013c      0x118 libzephyr.a(printk.c.obj)
 .debug_frame   0x0000000000000254       0x28 libzephyr.a(thread_entry.c.obj)
 .debug_frame   0x000000000000027c       0x88 libzephyr.a(cbprintf_complete.c.obj)
 .debug_frame   0x0000000000000304       0x20 libzephyr.a(configs.c.obj)
 .debug_frame   0x0000000000000324       0x20 libzephyr.a(soc.c.obj)
 .debug_frame   0x0000000000000344       0x20 libzephyr.a(soc_config.c.obj)
 .debug_frame   0x0000000000000364       0x48 arch/arch/arm/core/aarch32/libarch__arm__core__aarch32.a(fatal.c.obj)
 .debug_frame   0x00000000000003ac       0x60 arch/arch/arm/core/aarch32/libarch__arm__core__aarch32.a(irq_manage.c.obj)
 .debug_frame   0x000000000000040c       0x2c arch/arch/arm/core/aarch32/libarch__arm__core__aarch32.a(nmi.c.obj)
 .debug_frame   0x0000000000000438       0x28 arch/arch/arm/core/aarch32/libarch__arm__core__aarch32.a(prep_c.c.obj)
 .debug_frame   0x0000000000000460       0x20 arch/arch/arm/core/aarch32/libarch__arm__core__aarch32.a(swap.c.obj)
 .debug_frame   0x0000000000000480       0x30 arch/arch/arm/core/aarch32/libarch__arm__core__aarch32.a(thread.c.obj)
 .debug_frame   0x00000000000004b0       0x84 arch/arch/arm/core/aarch32/cortex_m/libarch__arm__core__aarch32__cortex_m.a(fault.c.obj)
 .debug_frame   0x0000000000000534       0x20 arch/arch/arm/core/aarch32/cortex_m/libarch__arm__core__aarch32__cortex_m.a(irq_init.c.obj)
 .debug_frame   0x0000000000000554       0x20 arch/arch/arm/core/aarch32/cortex_m/libarch__arm__core__aarch32__cortex_m.a(thread_abort.c.obj)
 .debug_frame   0x0000000000000574      0x160 lib/libc/minimal/liblib__libc__minimal.a(string.c.obj)
 .debug_frame   0x00000000000006d4       0xd8 lib/libc/minimal/liblib__libc__minimal.a(stdout_console.c.obj)
 .debug_frame   0x00000000000007ac       0x20 lib/libc/common/liblib__libc__common.a(strnlen.c.obj)
 .debug_frame   0x00000000000007cc       0xc0 drivers/interrupt_controller/libdrivers__interrupt_controller.a(intc_exti_stm32.c.obj)
 .debug_frame   0x000000000000088c       0x84 drivers/clock_control/libdrivers__clock_control.a(clock_stm32_ll_common.c.obj)
 .debug_frame   0x0000000000000910       0x30 drivers/clock_control/libdrivers__clock_control.a(clock_stm32f1.c.obj)
 .debug_frame   0x0000000000000940       0x54 drivers/console/libdrivers__console.a(uart_console.c.obj)
 .debug_frame   0x0000000000000994      0x18c drivers/gpio/libdrivers__gpio.a(gpio_stm32.c.obj)
 .debug_frame   0x0000000000000b20       0x2c drivers/pinctrl/libdrivers__pinctrl.a(common.c.obj)
 .debug_frame   0x0000000000000b4c       0x54 drivers/pinctrl/libdrivers__pinctrl.a(pinctrl_stm32.c.obj)
 .debug_frame   0x0000000000000ba0       0x6c drivers/reset/libdrivers__reset.a(reset_stm32.c.obj)
 .debug_frame   0x0000000000000c0c       0xe0 drivers/serial/libdrivers__serial.a(uart_stm32.c.obj)
 .debug_frame   0x0000000000000cec       0xe4 drivers/timer/libdrivers__timer.a(cortex_m_systick.c.obj)
 .debug_frame   0x0000000000000dd0       0x30 ../modules/stm32/stm32cube/lib..__modules__hal__stm32__stm32cube.a(system_stm32f1xx.c.obj)
 .debug_frame   0x0000000000000e00      0x150 ../modules/stm32/stm32cube/lib..__modules__hal__stm32__stm32cube.a(stm32f1xx_hal_rcc.c.obj)
 .debug_frame   0x0000000000000f50       0xc8 ../modules/stm32/stm32cube/lib..__modules__hal__stm32__stm32cube.a(stm32f1xx_ll_utils.c.obj)
 .debug_frame   0x0000000000001018       0x5c kernel/libkernel.a(device.c.obj)
 .debug_frame   0x0000000000001074       0x20 kernel/libkernel.a(errno.c.obj)
 .debug_frame   0x0000000000001094       0xc8 kernel/libkernel.a(fatal.c.obj)
 .debug_frame   0x000000000000115c       0xbc kernel/libkernel.a(init.c.obj)
 .debug_frame   0x0000000000001218      0x1c4 kernel/libkernel.a(thread.c.obj)
 .debug_frame   0x00000000000013dc       0x48 kernel/libkernel.a(idle.c.obj)
 .debug_frame   0x0000000000001424      0x628 kernel/libkernel.a(sched.c.obj)
 .debug_frame   0x0000000000001a4c       0x2c kernel/libkernel.a(xip.c.obj)
 .debug_frame   0x0000000000001a78      0x1a4 kernel/libkernel.a(timeout.c.obj)
 .debug_frame   0x0000000000001c1c       0x20 kernel/libkernel.a(banner.c.obj)
 .debug_frame   0x0000000000001c3c       0x2c /home/hyc/zephyr-sdk-0.16.1/arm-zephyr-eabi/bin/../lib/gcc/arm-zephyr-eabi/12.2.0/thumb/v7-m/nofp/libgcc.a(_aeabi_uldivmod.o)
 .debug_frame   0x0000000000001c68       0x34 /home/hyc/zephyr-sdk-0.16.1/arm-zephyr-eabi/bin/../lib/gcc/arm-zephyr-eabi/12.2.0/thumb/v7-m/nofp/libgcc.a(_udivmoddi4.o)

.debug_str      0x0000000000000000     0x6fbd
 *(SORT_BY_ALIGNMENT(.debug_str))
 .debug_str     0x0000000000000000      0x2f5 CMakeFiles/zephyr_final.dir/isr_tables.c.obj
                                        0x32e (size before relaxing)
 .debug_str     0x00000000000002f5      0x146 CMakeFiles/offsets.dir/arch/arm/core/offsets/offsets.c.obj
                                        0x352 (size before relaxing)
 .debug_str     0x000000000000043b      0x511 ../app/libapp.a(main.c.obj)
                                        0x8c7 (size before relaxing)
 .debug_str     0x000000000000094c      0x6a4 libzephyr.a(cbprintf_packaged.c.obj)
                                        0xa53 (size before relaxing)
 .debug_str     0x0000000000000ff0       0xff libzephyr.a(printk.c.obj)
                                        0x5aa (size before relaxing)
 .debug_str     0x00000000000010ef      0x1e9 libzephyr.a(thread_entry.c.obj)
                                        0x4b9 (size before relaxing)
 .debug_str     0x00000000000012d8      0x366 libzephyr.a(cbprintf_complete.c.obj)
                                        0x63a (size before relaxing)