Archive member included to satisfy reference by file (symbol)

app/libapp.a(main.c.obj)      (--whole-archive)
zephyr/libzephyr.a(cbprintf_packaged.c.obj)
                              (--whole-archive)
zephyr/libzephyr.a(dec.c.obj)
                              (--whole-archive)
zephyr/libzephyr.a(fdtable.c.obj)
                              (--whole-archive)
zephyr/libzephyr.a(hex.c.obj)
                              (--whole-archive)
zephyr/libzephyr.a(printk.c.obj)
                              (--whole-archive)
zephyr/libzephyr.a(rb.c.obj)  (--whole-archive)
zephyr/libzephyr.a(sem.c.obj)
                              (--whole-archive)
zephyr/libzephyr.a(thread_entry.c.obj)
                              (--whole-archive)
zephyr/libzephyr.a(timeutil.c.obj)
                              (--whole-archive)
zephyr/libzephyr.a(heap.c.obj)
                              (--whole-archive)
zephyr/libzephyr.a(heap-validate.c.obj)
                              (--whole-archive)
zephyr/libzephyr.a(bitarray.c.obj)
                              (--whole-archive)
zephyr/libzephyr.a(multi_heap.c.obj)
                              (--whole-archive)
zephyr/libzephyr.a(crc32c_sw.c.obj)
                              (--whole-archive)
zephyr/libzephyr.a(crc32_sw.c.obj)
                              (--whole-archive)
zephyr/libzephyr.a(crc16_sw.c.obj)
                              (--whole-archive)
zephyr/libzephyr.a(crc8_sw.c.obj)
                              (--whole-archive)
zephyr/libzephyr.a(crc7_sw.c.obj)
                              (--whole-archive)
zephyr/libzephyr.a(cbprintf_complete.c.obj)
                              (--whole-archive)
zephyr/libzephyr.a(cbprintf.c.obj)
                              (--whole-archive)
zephyr/libzephyr.a(assert.c.obj)
                              (--whole-archive)
zephyr/libzephyr.a(configs.c.obj)
                              (--whole-archive)
zephyr/libzephyr.a(soc.c.obj)
                              (--whole-archive)
zephyr/libzephyr.a(stm32cube_hal.c.obj)
                              (--whole-archive)
zephyr/libzephyr.a(soc_config.c.obj)
                              (--whole-archive)
zephyr/libzephyr.a(tracing_none.c.obj)
                              (--whole-archive)
zephyr/arch/common/libarch__common.a(sw_isr_common.c.obj)
                              (--whole-archive)
zephyr/arch/arch/arm/core/aarch32/libarch__arm__core__aarch32.a(cpu_idle.S.obj)
                              (--whole-archive)
zephyr/arch/arch/arm/core/aarch32/libarch__arm__core__aarch32.a(fatal.c.obj)
                              (--whole-archive)
zephyr/arch/arch/arm/core/aarch32/libarch__arm__core__aarch32.a(irq_manage.c.obj)
                              (--whole-archive)
zephyr/arch/arch/arm/core/aarch32/libarch__arm__core__aarch32.a(nmi.c.obj)
                              (--whole-archive)
zephyr/arch/arch/arm/core/aarch32/libarch__arm__core__aarch32.a(nmi_on_reset.S.obj)
                              (--whole-archive)
zephyr/arch/arch/arm/core/aarch32/libarch__arm__core__aarch32.a(prep_c.c.obj)
                              (--whole-archive)
zephyr/arch/arch/arm/core/aarch32/libarch__arm__core__aarch32.a(swap.c.obj)
                              (--whole-archive)
zephyr/arch/arch/arm/core/aarch32/libarch__arm__core__aarch32.a(swap_helper.S.obj)
                              (--whole-archive)
zephyr/arch/arch/arm/core/aarch32/libarch__arm__core__aarch32.a(thread.c.obj)
                              (--whole-archive)
zephyr/arch/arch/arm/core/aarch32/libarch__arm__core__aarch32.a(isr_wrapper.S.obj)
                              (--whole-archive)
zephyr/arch/arch/arm/core/aarch32/cortex_m/libarch__arm__core__aarch32__cortex_m.a(exc_exit.S.obj)
                              (--whole-archive)
zephyr/arch/arch/arm/core/aarch32/cortex_m/libarch__arm__core__aarch32__cortex_m.a(fault.c.obj)
                              (--whole-archive)
zephyr/arch/arch/arm/core/aarch32/cortex_m/libarch__arm__core__aarch32__cortex_m.a(fault_s.S.obj)
                              (--whole-archive)
zephyr/arch/arch/arm/core/aarch32/cortex_m/libarch__arm__core__aarch32__cortex_m.a(fpu.c.obj)
                              (--whole-archive)
zephyr/arch/arch/arm/core/aarch32/cortex_m/libarch__arm__core__aarch32__cortex_m.a(irq_init.c.obj)
                              (--whole-archive)
zephyr/arch/arch/arm/core/aarch32/cortex_m/libarch__arm__core__aarch32__cortex_m.a(reset.S.obj)
                              (--whole-archive)
zephyr/arch/arch/arm/core/aarch32/cortex_m/libarch__arm__core__aarch32__cortex_m.a(scb.c.obj)
                              (--whole-archive)
zephyr/arch/arch/arm/core/aarch32/cortex_m/libarch__arm__core__aarch32__cortex_m.a(thread_abort.c.obj)
                              (--whole-archive)
zephyr/arch/arch/arm/core/aarch32/cortex_m/libarch__arm__core__aarch32__cortex_m.a(vector_table.S.obj)
                              (--whole-archive)
zephyr/lib/libc/minimal/liblib__libc__minimal.a(atoi.c.obj)
[...]
Memory Configuration

Name             Origin             Length             Attributes
FLASH            0x0000000008000000 0x0000000000010000 xr
RAM              0x0000000020000000 0x0000000000005000 xw
IDT_LIST         0x00000000fffff7ff 0x0000000000000800 xw
*default*        0x0000000000000000 0xffffffffffffffff

Linker script and memory map

LOAD zephyr/CMakeFiles/zephyr_final.dir/misc/empty_file.c.obj
LOAD zephyr/CMakeFiles/zephyr_final.dir/isr_tables.c.obj
LOAD zephyr/CMakeFiles/offsets.dir/./arch/arm/core/offsets/offsets.c.obj
LOAD app/libapp.a
LOAD zephyr/libzephyr.a
LOAD zephyr/arch/common/libarch__common.a
LOAD zephyr/arch/arch/arm/core/aarch32/libarch__arm__core__aarch32.a
LOAD zephyr/arch/arch/arm/core/aarch32/cortex_m/libarch__arm__core__aarch32__cortex_m.a
LOAD zephyr/lib/libc/minimal/liblib__libc__minimal.a
LOAD zephyr/lib/libc/common/liblib__libc__common.a
LOAD zephyr/drivers/interrupt_controller/libdrivers__interrupt_controller.a
LOAD zephyr/drivers/clock_control/libdrivers__clock_control.a
LOAD zephyr/drivers/console/libdrivers__console.a
LOAD zephyr/drivers/gpio/libdrivers__gpio.a
LOAD zephyr/drivers/pinctrl/libdrivers__pinctrl.a
LOAD zephyr/drivers/reset/libdrivers__reset.a
LOAD zephyr/drivers/serial/libdrivers__serial.a
LOAD zephyr/drivers/timer/libdrivers__timer.a
LOAD modules/stm32/stm32cube/lib..__modules__hal__stm32__stm32cube.a
LOAD zephyr/kernel/libkernel.a
LOAD /home/hyc/zephyr-sdk-0.16.1/arm-zephyr-eabi/bin/../lib/gcc/arm-zephyr-eabi/12.2.0/thumb/v7-m/nofp/libgcc.a
LOAD zephyr/arch/common/libisr_tables.a
                0x0000000000000004                _region_min_align = 0x4

.rel.plt        0x0000000008000000        0x0
 *(SORT_BY_ALIGNMENT(.rel.plt))
                [!provide]                        PROVIDE (__rel_iplt_start = .)
 *(SORT_BY_ALIGNMENT(.rel.iplt))
 .rel.iplt      0x0000000008000000        0x0 zephyr/CMakeFiles/zephyr_final.dir/isr_tables.c.obj
                [!provide]                        PROVIDE (__rel_iplt_end = .)

.rela.plt       0x0000000000000000        0x0
 *(SORT_BY_ALIGNMENT(.rela.plt))
                [!provide]                        PROVIDE (__rela_iplt_start = .)
 *(SORT_BY_ALIGNMENT(.rela.iplt))
                [!provide]                        PROVIDE (__rela_iplt_end = .)

.rel.dyn
 *(SORT_BY_ALIGNMENT(.rel.*))

.rela.dyn
 *(SORT_BY_ALIGNMENT(.rela.*))

/DISCARD/
 *(SORT_BY_ALIGNMENT(.plt))

/DISCARD/
 *(SORT_BY_ALIGNMENT(.iplt))
                0x0000000008000000                __rom_region_start = 0x8000000

rom_start       0x0000000008000000       0xec
                0x0000000008000000                __rom_start_address = .
                0x0000000008000000                . = (. + (0x0 - (. - __rom_start_address)))
                0x0000000008000000                . = ALIGN (0x4)
                0x0000000008000000                . = ALIGN (0x80)
                0x0000000008000000                . = ALIGN (0x100)
                0x0000000008000000                _vector_start = .
 *(SORT_BY_ALIGNMENT(.exc_vector_table))
 *(SORT_BY_ALIGNMENT(.exc_vector_table.*))
 .exc_vector_table._vector_table_section
                0x0000000008000000       0x40 zephyr/arch/arch/arm/core/aarch32/cortex_m/libarch__arm__core__aarch32__cortex_m.a(vector_table.S.obj)
                0x0000000008000000                _vector_table
 *(SORT_BY_ALIGNMENT(.vectors))
                0x00000000080000ec                _vector_end = .
                0x0000000008000040                . = ALIGN (0x4)
 *(SORT_BY_ALIGNMENT(.gnu.linkonce.irq_vector_table*))
 .gnu.linkonce.irq_vector_table
                0x0000000008000040       0xac zephyr/CMakeFiles/zephyr_final.dir/isr_tables.c.obj
                0x0000000008000040                _irq_vector_table
                0x00000000080000ec                _vector_end = .

text            0x00000000080000ec     0x2d9c
                0x00000000080000ec                __text_region_start = .
 *(SORT_BY_ALIGNMENT(.text))
 .text          0x00000000080000ec       0x30 /home/hyc/zephyr-sdk-0.16.1/arm-zephyr-eabi/bin/../lib/gcc/arm-zephyr-eabi/12.2.0/thumb/v7-m/nofp/libgcc.a(_aeabi_uldivmod.o)
                0x00000000080000ec                __aeabi_uldivmod
 .text          0x000000000800011c        0x4 /home/hyc/zephyr-sdk-0.16.1/arm-zephyr-eabi/bin/../lib/gcc/arm-zephyr-eabi/12.2.0/thumb/v7-m/nofp/libgcc.a(_dvmd_tls.o)
                0x000000000800011c                __aeabi_ldiv0
                0x000000000800011c                __aeabi_idiv0
 .text          0x0000000008000120      0x2a0 /home/hyc/zephyr-sdk-0.16.1/arm-zephyr-eabi/bin/../lib/gcc/arm-zephyr-eabi/12.2.0/thumb/v7-m/nofp/libgcc.a(_udivmoddi4.o)
                0x0000000008000120                __udivmoddi4
 *(SORT_BY_ALIGNMENT(.text.*))
 .text.main     0x00000000080003c0       0x30 app/libapp.a(main.c.obj)
                0x00000000080003c0                main
 .text.char_out
                0x00000000080003f0        0xc zephyr/libzephyr.a(printk.c.obj)
 .text.__printk_hook_install
                0x00000000080003fc        0xc zephyr/libzephyr.a(printk.c.obj)
                0x00000000080003fc                __printk_hook_install
 .text.vprintk  0x0000000008000408       0x1c zephyr/libzephyr.a(printk.c.obj)
                0x0000000008000408                vprintk
 .text.z_cbvprintf_impl
                0x0000000008000424      0x764 zephyr/libzephyr.a(cbprintf_complete.c.obj)
                0x0000000008000424                z_cbvprintf_impl
 .text.stm32f1_init
                0x0000000008000b88       0x14 zephyr/libzephyr.a(soc.c.obj)
 .text.z_arm_cpu_idle_init
                0x0000000008000b9c        0xc zephyr/arch/arch/arm/core/aarch32/libarch__arm__core__aarch32.a(cpu_idle.S.obj)
                0x0000000008000b9c                z_arm_cpu_idle_init
 .text.arch_cpu_idle
                0x0000000008000ba8       0x1c zephyr/arch/arch/arm/core/aarch32/libarch__arm__core__aarch32.a(cpu_idle.S.obj)
                0x0000000008000ba8                arch_cpu_idle
 .text.arch_irq_enable
                0x0000000008000bc4       0x1c zephyr/arch/arch/arm/core/aarch32/libarch__arm__core__aarch32.a(irq_manage.c.obj)
                0x0000000008000bc4                arch_irq_enable
 .text.z_arm_irq_priority_set
                0x0000000008000be0       0x2c zephyr/arch/arch/arm/core/aarch32/libarch__arm__core__aarch32.a(irq_manage.c.obj)
                0x0000000008000be0                z_arm_irq_priority_set
 .text.z_SysNmiOnReset
                0x0000000008000c0c        0x8 zephyr/arch/arch/arm/core/aarch32/libarch__arm__core__aarch32.a(nmi_on_reset.S.obj)
                0x0000000008000c0c                z_SysNmiOnReset
 .text.z_arm_prep_c
                0x0000000008000c14       0x30 zephyr/arch/arch/arm/core/aarch32/libarch__arm__core__aarch32.a(prep_c.c.obj)
                0x0000000008000c14                z_arm_prep_c
 .text.arch_swap
                0x0000000008000c44       0x34 zephyr/arch/arch/arm/core/aarch32/libarch__arm__core__aarch32.a(swap.c.obj)
                0x0000000008000c44                arch_swap
 .text.z_arm_pendsv
                0x0000000008000c78       0x48 zephyr/arch/arch/arm/core/aarch32/libarch__arm__core__aarch32.a(swap_helper.S.obj)
                0x0000000008000c78                z_arm_pendsv
 .text.z_arm_svc
                0x0000000008000cc0       0x20 zephyr/arch/arch/arm/core/aarch32/libarch__arm__core__aarch32.a(swap_helper.S.obj)
                0x0000000008000cc0                z_arm_svc
 .text.arch_new_thread
                0x0000000008000ce0       0x38 zephyr/arch/arch/arm/core/aarch32/libarch__arm__core__aarch32.a(thread.c.obj)
                0x0000000008000ce0                arch_new_thread
 .text.arch_switch_to_main_thread
                0x0000000008000d18       0x24 zephyr/arch/arch/arm/core/aarch32/libarch__arm__core__aarch32.a(thread.c.obj)
                0x0000000008000d18                arch_switch_to_main_thread
 .text._isr_wrapper
                0x0000000008000d3c       0x28 zephyr/arch/arch/arm/core/aarch32/libarch__arm__core__aarch32.a(isr_wrapper.S.obj)
                0x0000000008000d3c                _isr_wrapper
 .text._HandlerModeExit
                0x0000000008000d64       0x1c zephyr/arch/arch/arm/core/aarch32/cortex_m/libarch__arm__core__aarch32__cortex_m.a(exc_exit.S.obj)
                0x0000000008000d64                z_arm_exc_exit
                0x0000000008000d64                z_arm_int_exit
 .text.usage_fault.constprop.0
                0x0000000008000d80       0x54 zephyr/arch/arch/arm/core/aarch32/cortex_m/libarch__arm__core__aarch32__cortex_m.a(fault.c.obj)
 .text.bus_fault.constprop.0
                0x0000000008000dd4       0x60 zephyr/arch/arch/arm/core/aarch32/cortex_m/libarch__arm__core__aarch32__cortex_m.a(fault.c.obj)
 .text.mem_manage_fault.constprop.0
                0x0000000008000e34       0x5c zephyr/arch/arch/arm/core/aarch32/cortex_m/libarch__arm__core__aarch32__cortex_m.a(fault.c.obj)
 .text.z_arm_fault
                0x0000000008000e90      0x118 zephyr/arch/arch/arm/core/aarch32/cortex_m/libarch__arm__core__aarch32__cortex_m.a(fault.c.obj)
                0x0000000008000e90                z_arm_fault
 .text.z_arm_fault_init
                0x0000000008000fa8       0x10 zephyr/arch/arch/arm/core/aarch32/cortex_m/libarch__arm__core__aarch32__cortex_m.a(fault.c.obj)
                0x0000000008000fa8                z_arm_fault_init
 .text.__fault  0x0000000008000fb8       0x14 zephyr/arch/arch/arm/core/aarch32/cortex_m/libarch__arm__core__aarch32__cortex_m.a(fault_s.S.obj)
                0x0000000008000fb8                z_arm_bus_fault
                0x0000000008000fb8                z_arm_usage_fault
                0x0000000008000fb8                z_arm_mpu_fault
                0x0000000008000fb8                z_arm_exc_spurious
                0x0000000008000fb8                z_arm_debug_monitor
                0x0000000008000fb8                z_arm_hard_fault
 .text.z_arm_interrupt_init
                0x0000000008000fcc       0x18 zephyr/arch/arch/arm/core/aarch32/cortex_m/libarch__arm__core__aarch32__cortex_m.a(irq_init.c.obj)
                0x0000000008000fcc                z_arm_interrupt_init
 .text._reset_section
                0x0000000008000fe4       0x2c zephyr/arch/arch/arm/core/aarch32/cortex_m/libarch__arm__core__aarch32__cortex_m.a(reset.S.obj)
                0x0000000008000fe4                z_arm_reset
                0x0000000008000fe4                __start
 .text.z_impl_k_thread_abort
                0x0000000008001010       0x2c zephyr/arch/arch/arm/core/aarch32/cortex_m/libarch__arm__core__aarch32__cortex_m.a(thread_abort.c.obj)
                0x0000000008001010                z_impl_k_thread_abort
 .text.__stdout_hook_install
                0x000000000800103c        0xc zephyr/lib/libc/minimal/liblib__libc__minimal.a(stdout_console.c.obj)
                0x000000000800103c                __stdout_hook_install
 .text.stm32_exti_isr
                0x0000000008001048       0x4c zephyr/drivers/interrupt_controller/libdrivers__interrupt_controller.a(intc_exti_stm32.c.obj)
 .text.stm32_fill_irq_table
                0x0000000008001094       0x18 zephyr/drivers/interrupt_controller/libdrivers__interrupt_controller.a(intc_exti_stm32.c.obj)
 .text.stm32_exti_enable
                0x00000000080010ac       0x24 zephyr/drivers/interrupt_controller/libdrivers__interrupt_controller.a(intc_exti_stm32.c.obj)
                0x00000000080010ac                stm32_exti_enable
 .text.stm32_exti_disable
                0x00000000080010d0       0x18 zephyr/drivers/interrupt_controller/libdrivers__interrupt_controller.a(intc_exti_stm32.c.obj)
                0x00000000080010d0                stm32_exti_disable
 .text.stm32_exti_trigger
                0x00000000080010e8       0x60 zephyr/drivers/interrupt_controller/libdrivers__interrupt_controller.a(intc_exti_stm32.c.obj)
                0x00000000080010e8                stm32_exti_trigger
 .text.stm32_exti_set_callback
                0x0000000008001148       0x30 zephyr/drivers/interrupt_controller/libdrivers__interrupt_controller.a(intc_exti_stm32.c.obj)
                0x0000000008001148                stm32_exti_set_callback
 .text.stm32_exti_unset_callback
                0x0000000008001178       0x14 zephyr/drivers/interrupt_controller/libdrivers__interrupt_controller.a(intc_exti_stm32.c.obj)
                0x0000000008001178                stm32_exti_unset_callback
 .text.stm32_clock_control_get_subsys_rate
                0x000000000800118c       0x4c zephyr/drivers/clock_control/libdrivers__clock_control.a(clock_stm32_ll_common.c.obj)
 .text.stm32_clock_control_init
                0x00000000080011d8       0xf4 zephyr/drivers/clock_control/libdrivers__clock_control.a(clock_stm32_ll_common.c.obj)
                0x00000000080011d8                stm32_clock_control_init
 .text.config_pll_sysclock
                0x00000000080012cc       0x1c zephyr/drivers/clock_control/libdrivers__clock_control.a(clock_stm32f1.c.obj)
                0x00000000080012cc                config_pll_sysclock
 .text.uart_console_init
                0x00000000080012e8       0x28 zephyr/drivers/console/libdrivers__console.a(uart_console.c.obj)
 .text.console_out
                0x0000000008001310       0x28 zephyr/drivers/console/libdrivers__console.a(uart_console.c.obj)
 .text.gpio_stm32_init
                0x0000000008001338       0x30 zephyr/drivers/gpio/libdrivers__gpio.a(gpio_stm32.c.obj)
 .text.gpio_stm32_pin_interrupt_configure
                0x0000000008001368       0xe0 zephyr/drivers/gpio/libdrivers__gpio.a(gpio_stm32.c.obj)
 .text.stm32f1_swj_cfg_init
                0x0000000008001448       0x38 zephyr/drivers/pinctrl/libdrivers__pinctrl.a(pinctrl_stm32.c.obj)
 .text.pinctrl_configure_pins
                0x0000000008001480       0xf4 zephyr/drivers/pinctrl/libdrivers__pinctrl.a(pinctrl_stm32.c.obj)
                0x0000000008001480                pinctrl_configure_pins
 .text.uart_stm32_init
                0x0000000008001574       0xe8 zephyr/drivers/serial/libdrivers__serial.a(uart_stm32.c.obj)
 .text.uart_stm32_configure
                0x000000000800165c      0x15c zephyr/drivers/serial/libdrivers__serial.a(uart_stm32.c.obj)
 .text.elapsed  0x00000000080017b8       0x3c zephyr/drivers/timer/libdrivers__timer.a(cortex_m_systick.c.obj)
 .text.sys_clock_driver_init
                0x00000000080017f4       0x34 zephyr/drivers/timer/libdrivers__timer.a(cortex_m_systick.c.obj)
 .text.sys_clock_isr
                0x0000000008001828       0x54 zephyr/drivers/timer/libdrivers__timer.a(cortex_m_systick.c.obj)
                0x0000000008001828                sys_clock_isr
 .text.sys_clock_set_timeout
                0x000000000800187c       0xf4 zephyr/drivers/timer/libdrivers__timer.a(cortex_m_systick.c.obj)
                0x000000000800187c                sys_clock_set_timeout
 .text.sys_clock_elapsed
                0x0000000008001970       0x3c zephyr/drivers/timer/libdrivers__timer.a(cortex_m_systick.c.obj)
                0x0000000008001970                sys_clock_elapsed
 .text.HAL_RCC_GetSysClockFreq
                0x00000000080019ac       0x74 modules/stm32/stm32cube/lib..__modules__hal__stm32__stm32cube.a(stm32f1xx_hal_rcc.c.obj)
                0x00000000080019ac                HAL_RCC_GetSysClockFreq
 .text.LL_SetFlashLatency
                0x0000000008001a20       0x4c modules/stm32/stm32cube/lib..__modules__hal__stm32__stm32cube.a(stm32f1xx_ll_utils.c.obj)
                0x0000000008001a20                LL_SetFlashLatency
 .text.z_sys_init_run_level
                0x0000000008001a6c       0x48 zephyr/kernel/libkernel.a(init.c.obj)
 .text.bg_thread_main
                0x0000000008001ab4       0x34 zephyr/kernel/libkernel.a(init.c.obj)
 .text.z_bss_zero
                0x0000000008001ae8       0x18 zephyr/kernel/libkernel.a(init.c.obj)
                0x0000000008001ae8                z_bss_zero
 .text.z_init_cpu
                0x0000000008001b00       0x84 zephyr/kernel/libkernel.a(init.c.obj)
                0x0000000008001b00                z_init_cpu
 .text.z_cstart
                0x0000000008001b84       0xcc zephyr/kernel/libkernel.a(init.c.obj)
                0x0000000008001b84                z_cstart
 .text.z_setup_new_thread
                0x0000000008001c50       0x54 zephyr/kernel/libkernel.a(thread.c.obj)
                0x0000000008001c50                z_setup_new_thread
 .text.z_init_static_threads
                0x0000000008001ca4       0x98 zephyr/kernel/libkernel.a(thread.c.obj)
                0x0000000008001ca4                z_init_static_threads
 .text.sliceable
                0x0000000008001d3c       0x3c zephyr/kernel/libkernel.a(sched.c.obj)
 .text.slice_timeout
                0x0000000008001d78       0x20 zephyr/kernel/libkernel.a(sched.c.obj)
 .text.z_reset_time_slice
                0x0000000008001d98       0x50 zephyr/kernel/libkernel.a(sched.c.obj)
                0x0000000008001d98                z_reset_time_slice
 .text.update_cache
                0x0000000008001de8       0x3c zephyr/kernel/libkernel.a(sched.c.obj)
 .text.move_thread_to_end_of_prio_q
                0x0000000008001e24       0x74 zephyr/kernel/libkernel.a(sched.c.obj)
 .text.ready_thread
                0x0000000008001e98       0x68 zephyr/kernel/libkernel.a(sched.c.obj)
 .text.unready_thread
                0x0000000008001f00       0x30 zephyr/kernel/libkernel.a(sched.c.obj)
 .text.z_time_slice
                0x0000000008001f30       0x60 zephyr/kernel/libkernel.a(sched.c.obj)
                0x0000000008001f30                z_time_slice
 .text.z_reschedule
                0x0000000008001f90       0x24 zephyr/kernel/libkernel.a(sched.c.obj)
                0x0000000008001f90                z_reschedule
 .text.z_sched_start
                0x0000000008001fb4       0x3c zephyr/kernel/libkernel.a(sched.c.obj)
                0x0000000008001fb4                z_sched_start
 .text.z_impl_k_thread_suspend
                0x0000000008001ff0       0x64 zephyr/kernel/libkernel.a(sched.c.obj)
                0x0000000008001ff0                z_impl_k_thread_suspend
 .text.k_sched_lock
                0x0000000008002054       0x28 zephyr/kernel/libkernel.a(sched.c.obj)
                0x0000000008002054                k_sched_lock
 .text.k_sched_unlock
                0x000000000800207c       0x38 zephyr/kernel/libkernel.a(sched.c.obj)
                0x000000000800207c                k_sched_unlock
 .text.z_sched_init
                0x00000000080020b4       0x10 zephyr/kernel/libkernel.a(sched.c.obj)
                0x00000000080020b4                z_sched_init
 .text.z_impl_k_yield
                0x00000000080020c4       0x7c zephyr/kernel/libkernel.a(sched.c.obj)
                0x00000000080020c4                z_impl_k_yield
 .text.z_tick_sleep
                0x0000000008002140       0x88 zephyr/kernel/libkernel.a(sched.c.obj)
 .text.z_impl_k_sleep
                0x00000000080021c8       0x30 zephyr/kernel/libkernel.a(sched.c.obj)
                0x00000000080021c8                z_impl_k_sleep
 .text.z_impl_z_current_get
                0x00000000080021f8        0xc zephyr/kernel/libkernel.a(sched.c.obj)
                0x00000000080021f8                z_impl_z_current_get
 .text.z_thread_abort
                0x0000000008002204       0xc0 zephyr/kernel/libkernel.a(sched.c.obj)
                0x0000000008002204                z_thread_abort
 .text.z_data_copy
                0x00000000080022c4       0x34 zephyr/kernel/libkernel.a(xip.c.obj)
                0x00000000080022c4                z_data_copy
 .text.elapsed  0x00000000080022f8       0x14 zephyr/kernel/libkernel.a(timeout.c.obj)
 .text.next_timeout
                0x000000000800230c       0x40 zephyr/kernel/libkernel.a(timeout.c.obj)
 .text.remove_timeout
                0x000000000800234c       0x38 zephyr/kernel/libkernel.a(timeout.c.obj)
 .text.z_add_timeout
                0x0000000008002384       0xec zephyr/kernel/libkernel.a(timeout.c.obj)
                0x0000000008002384                z_add_timeout
 .text.sys_clock_announce
                0x0000000008002470       0xd4 zephyr/kernel/libkernel.a(timeout.c.obj)
                0x0000000008002470                sys_clock_announce
 .text.sys_clock_tick_get
                0x0000000008002544       0x34 zephyr/kernel/libkernel.a(timeout.c.obj)
                0x0000000008002544                sys_clock_tick_get
 .text.boot_banner
                0x0000000008002578        0xc zephyr/kernel/libkernel.a(banner.c.obj)
                0x0000000008002578                boot_banner
 .text._OffsetAbsSyms
                0x0000000008002584        0x2 zephyr/CMakeFiles/offsets.dir/./arch/arm/core/offsets/offsets.c.obj
                0x0000000008002584                _OffsetAbsSyms
 .text.arch_printk_char_out
                0x0000000008002586        0x4 zephyr/libzephyr.a(printk.c.obj)
                0x0000000008002586                arch_printk_char_out
 .text.printk   0x000000000800258a       0x1a zephyr/libzephyr.a(printk.c.obj)
                0x000000000800258a                printk
 .text.z_thread_entry
                0x00000000080025a4       0x14 zephyr/libzephyr.a(thread_entry.c.obj)
                0x00000000080025a4                z_thread_entry
 .text.encode_uint
                0x00000000080025b8       0x8c zephyr/libzephyr.a(cbprintf_complete.c.obj)
 .text.outs     0x0000000008002644       0x2e zephyr/libzephyr.a(cbprintf_complete.c.obj)
 .text._ConfigAbsSyms
                0x0000000008002672        0x2 zephyr/libzephyr.a(configs.c.obj)
                0x0000000008002672                _ConfigAbsSyms
 .text.st_stm32_common_config
                0x0000000008002674        0x4 zephyr/libzephyr.a(soc_config.c.obj)
 .text.z_arm_fatal_error
                0x0000000008002678        0x4 zephyr/arch/arch/arm/core/aarch32/libarch__arm__core__aarch32.a(fatal.c.obj)
                0x0000000008002678                z_arm_fatal_error
 .text.z_do_kernel_oops
                0x000000000800267c        0x8 zephyr/arch/arch/arm/core/aarch32/libarch__arm__core__aarch32.a(fatal.c.obj)
                0x000000000800267c                z_do_kernel_oops
 .text.z_irq_spurious
                0x0000000008002684        0x8 zephyr/arch/arch/arm/core/aarch32/libarch__arm__core__aarch32.a(irq_manage.c.obj)
                0x0000000008002684                z_irq_spurious
 .text.z_arm_nmi
                0x000000000800268c        0xe zephyr/arch/arch/arm/core/aarch32/libarch__arm__core__aarch32.a(nmi.c.obj)
                0x000000000800268c                z_arm_nmi
 .text.strlen   0x000000000800269a        0xe zephyr/lib/libc/minimal/liblib__libc__minimal.a(string.c.obj)
                0x000000000800269a                strlen
 .text.memcpy   0x00000000080026a8       0x16 zephyr/lib/libc/minimal/liblib__libc__minimal.a(string.c.obj)
                0x00000000080026a8                memcpy
 .text.memset   0x00000000080026be       0x12 zephyr/lib/libc/minimal/liblib__libc__minimal.a(string.c.obj)
                0x00000000080026be                memset
 .text._stdout_hook_default
                0x00000000080026d0        0x6 zephyr/lib/libc/minimal/liblib__libc__minimal.a(stdout_console.c.obj)
 .text.strnlen  0x00000000080026d6       0x12 zephyr/lib/libc/common/liblib__libc__common.a(strnlen.c.obj)
                0x00000000080026d6                strnlen
 .text.stm32_exti_init
                0x00000000080026e8       0x92 zephyr/drivers/interrupt_controller/libdrivers__interrupt_controller.a(intc_exti_stm32.c.obj)
 .text.stm32_clock_control_on
                0x000000000800277a       0x24 zephyr/drivers/clock_control/libdrivers__clock_control.a(clock_stm32_ll_common.c.obj)
 .text.stm32_clock_control_off
                0x000000000800279e       0x24 zephyr/drivers/clock_control/libdrivers__clock_control.a(clock_stm32_ll_common.c.obj)
 .text.stm32_clock_control_get_status
                0x00000000080027c2       0x30 zephyr/drivers/clock_control/libdrivers__clock_control.a(clock_stm32_ll_common.c.obj)
 .text.stm32_clock_control_configure
                0x00000000080027f2       0x58 zephyr/drivers/clock_control/libdrivers__clock_control.a(clock_stm32_ll_common.c.obj)
 .text.config_enable_default_clocks
                0x000000000800284a        0x2 zephyr/drivers/clock_control/libdrivers__clock_control.a(clock_stm32f1.c.obj)
                0x000000000800284a                config_enable_default_clocks
 .text.gpio_stm32_port_get_raw
                0x000000000800284c        0xc zephyr/drivers/gpio/libdrivers__gpio.a(gpio_stm32.c.obj)
 .text.gpio_stm32_port_set_masked_raw
                0x0000000008002858       0x12 zephyr/drivers/gpio/libdrivers__gpio.a(gpio_stm32.c.obj)
 .text.gpio_stm32_port_set_bits_raw
                0x000000000800286a        0xa zephyr/drivers/gpio/libdrivers__gpio.a(gpio_stm32.c.obj)
 .text.gpio_stm32_port_clear_bits_raw
                0x0000000008002874        0xa zephyr/drivers/gpio/libdrivers__gpio.a(gpio_stm32.c.obj)
 .text.gpio_stm32_port_toggle_bits
                0x000000000800287e        0xe zephyr/drivers/gpio/libdrivers__gpio.a(gpio_stm32.c.obj)
 .text.gpio_stm32_manage_callback
                0x000000000800288c       0x52 zephyr/drivers/gpio/libdrivers__gpio.a(gpio_stm32.c.obj)
 .text.LL_GPIO_SetPinMode
                0x00000000080028de       0x2c zephyr/drivers/gpio/libdrivers__gpio.a(gpio_stm32.c.obj)
 .text.LL_GPIO_SetPinSpeed
                0x000000000800290a       0x2c zephyr/drivers/gpio/libdrivers__gpio.a(gpio_stm32.c.obj)
 .text.LL_GPIO_SetPinOutputType
                0x0000000008002936       0x2c zephyr/drivers/gpio/libdrivers__gpio.a(gpio_stm32.c.obj)
 .text.gpio_stm32_isr
                0x0000000008002962       0x2e zephyr/drivers/gpio/libdrivers__gpio.a(gpio_stm32.c.obj)
 .text.gpio_stm32_configure_raw.constprop.0.isra.0
                0x0000000008002990       0xaa zephyr/drivers/gpio/libdrivers__gpio.a(gpio_stm32.c.obj)
 .text.gpio_stm32_config
                0x0000000008002a3a       0x72 zephyr/drivers/gpio/libdrivers__gpio.a(gpio_stm32.c.obj)
 .text.gpio_stm32_configure
                0x0000000008002aac       0x2a zephyr/drivers/gpio/libdrivers__gpio.a(gpio_stm32.c.obj)
                0x0000000008002aac                gpio_stm32_configure
 .text.pinctrl_lookup_state
                0x0000000008002ad6       0x26 zephyr/drivers/pinctrl/libdrivers__pinctrl.a(common.c.obj)
                0x0000000008002ad6                pinctrl_lookup_state
 .text.reset_stm32_status
                0x0000000008002afc       0x20 zephyr/drivers/reset/libdrivers__reset.a(reset_stm32.c.obj)
 .text.reset_stm32_line_assert
                0x0000000008002b1c       0x1c zephyr/drivers/reset/libdrivers__reset.a(reset_stm32.c.obj)
 .text.reset_stm32_line_deassert
                0x0000000008002b38       0x1e zephyr/drivers/reset/libdrivers__reset.a(reset_stm32.c.obj)
 .text.reset_stm32_line_toggle
                0x0000000008002b56       0x16 zephyr/drivers/reset/libdrivers__reset.a(reset_stm32.c.obj)
 .text.LL_USART_ClearFlag_PE
                0x0000000008002b6c       0x12 zephyr/drivers/serial/libdrivers__serial.a(uart_stm32.c.obj)
 .text.uart_stm32_set_baudrate
                0x0000000008002b7e       0x46 zephyr/drivers/serial/libdrivers__serial.a(uart_stm32.c.obj)
 .text.uart_stm32_poll_in
                0x0000000008002bc4       0x22 zephyr/drivers/serial/libdrivers__serial.a(uart_stm32.c.obj)
 .text.uart_stm32_poll_out
                0x0000000008002be6       0x3a zephyr/drivers/serial/libdrivers__serial.a(uart_stm32.c.obj)
 .text.uart_stm32_err_check
                0x0000000008002c20       0x66 zephyr/drivers/serial/libdrivers__serial.a(uart_stm32.c.obj)
 .text.uart_stm32_config_get
                0x0000000008002c86       0x8c zephyr/drivers/serial/libdrivers__serial.a(uart_stm32.c.obj)
 .text.z_device_state_init
                0x0000000008002d12        0x2 zephyr/kernel/libkernel.a(device.c.obj)
                0x0000000008002d12                z_device_state_init
 .text.z_device_is_ready
                0x0000000008002d14       0x16 zephyr/kernel/libkernel.a(device.c.obj)
                0x0000000008002d14                z_device_is_ready
 .text.arch_system_halt
                0x0000000008002d2a       0x12 zephyr/kernel/libkernel.a(fatal.c.obj)
                0x0000000008002d2a                arch_system_halt
 .text.k_sys_fatal_error_handler
                0x0000000008002d3c        0x6 zephyr/kernel/libkernel.a(fatal.c.obj)
                0x0000000008002d3c                k_sys_fatal_error_handler
 .text.z_fatal_error
                0x0000000008002d42       0x36 zephyr/kernel/libkernel.a(fatal.c.obj)
                0x0000000008002d42                z_fatal_error
 .text.z_early_memset
                0x0000000008002d78        0x4 zephyr/kernel/libkernel.a(init.c.obj)
                0x0000000008002d78                z_early_memset
 .text.z_early_memcpy
                0x0000000008002d7c        0x4 zephyr/kernel/libkernel.a(init.c.obj)
                0x0000000008002d7c                z_early_memcpy
 .text.idle     0x0000000008002d80       0x18 zephyr/kernel/libkernel.a(idle.c.obj)
                0x0000000008002d80                idle
 .text.sys_dlist_remove
                0x0000000008002d98       0x10 zephyr/kernel/libkernel.a(sched.c.obj)
 .text.unpend_thread_no_timeout
                0x0000000008002da8       0x14 zephyr/kernel/libkernel.a(sched.c.obj)
 .text.z_ready_thread
                0x0000000008002dbc       0x20 zephyr/kernel/libkernel.a(sched.c.obj)
                0x0000000008002dbc                z_ready_thread
 .text.z_sched_wake_thread
                0x0000000008002ddc       0x44 zephyr/kernel/libkernel.a(sched.c.obj)
                0x0000000008002ddc                z_sched_wake_thread
 .text.z_thread_timeout
                0x0000000008002e20        0x8 zephyr/kernel/libkernel.a(sched.c.obj)
                0x0000000008002e20                z_thread_timeout
 .text.z_reschedule_irqlock
                0x0000000008002e28       0x18 zephyr/kernel/libkernel.a(sched.c.obj)
                0x0000000008002e28                z_reschedule_irqlock
 .text.z_reschedule_unlocked
                0x0000000008002e40       0x14 zephyr/kernel/libkernel.a(sched.c.obj)
 .text.z_abort_timeout
                0x0000000008002e54       0x2c zephyr/kernel/libkernel.a(timeout.c.obj)
                0x0000000008002e54                z_abort_timeout
 .text.sys_clock_tick_get_32
                0x0000000008002e80        0x8 zephyr/kernel/libkernel.a(timeout.c.obj)
                0x0000000008002e80                sys_clock_tick_get_32
 *(SORT_BY_ALIGNMENT(.TEXT.*))
 *(SORT_BY_ALIGNMENT(.gnu.linkonce.t.*))
 *(SORT_BY_ALIGNMENT(.glue_7t))
 .glue_7t       0x0000000008002e88        0x0 linker stubs
 *(SORT_BY_ALIGNMENT(.glue_7))
 .glue_7        0x0000000008002e88        0x0 linker stubs
 *(SORT_BY_ALIGNMENT(.vfp11_veneer))
 .vfp11_veneer  0x0000000008002e88        0x0 linker stubs
 *(SORT_BY_ALIGNMENT(.v4_bx))
 .v4_bx         0x0000000008002e88        0x0 linker stubs
                0x0000000008002e88                . = ALIGN (0x4)
                0x0000000008002e88                __text_region_end = .

.ARM.exidx      0x0000000008002e88        0x8
                0x0000000008002e88                __exidx_start = .
 *(SORT_BY_ALIGNMENT(.ARM.exidx*) SORT_BY_ALIGNMENT(gnu.linkonce.armexidx.*))
 .ARM.exidx     0x0000000008002e88        0x8 /home/hyc/zephyr-sdk-0.16.1/arm-zephyr-eabi/bin/../lib/gcc/arm-zephyr-eabi/12.2.0/thumb/v7-m/nofp/libgcc.a(_udivmoddi4.o)
                0x0000000008002e90                __exidx_end = .
                0x0000000008002e90                __rodata_region_start = .

initlevel       0x0000000008002e90       0x70
                0x0000000008002e90                __init_start = .
                0x0000000008002e90                __init_EARLY_start = .
 *(SORT_BY_NAME(SORT_BY_ALIGNMENT(.z_init_EARLY?_*)))
 *(SORT_BY_NAME(SORT_BY_ALIGNMENT(.z_init_EARLY??_*)))
                0x0000000008002e90                __init_PRE_KERNEL_1_start = .
 *(SORT_BY_NAME(SORT_BY_ALIGNMENT(.z_init_PRE_KERNEL_1?_*)))
 .z_init_PRE_KERNEL_10_0_
                0x0000000008002e90        0x8 zephyr/libzephyr.a(soc.c.obj)
 .z_init_PRE_KERNEL_10_0_
                0x0000000008002e98        0x8 zephyr/drivers/pinctrl/libdrivers__pinctrl.a(pinctrl_stm32.c.obj)
 .z_init_PRE_KERNEL_11_00008_
                0x0000000008002ea0        0x8 zephyr/drivers/clock_control/libdrivers__clock_control.a(clock_stm32_ll_common.c.obj)
 .z_init_PRE_KERNEL_11_0_
                0x0000000008002ea8        0x8 zephyr/libzephyr.a(soc_config.c.obj)
 *(SORT_BY_NAME(SORT_BY_ALIGNMENT(.z_init_PRE_KERNEL_1??_*)))
 .z_init_PRE_KERNEL_135_00032_
                0x0000000008002eb0        0x8 zephyr/drivers/reset/libdrivers__reset.a(reset_stm32.c.obj)
 .z_init_PRE_KERNEL_140_00020_
                0x0000000008002eb8        0x8 zephyr/drivers/gpio/libdrivers__gpio.a(gpio_stm32.c.obj)
 .z_init_PRE_KERNEL_140_00028_
                0x0000000008002ec0        0x8 zephyr/drivers/interrupt_controller/libdrivers__interrupt_controller.a(intc_exti_stm32.c.obj)
 .z_init_PRE_KERNEL_140_00059_
                0x0000000008002ec8        0x8 zephyr/drivers/gpio/libdrivers__gpio.a(gpio_stm32.c.obj)
 .z_init_PRE_KERNEL_140_00060_
                0x0000000008002ed0        0x8 zephyr/drivers/gpio/libdrivers__gpio.a(gpio_stm32.c.obj)
 .z_init_PRE_KERNEL_140_00061_
                0x0000000008002ed8        0x8 zephyr/drivers/gpio/libdrivers__gpio.a(gpio_stm32.c.obj)
 .z_init_PRE_KERNEL_140_00062_
                0x0000000008002ee0        0x8 zephyr/drivers/gpio/libdrivers__gpio.a(gpio_stm32.c.obj)
 .z_init_PRE_KERNEL_155_00039_
                0x0000000008002ee8        0x8 zephyr/drivers/serial/libdrivers__serial.a(uart_stm32.c.obj)
 .z_init_PRE_KERNEL_160_0_
                0x0000000008002ef0        0x8 zephyr/drivers/console/libdrivers__console.a(uart_console.c.obj)
                0x0000000008002ef8                __init_PRE_KERNEL_2_start = .
 *(SORT_BY_NAME(SORT_BY_ALIGNMENT(.z_init_PRE_KERNEL_2?_*)))
 .z_init_PRE_KERNEL_20_0_
                0x0000000008002ef8        0x8 zephyr/drivers/timer/libdrivers__timer.a(cortex_m_systick.c.obj)
 *(SORT_BY_NAME(SORT_BY_ALIGNMENT(.z_init_PRE_KERNEL_2??_*)))
                0x0000000008002f00                __init_POST_KERNEL_start = .
 *(SORT_BY_NAME(SORT_BY_ALIGNMENT(.z_init_POST_KERNEL?_*)))
 *(SORT_BY_NAME(SORT_BY_ALIGNMENT(.z_init_POST_KERNEL??_*)))
                0x0000000008002f00                __init_APPLICATION_start = .
 *(SORT_BY_NAME(SORT_BY_ALIGNMENT(.z_init_APPLICATION?_*)))
 *(SORT_BY_NAME(SORT_BY_ALIGNMENT(.z_init_APPLICATION??_*)))
                0x0000000008002f00                __init_SMP_start = .
 *(SORT_BY_NAME(SORT_BY_ALIGNMENT(.z_init_SMP?_*)))
 *(SORT_BY_NAME(SORT_BY_ALIGNMENT(.z_init_SMP??_*)))
                0x0000000008002f00                __init_end = .

device_area     0x0000000008002f00       0xb4
                0x0000000008002f00                _device_list_start = .
 *(SORT_BY_NAME(SORT_BY_ALIGNMENT(._device.static.*_?_*)))
 ._device.static.1_1_
                0x0000000008002f00       0x14 zephyr/drivers/clock_control/libdrivers__clock_control.a(clock_stm32_ll_common.c.obj)
                0x0000000008002f00                __device_dts_ord_8
 *(SORT_BY_NAME(SORT_BY_ALIGNMENT(._device.static.*_??_*)))
 ._device.static.1_35_
                0x0000000008002f14       0x14 zephyr/drivers/reset/libdrivers__reset.a(reset_stm32.c.obj)
                0x0000000008002f14                __device_dts_ord_32
 ._device.static.1_40_
                0x0000000008002f28       0x14 zephyr/drivers/interrupt_controller/libdrivers__interrupt_controller.a(intc_exti_stm32.c.obj)
                0x0000000008002f28                __device_dts_ord_28
 ._device.static.1_40_
                0x0000000008002f3c       0x64 zephyr/drivers/gpio/libdrivers__gpio.a(gpio_stm32.c.obj)
                0x0000000008002f3c                __device_dts_ord_62
                0x0000000008002f50                __device_dts_ord_61
                0x0000000008002f64                __device_dts_ord_60
                0x0000000008002f78                __device_dts_ord_59
                0x0000000008002f8c                __device_dts_ord_20
 ._device.static.1_55_
                0x0000000008002fa0       0x14 zephyr/drivers/serial/libdrivers__serial.a(uart_stm32.c.obj)
                0x0000000008002fa0                __device_dts_ord_39
                0x0000000008002fb4                _device_list_end = .

sw_isr_table    0x0000000008002fb4      0x158
                0x0000000008002fb4                . = ALIGN (0x4)
 *(SORT_BY_ALIGNMENT(.gnu.linkonce.sw_isr_table*))
 .gnu.linkonce.sw_isr_table
                0x0000000008002fb4      0x158 zephyr/CMakeFiles/zephyr_final.dir/isr_tables.c.obj
                0x0000000008002fb4                _sw_isr_table

initlevel_error
                0x0000000008002e90        0x0
 *(SORT_BY_NAME(SORT_BY_ALIGNMENT(.z_init_[_A-Z0-9]*)))
                0x0000000000000001                ASSERT ((SIZEOF (initlevel_error) == 0x0), Undefined initialization levels used.)

app_shmem_regions
                0x000000000800310c        0x0
                0x000000000800310c                __app_shmem_regions_start = .
 *(SORT_BY_NAME(SORT_BY_ALIGNMENT(.app_regions.*)))
                0x000000000800310c                __app_shmem_regions_end = .

k_p4wq_initparam_area
                0x000000000800310c        0x0
                0x000000000800310c                _k_p4wq_initparam_list_start = .
 *(SORT_BY_NAME(SORT_BY_ALIGNMENT(._k_p4wq_initparam.static.*)))
                0x000000000800310c                _k_p4wq_initparam_list_end = .

_static_thread_data_area
                0x000000000800310c        0x0
                0x000000000800310c                __static_thread_data_list_start = .
 *(SORT_BY_NAME(SORT_BY_ALIGNMENT(.__static_thread_data.static.*)))
                0x000000000800310c                __static_thread_data_list_end = .

device_deps     0x000000000800310c        0x0
                0x000000000800310c                __device_deps_start = .
 *(SORT_BY_NAME(SORT_BY_ALIGNMENT(.__device_deps_pass2*)))
                0x000000000800310c                __device_deps_end = .

ztest           0x000000000800310c        0x0
                0x000000000800310c                _ztest_expected_result_entry_list_start = .
 *(SORT_BY_NAME(SORT_BY_ALIGNMENT(._ztest_expected_result_entry.static.*)))
                0x000000000800310c                _ztest_expected_result_entry_list_end = .
                0x000000000800310c                _ztest_suite_node_list_start = .
 *(SORT_BY_NAME(SORT_BY_ALIGNMENT(._ztest_suite_node.static.*)))
                0x000000000800310c                _ztest_suite_node_list_end = .
                0x000000000800310c                _ztest_unit_test_list_start = .
 *(SORT_BY_NAME(SORT_BY_ALIGNMENT(._ztest_unit_test.static.*)))
                0x000000000800310c                _ztest_unit_test_list_end = .
                0x000000000800310c                _ztest_test_rule_list_start = .
 *(SORT_BY_NAME(SORT_BY_ALIGNMENT(._ztest_test_rule.static.*)))
                0x000000000800310c                _ztest_test_rule_list_end = .

bt_l2cap_fixed_chan_area
                0x000000000800310c        0x0
                0x000000000800310c                _bt_l2cap_fixed_chan_list_start = .
 *(SORT_BY_NAME(SORT_BY_ALIGNMENT(._bt_l2cap_fixed_chan.static.*)))
                0x000000000800310c                _bt_l2cap_fixed_chan_list_end = .

bt_gatt_service_static_area
                0x000000000800310c        0x0
                0x000000000800310c                _bt_gatt_service_static_list_start = .
 *(SORT_BY_NAME(SORT_BY_ALIGNMENT(._bt_gatt_service_static.static.*)))
                0x000000000800310c                _bt_gatt_service_static_list_end = .

log_strings_area
                0x000000000800310c        0x0
                0x000000000800310c                _log_strings_list_start = .
 *(SORT_BY_NAME(SORT_BY_ALIGNMENT(._log_strings.static.*)))
                0x000000000800310c                _log_strings_list_end = .

log_const_area  0x000000000800310c       0x18
                0x000000000800310c                _log_const_list_start = .
 *(SORT_BY_NAME(SORT_BY_ALIGNMENT(._log_const.static.*)))
 ._log_const.static.log_const_cbprintf_package_
                0x000000000800310c        0x8 zephyr/libzephyr.a(cbprintf_packaged.c.obj)
                0x000000000800310c                log_const_cbprintf_package
 ._log_const.static.log_const_os_
                0x0000000008003114        0x8 zephyr/kernel/libkernel.a(init.c.obj)
                0x0000000008003114                log_const_os
 ._log_const.static.log_const_uart_stm32_
                0x000000000800311c        0x8 zephyr/drivers/serial/libdrivers__serial.a(uart_stm32.c.obj)
                0x000000000800311c                log_const_uart_stm32
                0x0000000008003124                _log_const_list_end = .

log_backend_area
                0x0000000008003124        0x0
                0x0000000008003124                _log_backend_list_start = .
 *(SORT_BY_NAME(SORT_BY_ALIGNMENT(._log_backend.static.*)))
                0x0000000008003124                _log_backend_list_end = .

log_link_area   0x0000000008003124        0x0
                0x0000000008003124                _log_link_list_start = .
 *(SORT_BY_NAME(SORT_BY_ALIGNMENT(._log_link.static.*)))
                0x0000000008003124                _log_link_list_end = .

tracing_backend_area
                0x0000000008003124        0x0
                0x0000000008003124                _tracing_backend_list_start = .
 *(SORT_BY_NAME(SORT_BY_ALIGNMENT(._tracing_backend.static.*)))
                0x0000000008003124                _tracing_backend_list_end = .

zephyr_dbg_info
 *(SORT_BY_ALIGNMENT(.dbg_thread_info))

symbol_to_keep  0x0000000008003124        0x0
                0x0000000008003124                __symbol_to_keep_start = .
 *(SORT_BY_NAME(SORT_BY_ALIGNMENT(.symbol_to_keep*)))
                0x0000000008003124                __symbol_to_keep_end = .

shell_area      0x0000000008003124        0x0
                0x0000000008003124                _shell_list_start = .
 *(SORT_BY_NAME(SORT_BY_ALIGNMENT(._shell.static.*)))
                0x0000000008003124                _shell_list_end = .

shell_root_cmds_area
                0x0000000008003124        0x0
                0x0000000008003124                _shell_root_cmds_list_start = .
 *(SORT_BY_NAME(SORT_BY_ALIGNMENT(._shell_root_cmds.static.*)))
                0x0000000008003124                _shell_root_cmds_list_end = .

shell_subcmds_area
                0x0000000008003124        0x0
                0x0000000008003124                _shell_subcmds_list_start = .
 *(SORT_BY_NAME(SORT_BY_ALIGNMENT(._shell_subcmds.static.*)))
                0x0000000008003124                _shell_subcmds_list_end = .

shell_dynamic_subcmds_area
                0x0000000008003124        0x0
                0x0000000008003124                _shell_dynamic_subcmds_list_start = .
 *(SORT_BY_NAME(SORT_BY_ALIGNMENT(._shell_dynamic_subcmds.static.*)))
                0x0000000008003124                _shell_dynamic_subcmds_list_end = .

cfb_font_area   0x0000000008003124        0x0
                0x0000000008003124                _cfb_font_list_start = .
 *(SORT_BY_NAME(SORT_BY_ALIGNMENT(._cfb_font.static.*)))
                0x0000000008003124                _cfb_font_list_end = .

rodata          0x0000000008003124      0x294
 *(SORT_BY_ALIGNMENT(.rodata))
 *(SORT_BY_ALIGNMENT(.rodata.*))
 .rodata.gpio_stm32_cfg_e
                0x0000000008003124       0x14 zephyr/drivers/gpio/libdrivers__gpio.a(gpio_stm32.c.obj)
 .rodata.gpio_stm32_cfg_d
                0x0000000008003138       0x14 zephyr/drivers/gpio/libdrivers__gpio.a(gpio_stm32.c.obj)
 .rodata.gpio_stm32_cfg_c
                0x000000000800314c       0x14 zephyr/drivers/gpio/libdrivers__gpio.a(gpio_stm32.c.obj)
 .rodata.gpio_stm32_cfg_b
                0x0000000008003160       0x14 zephyr/drivers/gpio/libdrivers__gpio.a(gpio_stm32.c.obj)
 .rodata.gpio_stm32_cfg_a
                0x0000000008003174       0x14 zephyr/drivers/gpio/libdrivers__gpio.a(gpio_stm32.c.obj)
 .rodata.gpio_stm32_driver
                0x0000000008003188       0x24 zephyr/drivers/gpio/libdrivers__gpio.a(gpio_stm32.c.obj)
 .rodata.gpio_ports
                0x00000000080031ac       0x2c zephyr/drivers/pinctrl/libdrivers__pinctrl.a(pinctrl_stm32.c.obj)
 .rodata.reset_stm32_config
                0x00000000080031d8        0x4 zephyr/drivers/reset/libdrivers__reset.a(reset_stm32.c.obj)
 .rodata.reset_stm32_driver_api
                0x00000000080031dc       0x10 zephyr/drivers/reset/libdrivers__reset.a(reset_stm32.c.obj)
 .rodata.uart_stm32_cfg_0
                0x00000000080031ec       0x20 zephyr/drivers/serial/libdrivers__serial.a(uart_stm32.c.obj)
 .rodata.pclken_0
                0x000000000800320c        0x8 zephyr/drivers/serial/libdrivers__serial.a(uart_stm32.c.obj)
 .rodata.__pinctrl_dev_config__device_dts_ord_39
                0x0000000008003214        0x8 zephyr/drivers/serial/libdrivers__serial.a(uart_stm32.c.obj)
 .rodata.__pinctrl_states__device_dts_ord_39
                0x000000000800321c        0x8 zephyr/drivers/serial/libdrivers__serial.a(uart_stm32.c.obj)
 .rodata.__pinctrl_state_pins_0__device_dts_ord_39
                0x0000000008003224       0x10 zephyr/drivers/serial/libdrivers__serial.a(uart_stm32.c.obj)
 .rodata.uart_stm32_driver_api
                0x0000000008003234       0x14 zephyr/drivers/serial/libdrivers__serial.a(uart_stm32.c.obj)
 .rodata._k_neg_eagain
                0x0000000008003248        0x4 zephyr/kernel/libkernel.a(errno.c.obj)
                0x0000000008003248                _k_neg_eagain
 .rodata.levels.0
                0x000000000800324c       0x18 zephyr/kernel/libkernel.a(init.c.obj)
 .rodata.CSWTCH.705
                0x0000000008003264        0x6 zephyr/drivers/serial/libdrivers__serial.a(uart_stm32.c.obj)
 .rodata.main.str1.1
                0x000000000800326a       0x1e app/libapp.a(main.c.obj)
 .rodata.str1.1
                0x0000000008003288       0x11 zephyr/libzephyr.a(cbprintf_packaged.c.obj)
 .rodata.z_cbvprintf_impl.str1.1
                0x0000000008003299        0x6 zephyr/libzephyr.a(cbprintf_complete.c.obj)
 .rodata.line_range_6.0
                0x000000000800329f        0x2 zephyr/drivers/interrupt_controller/libdrivers__interrupt_controller.a(intc_exti_stm32.c.obj)
 .rodata.line_range_5.1
                0x00000000080032a1        0x2 zephyr/drivers/interrupt_controller/libdrivers__interrupt_controller.a(intc_exti_stm32.c.obj)
 .rodata.line_range_4.2
                0x00000000080032a3        0x2 zephyr/drivers/interrupt_controller/libdrivers__interrupt_controller.a(intc_exti_stm32.c.obj)
 .rodata.line_range_3.3
                0x00000000080032a5        0x2 zephyr/drivers/interrupt_controller/libdrivers__interrupt_controller.a(intc_exti_stm32.c.obj)
 .rodata.line_range_2.4
                0x00000000080032a7        0x2 zephyr/drivers/interrupt_controller/libdrivers__interrupt_controller.a(intc_exti_stm32.c.obj)
 .rodata.line_range_1.5
                0x00000000080032a9        0x2 zephyr/drivers/interrupt_controller/libdrivers__interrupt_controller.a(intc_exti_stm32.c.obj)
 .rodata.line_range_0.6
                0x00000000080032ab        0x2 zephyr/drivers/interrupt_controller/libdrivers__interrupt_controller.a(intc_exti_stm32.c.obj)
 .rodata.str1.1
                0x00000000080032ad       0x1e zephyr/drivers/interrupt_controller/libdrivers__interrupt_controller.a(intc_exti_stm32.c.obj)
 .rodata.str1.1
                0x00000000080032cb        0xd zephyr/drivers/clock_control/libdrivers__clock_control.a(clock_stm32_ll_common.c.obj)
 .rodata.str1.1
                0x00000000080032d8       0x46 zephyr/drivers/gpio/libdrivers__gpio.a(gpio_stm32.c.obj)
 .rodata.str1.1
                0x000000000800331e       0x11 zephyr/drivers/reset/libdrivers__reset.a(reset_stm32.c.obj)
 .rodata.str1.1
                0x000000000800332f       0x1b zephyr/drivers/serial/libdrivers__serial.a(uart_stm32.c.obj)
 .rodata.AHBPrescTable
                0x000000000800334a       0x10 modules/stm32/stm32cube/lib..__modules__hal__stm32__stm32cube.a(system_stm32f1xx.c.obj)
                0x000000000800334a                AHBPrescTable
 .rodata.HAL_RCC_GetSysClockFreq.str1.1
                0x000000000800335a       0x11 modules/stm32/stm32cube/lib..__modules__hal__stm32__stm32cube.a(stm32f1xx_hal_rcc.c.obj)
 .rodata.z_cstart.str1.1
                0x000000000800336b        0x5 zephyr/kernel/libkernel.a(init.c.obj)
 .rodata.str1.1
                0x0000000008003370        0x3 zephyr/kernel/libkernel.a(init.c.obj)
 .rodata.boot_banner.str1.1
                0x0000000008003373       0x42 zephyr/kernel/libkernel.a(banner.c.obj)
 *(SORT_BY_ALIGNMENT(.gnu.linkonce.r.*))
                0x00000000080033b8                . = ALIGN (0x4)
 *fill*         0x00000000080033b5        0x3 
                0x00000000080033b8                __rodata_region_end = .
                0x00000000080033b8                . = ALIGN (_region_min_align)
                0x00000000080033b8                __rom_region_end = ((__rom_region_start + .) - ADDR (rom_start))

/DISCARD/
 *(SORT_BY_ALIGNMENT(.got.plt))
 *(SORT_BY_ALIGNMENT(.igot.plt))
 *(SORT_BY_ALIGNMENT(.got))
 *(SORT_BY_ALIGNMENT(.igot))
                0x0000000020000000                . = 0x20000000
                0x0000000020000000                . = ALIGN (_region_min_align)
                0x0000000020000000                _image_ram_start = .

.ramfunc        0x0000000020000000        0x0 load address 0x00000000080033b8
                0x0000000020000000                . = ALIGN (_region_min_align)
                0x0000000020000000                __ramfunc_start = .
 *(SORT_BY_ALIGNMENT(.ramfunc))
 *(SORT_BY_ALIGNMENT(.ramfunc.*))
                0x0000000020000000                . = ALIGN (_region_min_align)
                0x0000000020000000                __ramfunc_end = .
                0x0000000000000000                __ramfunc_size = (__ramfunc_end - __ramfunc_start)
                0x00000000080033b8                __ramfunc_load_start = LOADADDR (.ramfunc)

datas           0x0000000020000000       0x50 load address 0x00000000080033b8
                0x0000000020000000                __data_region_start = .
                0x0000000020000000                __data_start = .
 *(SORT_BY_ALIGNMENT(.data))
 *(SORT_BY_ALIGNMENT(.data.*))
 .data._char_out
                0x0000000020000000        0x4 zephyr/libzephyr.a(printk.c.obj)
                0x0000000020000000                _char_out
 .data._stdout_hook
                0x0000000020000004        0x4 zephyr/lib/libc/minimal/liblib__libc__minimal.a(stdout_console.c.obj)
 .data.stm32_clock_control_api
                0x0000000020000008       0x1c zephyr/drivers/clock_control/libdrivers__clock_control.a(clock_stm32_ll_common.c.obj)
 .data.uart_stm32_data_0
                0x0000000020000024       0x10 zephyr/drivers/serial/libdrivers__serial.a(uart_stm32.c.obj)
 .data.SystemCoreClock
                0x0000000020000034        0x4 modules/stm32/stm32cube/lib..__modules__hal__stm32__stm32cube.a(system_stm32f1xx.c.obj)
                0x0000000020000034                SystemCoreClock
 .data.timeout_list
                0x0000000020000038        0x8 zephyr/kernel/libkernel.a(timeout.c.obj)
 .data.exti_irq_table
                0x0000000020000040       0x10 zephyr/drivers/interrupt_controller/libdrivers__interrupt_controller.a(intc_exti_stm32.c.obj)
 *(SORT_BY_ALIGNMENT(.kernel.*))
                0x0000000020000050                __data_end = .
                0x0000000000000050                __data_size = (__data_end - __data_start)
                0x00000000080033b8                __data_load_start = LOADADDR (datas)
                0x00000000080033b8                __data_region_load_start = LOADADDR (datas)

device_states   0x0000000020000050       0x12 load address 0x0000000008003408
                0x0000000020000050                __device_states_start = .
 *(SORT_BY_ALIGNMENT(.z_devstate))
 .z_devstate    0x0000000020000050        0x2 zephyr/drivers/interrupt_controller/libdrivers__interrupt_controller.a(intc_exti_stm32.c.obj)
 .z_devstate    0x0000000020000052        0x2 zephyr/drivers/clock_control/libdrivers__clock_control.a(clock_stm32_ll_common.c.obj)
 .z_devstate    0x0000000020000054        0xa zephyr/drivers/gpio/libdrivers__gpio.a(gpio_stm32.c.obj)
 .z_devstate    0x000000002000005e        0x2 zephyr/drivers/reset/libdrivers__reset.a(reset_stm32.c.obj)
 .z_devstate    0x0000000020000060        0x2 zephyr/drivers/serial/libdrivers__serial.a(uart_stm32.c.obj)
 *(SORT_BY_ALIGNMENT(.z_devstate.*))
                0x0000000020000062                __device_states_end = .

log_mpsc_pbuf_area
                0x0000000020000062        0x0 load address 0x000000000800341a
                0x0000000020000062                _log_mpsc_pbuf_list_start = .
 *(SORT_BY_NAME(SORT_BY_ALIGNMENT(._log_mpsc_pbuf.static.*)))
                0x0000000020000062                _log_mpsc_pbuf_list_end = .

log_msg_ptr_area
                0x0000000020000062        0x0 load address 0x000000000800341a
                0x0000000020000062                _log_msg_ptr_list_start = .
 *(SORT_BY_NAME(SORT_BY_ALIGNMENT(._log_msg_ptr.static.*)))
                0x0000000020000062                _log_msg_ptr_list_end = .

log_dynamic_area
                0x0000000020000062        0x0 load address 0x000000000800341a
                0x0000000020000062                _log_dynamic_list_start = .
 *(SORT_BY_NAME(SORT_BY_ALIGNMENT(._log_dynamic.static.*)))
                0x0000000020000062                _log_dynamic_list_end = .

k_timer_area    0x0000000020000062        0x0 load address 0x000000000800341a
                0x0000000020000062                _k_timer_list_start = .
 *(SORT_BY_NAME(SORT_BY_ALIGNMENT(._k_timer.static.*)))
                0x0000000020000062                _k_timer_list_end = .

k_mem_slab_area
                0x0000000020000062        0x0 load address 0x000000000800341a
                0x0000000020000062                _k_mem_slab_list_start = .
 *(SORT_BY_NAME(SORT_BY_ALIGNMENT(._k_mem_slab.static.*)))
                0x0000000020000062                _k_mem_slab_list_end = .

k_heap_area     0x0000000020000062        0x0 load address 0x000000000800341a
                0x0000000020000062                _k_heap_list_start = .
 *(SORT_BY_NAME(SORT_BY_ALIGNMENT(._k_heap.static.*)))
                0x0000000020000062                _k_heap_list_end = .

k_mutex_area    0x0000000020000062        0x0 load address 0x000000000800341a
                0x0000000020000062                _k_mutex_list_start = .
 *(SORT_BY_NAME(SORT_BY_ALIGNMENT(._k_mutex.static.*)))
                0x0000000020000062                _k_mutex_list_end = .

k_stack_area    0x0000000020000062        0x0 load address 0x000000000800341a
                0x0000000020000062                _k_stack_list_start = .
 *(SORT_BY_NAME(SORT_BY_ALIGNMENT(._k_stack.static.*)))
                0x0000000020000062                _k_stack_list_end = .

k_msgq_area     0x0000000020000062        0x0 load address 0x000000000800341a
                0x0000000020000062                _k_msgq_list_start = .
 *(SORT_BY_NAME(SORT_BY_ALIGNMENT(._k_msgq.static.*)))
                0x0000000020000062                _k_msgq_list_end = .

k_mbox_area     0x0000000020000062        0x0 load address 0x000000000800341a
                0x0000000020000062                _k_mbox_list_start = .
 *(SORT_BY_NAME(SORT_BY_ALIGNMENT(._k_mbox.static.*)))
                0x0000000020000062                _k_mbox_list_end = .

k_pipe_area     0x0000000020000062        0x0 load address 0x000000000800341a
                0x0000000020000062                _k_pipe_list_start = .
 *(SORT_BY_NAME(SORT_BY_ALIGNMENT(._k_pipe.static.*)))
                0x0000000020000062                _k_pipe_list_end = .

k_sem_area      0x0000000020000062        0x0 load address 0x000000000800341a
                0x0000000020000062                _k_sem_list_start = .
 *(SORT_BY_NAME(SORT_BY_ALIGNMENT(._k_sem.static.*)))
                0x0000000020000062                _k_sem_list_end = .

k_event_area    0x0000000020000062        0x0 load address 0x000000000800341a
                0x0000000020000062                _k_event_list_start = .
 *(SORT_BY_NAME(SORT_BY_ALIGNMENT(._k_event.static.*)))
                0x0000000020000062                _k_event_list_end = .

k_queue_area    0x0000000020000062        0x0 load address 0x000000000800341a
                0x0000000020000062                _k_queue_list_start = .
 *(SORT_BY_NAME(SORT_BY_ALIGNMENT(._k_queue.static.*)))
                0x0000000020000062                _k_queue_list_end = .

k_condvar_area  0x0000000020000062        0x0 load address 0x000000000800341a
                0x0000000020000062                _k_condvar_list_start = .
 *(SORT_BY_NAME(SORT_BY_ALIGNMENT(._k_condvar.static.*)))
                0x0000000020000062                _k_condvar_list_end = .

net_buf_pool_area
                0x0000000020000062        0x0 load address 0x000000000800341a
                0x0000000020000062                _net_buf_pool_list_start = .
 *(SORT_BY_NAME(SORT_BY_ALIGNMENT(._net_buf_pool.static.*)))
                0x0000000020000062                _net_buf_pool_list_end = .
                0x0000000020000062                __data_region_end = .

bss             0x0000000020000068      0x21e
                0x0000000020000068                . = ALIGN (0x4)
                0x0000000020000068                __bss_start = .
                0x0000000020000068                __kernel_ram_start = .
 *(SORT_BY_ALIGNMENT(.bss))
 *(SORT_BY_ALIGNMENT(.bss.*))
 .bss.announced_cycles
                0x0000000020000068        0x8 zephyr/drivers/timer/libdrivers__timer.a(cortex_m_systick.c.obj)
 .bss.cycle_count
                0x0000000020000070        0x8 zephyr/drivers/timer/libdrivers__timer.a(cortex_m_systick.c.obj)
 .bss.z_idle_threads
                0x0000000020000078       0x70 zephyr/kernel/libkernel.a(init.c.obj)
                0x0000000020000078                z_idle_threads
 .bss.z_main_thread
                0x00000000200000e8       0x70 zephyr/kernel/libkernel.a(init.c.obj)
                0x00000000200000e8                z_main_thread
 .bss.slice_timeouts
                0x0000000020000158       0x18 zephyr/kernel/libkernel.a(sched.c.obj)
 .bss.curr_tick
                0x0000000020000170        0x8 zephyr/kernel/libkernel.a(timeout.c.obj)
 .bss.exti_data
                0x0000000020000178       0x80 zephyr/drivers/interrupt_controller/libdrivers__interrupt_controller.a(intc_exti_stm32.c.obj)
 .bss.gpio_stm32_data_e
                0x00000000200001f8       0x10 zephyr/drivers/gpio/libdrivers__gpio.a(gpio_stm32.c.obj)
 .bss.gpio_stm32_data_d
                0x0000000020000208       0x10 zephyr/drivers/gpio/libdrivers__gpio.a(gpio_stm32.c.obj)
 .bss.gpio_stm32_data_c
                0x0000000020000218       0x10 zephyr/drivers/gpio/libdrivers__gpio.a(gpio_stm32.c.obj)
 .bss.gpio_stm32_data_b
                0x0000000020000228       0x10 zephyr/drivers/gpio/libdrivers__gpio.a(gpio_stm32.c.obj)
 .bss.gpio_stm32_data_a
                0x0000000020000238       0x10 zephyr/drivers/gpio/libdrivers__gpio.a(gpio_stm32.c.obj)
 .bss.overflow_cyc
                0x0000000020000248        0x4 zephyr/drivers/timer/libdrivers__timer.a(cortex_m_systick.c.obj)
 .bss.last_load
                0x000000002000024c        0x4 zephyr/drivers/timer/libdrivers__timer.a(cortex_m_systick.c.obj)
 .bss._cpus_active
                0x0000000020000250        0x4 zephyr/kernel/libkernel.a(init.c.obj)
                0x0000000020000250                _cpus_active
 .bss._kernel   0x0000000020000254       0x20 zephyr/kernel/libkernel.a(init.c.obj)
                0x0000000020000254                _kernel
 .bss.pending_current
                0x0000000020000274        0x4 zephyr/kernel/libkernel.a(sched.c.obj)
 .bss.slice_max_prio
                0x0000000020000278        0x4 zephyr/kernel/libkernel.a(sched.c.obj)
 .bss.slice_ticks
                0x000000002000027c        0x4 zephyr/kernel/libkernel.a(sched.c.obj)
 .bss.announce_remaining
                0x0000000020000280        0x4 zephyr/kernel/libkernel.a(timeout.c.obj)
 .bss.z_sys_post_kernel
                0x0000000020000284        0x1 zephyr/kernel/libkernel.a(init.c.obj)
                0x0000000020000284                z_sys_post_kernel
 .bss.slice_expired
                0x0000000020000285        0x1 zephyr/kernel/libkernel.a(sched.c.obj)
 .bss.sched_spinlock
                0x0000000020000286        0x0 zephyr/kernel/libkernel.a(sched.c.obj)
                0x0000000020000286                sched_spinlock
 *(SORT_BY_ALIGNMENT(COMMON))
 *(SORT_BY_ALIGNMENT(.kernel_bss.*))
                0x0000000020000288                __bss_end = ALIGN (0x4)

noinit          0x0000000020000288      0xd00
 *(SORT_BY_ALIGNMENT(.noinit))
 *(SORT_BY_ALIGNMENT(.noinit.*))
 .noinit."WEST_TOPDIR/zephyr/kernel/init.c".2
                0x0000000020000288      0x800 zephyr/kernel/libkernel.a(init.c.obj)
                0x0000000020000288                z_interrupt_stacks
 .noinit."WEST_TOPDIR/zephyr/kernel/init.c".1
                0x0000000020000a88      0x100 zephyr/kernel/libkernel.a(init.c.obj)
 .noinit."WEST_TOPDIR/zephyr/kernel/init.c".0
                0x0000000020000b88      0x400 zephyr/kernel/libkernel.a(init.c.obj)
                0x0000000020000b88                z_main_stack
 *(SORT_BY_ALIGNMENT(.kernel_noinit.*))
                0x0000000020005000                __kernel_ram_end = 0x20005000
                0x0000000000004f98                __kernel_ram_size = (__kernel_ram_end - __kernel_ram_start)

/DISCARD/
 *(SORT_BY_ALIGNMENT(.irq_info*))
 *(SORT_BY_ALIGNMENT(.intList*))

.last_ram_section
                0x0000000020000f88        0x0
                0x0000000020000f88                _image_ram_end = .
                0x0000000020000f88                _end = .
                0x0000000020000f88                z_mapped_end = .

.stab
 *(SORT_BY_ALIGNMENT(.stab))

.stabstr
 *(SORT_BY_ALIGNMENT(.stabstr))

.stab.excl
 *(SORT_BY_ALIGNMENT(.stab.excl))

.stab.exclstr
 *(SORT_BY_ALIGNMENT(.stab.exclstr))

.stab.index
 *(SORT_BY_ALIGNMENT(.stab.index))

.stab.indexstr
 *(SORT_BY_ALIGNMENT(.stab.indexstr))

.gnu.build.attributes
 *(SORT_BY_ALIGNMENT(.gnu.build.attributes) SORT_BY_ALIGNMENT(.gnu.build.attributes.*))

.comment        0x0000000000000000       0x20
 *(SORT_BY_ALIGNMENT(.comment))
 .comment       0x0000000000000000       0x20 zephyr/CMakeFiles/zephyr_final.dir/isr_tables.c.obj
                                         0x21 (size before relaxing)
 .comment       0x0000000000000020       0x21 zephyr/CMakeFiles/offsets.dir/./arch/arm/core/offsets/offsets.c.obj
 .comment       0x0000000000000020       0x21 app/libapp.a(main.c.obj)
 .comment       0x0000000000000020       0x21 zephyr/libzephyr.a(cbprintf_packaged.c.obj)
 .comment       0x0000000000000020       0x21 zephyr/libzephyr.a(printk.c.obj)
 .comment       0x0000000000000020       0x21 zephyr/libzephyr.a(thread_entry.c.obj)
 .comment       0x0000000000000020       0x21 zephyr/libzephyr.a(cbprintf_complete.c.obj)
 .comment       0x0000000000000020       0x21 zephyr/libzephyr.a(configs.c.obj)
 .comment       0x0000000000000020       0x21 zephyr/libzephyr.a(soc.c.obj)
 .comment       0x0000000000000020       0x21 zephyr/libzephyr.a(soc_config.c.obj)
 .comment       0x0000000000000020       0x21 zephyr/arch/arch/arm/core/aarch32/libarch__arm__core__aarch32.a(fatal.c.obj)
 .comment       0x0000000000000020       0x21 zephyr/arch/arch/arm/core/aarch32/libarch__arm__core__aarch32.a(irq_manage.c.obj)
 .comment       0x0000000000000020       0x21 zephyr/arch/arch/arm/core/aarch32/libarch__arm__core__aarch32.a(nmi.c.obj)
 .comment       0x0000000000000020       0x21 zephyr/arch/arch/arm/core/aarch32/libarch__arm__core__aarch32.a(prep_c.c.obj)
 .comment       0x0000000000000020       0x21 zephyr/arch/arch/arm/core/aarch32/libarch__arm__core__aarch32.a(swap.c.obj)
 .comment       0x0000000000000020       0x21 zephyr/arch/arch/arm/core/aarch32/libarch__arm__core__aarch32.a(thread.c.obj)
 .comment       0x0000000000000020       0x21 zephyr/arch/arch/arm/core/aarch32/cortex_m/libarch__arm__core__aarch32__cortex_m.a(fault.c.obj)
 .comment       0x0000000000000020       0x21 zephyr/arch/arch/arm/core/aarch32/cortex_m/libarch__arm__core__aarch32__cortex_m.a(irq_init.c.obj)
 .comment       0x0000000000000020       0x21 zephyr/arch/arch/arm/core/aarch32/cortex_m/libarch__arm__core__aarch32__cortex_m.a(thread_abort.c.obj)
 .comment       0x0000000000000020       0x21 zephyr/lib/libc/minimal/liblib__libc__minimal.a(string.c.obj)
 .comment       0x0000000000000020       0x21 zephyr/lib/libc/minimal/liblib__libc__minimal.a(stdout_console.c.obj)
 .comment       0x0000000000000020       0x21 zephyr/lib/libc/common/liblib__libc__common.a(strnlen.c.obj)
 .comment       0x0000000000000020       0x21 zephyr/drivers/interrupt_controller/libdrivers__interrupt_controller.a(intc_exti_stm32.c.obj)
 .comment       0x0000000000000020       0x21 zephyr/drivers/clock_control/libdrivers__clock_control.a(clock_stm32_ll_common.c.obj)
 .comment       0x0000000000000020       0x21 zephyr/drivers/clock_control/libdrivers__clock_control.a(clock_stm32f1.c.obj)
 .comment       0x0000000000000020       0x21 zephyr/drivers/console/libdrivers__console.a(uart_console.c.obj)
 .comment       0x0000000000000020       0x21 zephyr/drivers/gpio/libdrivers__gpio.a(gpio_stm32.c.obj)
 .comment       0x0000000000000020       0x21 zephyr/drivers/pinctrl/libdrivers__pinctrl.a(common.c.obj)
 .comment       0x0000000000000020       0x21 zephyr/drivers/pinctrl/libdrivers__pinctrl.a(pinctrl_stm32.c.obj)
 .comment       0x0000000000000020       0x21 zephyr/drivers/reset/libdrivers__reset.a(reset_stm32.c.obj)
 .comment       0x0000000000000020       0x21 zephyr/drivers/serial/libdrivers__serial.a(uart_stm32.c.obj)
 .comment       0x0000000000000020       0x21 zephyr/drivers/timer/libdrivers__timer.a(cortex_m_systick.c.obj)
 .comment       0x0000000000000020       0x21 modules/stm32/stm32cube/lib..__modules__hal__stm32__stm32cube.a(system_stm32f1xx.c.obj)
 .comment       0x0000000000000020       0x21 modules/stm32/stm32cube/lib..__modules__hal__stm32__stm32cube.a(stm32f1xx_hal_rcc.c.obj)
 .comment       0x0000000000000020       0x21 modules/stm32/stm32cube/lib..__modules__hal__stm32__stm32cube.a(stm32f1xx_ll_utils.c.obj)
 .comment       0x0000000000000020       0x21 zephyr/kernel/libkernel.a(device.c.obj)
 .comment       0x0000000000000020       0x21 zephyr/kernel/libkernel.a(errno.c.obj)
 .comment       0x0000000000000020       0x21 zephyr/kernel/libkernel.a(fatal.c.obj)
 .comment       0x0000000000000020       0x21 zephyr/kernel/libkernel.a(init.c.obj)
 .comment       0x0000000000000020       0x21 zephyr/kernel/libkernel.a(thread.c.obj)
 .comment       0x0000000000000020       0x21 zephyr/kernel/libkernel.a(idle.c.obj)
 .comment       0x0000000000000020       0x21 zephyr/kernel/libkernel.a(sched.c.obj)
 .comment       0x0000000000000020       0x21 zephyr/kernel/libkernel.a(xip.c.obj)
 .comment       0x0000000000000020       0x21 zephyr/kernel/libkernel.a(timeout.c.obj)
 .comment       0x0000000000000020       0x21 zephyr/kernel/libkernel.a(banner.c.obj)

.debug
 *(SORT_BY_ALIGNMENT(.debug))

.line
 *(SORT_BY_ALIGNMENT(.line))

.debug_srcinfo
 *(SORT_BY_ALIGNMENT(.debug_srcinfo))

.debug_sfnames
 *(SORT_BY_ALIGNMENT(.debug_sfnames))

.debug_aranges  0x0000000000000000      0xdb8
 *(SORT_BY_ALIGNMENT(.debug_aranges))
 .debug_aranges
                0x0000000000000000       0x30 zephyr/arch/arch/arm/core/aarch32/libarch__arm__core__aarch32.a(cpu_idle.S.obj)
 .debug_aranges
                0x0000000000000030       0x20 zephyr/arch/arch/arm/core/aarch32/libarch__arm__core__aarch32.a(nmi_on_reset.S.obj)
 .debug_aranges
                0x0000000000000050       0x28 zephyr/arch/arch/arm/core/aarch32/libarch__arm__core__aarch32.a(swap_helper.S.obj)
 .debug_aranges
                0x0000000000000078       0x20 zephyr/arch/arch/arm/core/aarch32/libarch__arm__core__aarch32.a(isr_wrapper.S.obj)
 .debug_aranges
                0x0000000000000098       0x20 zephyr/arch/arch/arm/core/aarch32/cortex_m/libarch__arm__core__aarch32__cortex_m.a(exc_exit.S.obj)
 .debug_aranges
                0x00000000000000b8       0x20 zephyr/arch/arch/arm/core/aarch32/cortex_m/libarch__arm__core__aarch32__cortex_m.a(fault_s.S.obj)
 .debug_aranges
                0x00000000000000d8       0x20 zephyr/arch/arch/arm/core/aarch32/cortex_m/libarch__arm__core__aarch32__cortex_m.a(reset.S.obj)
 .debug_aranges
                0x00000000000000f8       0x18 zephyr/CMakeFiles/zephyr_final.dir/isr_tables.c.obj
 .debug_aranges
                0x0000000000000110       0x20 zephyr/CMakeFiles/offsets.dir/./arch/arm/core/offsets/offsets.c.obj
 .debug_aranges
                0x0000000000000130       0x20 app/libapp.a(main.c.obj)
 .debug_aranges
                0x0000000000000150       0x40 zephyr/libzephyr.a(cbprintf_packaged.c.obj)
 .debug_aranges
                0x0000000000000190       0x68 zephyr/libzephyr.a(printk.c.obj)
 .debug_aranges
                0x00000000000001f8       0x20 zephyr/libzephyr.a(thread_entry.c.obj)
 .debug_aranges
                0x0000000000000218       0x30 zephyr/libzephyr.a(cbprintf_complete.c.obj)
 .debug_aranges
                0x0000000000000248       0x20 zephyr/libzephyr.a(configs.c.obj)
 .debug_aranges
                0x0000000000000268       0x20 zephyr/libzephyr.a(soc.c.obj)
 .debug_aranges
                0x0000000000000288       0x20 zephyr/libzephyr.a(soc_config.c.obj)
 .debug_aranges
                0x00000000000002a8       0x30 zephyr/arch/arch/arm/core/aarch32/libarch__arm__core__aarch32.a(fatal.c.obj)
 .debug_aranges
                0x00000000000002d8       0x40 zephyr/arch/arch/arm/core/aarch32/libarch__arm__core__aarch32.a(irq_manage.c.obj)
 .debug_aranges
                0x0000000000000318       0x20 zephyr/arch/arch/arm/core/aarch32/libarch__arm__core__aarch32.a(nmi.c.obj)
 .debug_aranges
                0x0000000000000338       0x20 zephyr/arch/arch/arm/core/aarch32/libarch__arm__core__aarch32.a(prep_c.c.obj)
 .debug_aranges
                0x0000000000000358       0x20 zephyr/arch/arch/arm/core/aarch32/libarch__arm__core__aarch32.a(swap.c.obj)
 .debug_aranges
                0x0000000000000378       0x28 zephyr/arch/arch/arm/core/aarch32/libarch__arm__core__aarch32.a(thread.c.obj)
 .debug_aranges
                0x00000000000003a0       0x40 zephyr/arch/arch/arm/core/aarch32/cortex_m/libarch__arm__core__aarch32__cortex_m.a(fault.c.obj)
 .debug_aranges
                0x00000000000003e0       0x20 zephyr/arch/arch/arm/core/aarch32/cortex_m/libarch__arm__core__aarch32__cortex_m.a(irq_init.c.obj)
 .debug_aranges
                0x0000000000000400       0x20 zephyr/arch/arch/arm/core/aarch32/cortex_m/libarch__arm__core__aarch32__cortex_m.a(thread_abort.c.obj)
 .debug_aranges
                0x0000000000000420       0x90 zephyr/lib/libc/minimal/liblib__libc__minimal.a(string.c.obj)
 .debug_aranges
                0x00000000000004b0       0x68 zephyr/lib/libc/minimal/liblib__libc__minimal.a(stdout_console.c.obj)
 .debug_aranges
                0x0000000000000518       0x20 zephyr/lib/libc/common/liblib__libc__common.a(strnlen.c.obj)
 .debug_aranges
                0x0000000000000538       0x58 zephyr/drivers/interrupt_controller/libdrivers__interrupt_controller.a(intc_exti_stm32.c.obj)
 .debug_aranges
                0x0000000000000590       0x48 zephyr/drivers/clock_control/libdrivers__clock_control.a(clock_stm32_ll_common.c.obj)
 .debug_aranges
                0x00000000000005d8       0x28 zephyr/drivers/clock_control/libdrivers__clock_control.a(clock_stm32f1.c.obj)
 .debug_aranges
                0x0000000000000600       0x30 zephyr/drivers/console/libdrivers__console.a(uart_console.c.obj)
 .debug_aranges
                0x0000000000000630       0x90 zephyr/drivers/gpio/libdrivers__gpio.a(gpio_stm32.c.obj)
 .debug_aranges
                0x00000000000006c0       0x20 zephyr/drivers/pinctrl/libdrivers__pinctrl.a(common.c.obj)
 .debug_aranges
                0x00000000000006e0       0x28 zephyr/drivers/pinctrl/libdrivers__pinctrl.a(pinctrl_stm32.c.obj)
 .debug_aranges
                0x0000000000000708       0x38 zephyr/drivers/reset/libdrivers__reset.a(reset_stm32.c.obj)
 .debug_aranges
                0x0000000000000740       0x58 zephyr/drivers/serial/libdrivers__serial.a(uart_stm32.c.obj)
 .debug_aranges
                0x0000000000000798       0x60 zephyr/drivers/timer/libdrivers__timer.a(cortex_m_systick.c.obj)
 .debug_aranges
                0x00000000000007f8       0x28 modules/stm32/stm32cube/lib..__modules__hal__stm32__stm32cube.a(system_stm32f1xx.c.obj)
 .debug_aranges
                0x0000000000000820       0x88 modules/stm32/stm32cube/lib..__modules__hal__stm32__stm32cube.a(stm32f1xx_hal_rcc.c.obj)
 .debug_aranges
                0x00000000000008a8       0x50 modules/stm32/stm32cube/lib..__modules__hal__stm32__stm32cube.a(stm32f1xx_ll_utils.c.obj)
 .debug_aranges
                0x00000000000008f8       0x38 zephyr/kernel/libkernel.a(device.c.obj)
 .debug_aranges
                0x0000000000000930       0x20 zephyr/kernel/libkernel.a(errno.c.obj)
 .debug_aranges
                0x0000000000000950       0x60 zephyr/kernel/libkernel.a(fatal.c.obj)
 .debug_aranges
                0x00000000000009b0       0x50 zephyr/kernel/libkernel.a(init.c.obj)
 .debug_aranges
                0x0000000000000a00       0xb8 zephyr/kernel/libkernel.a(thread.c.obj)
 .debug_aranges
                0x0000000000000ab8       0x30 zephyr/kernel/libkernel.a(idle.c.obj)
 .debug_aranges
                0x0000000000000ae8      0x200 zephyr/kernel/libkernel.a(sched.c.obj)
 .debug_aranges
                0x0000000000000ce8       0x20 zephyr/kernel/libkernel.a(xip.c.obj)
 .debug_aranges
                0x0000000000000d08       0x90 zephyr/kernel/libkernel.a(timeout.c.obj)
 .debug_aranges
                0x0000000000000d98       0x20 zephyr/kernel/libkernel.a(banner.c.obj)

.debug_pubnames
 *(SORT_BY_ALIGNMENT(.debug_pubnames))

.debug_info     0x0000000000000000    0x325c6
 *(SORT_BY_ALIGNMENT(.debug_info) SORT_BY_ALIGNMENT(.gnu.linkonce.wi.*))
 .debug_info    0x0000000000000000      0x17d zephyr/CMakeFiles/zephyr_final.dir/isr_tables.c.obj
 .debug_info    0x000000000000017d       0xdc zephyr/CMakeFiles/offsets.dir/./arch/arm/core/offsets/offsets.c.obj
 .debug_info    0x0000000000000259      0x2ac app/libapp.a(main.c.obj)
 .debug_info    0x0000000000000505     0x1e0c zephyr/libzephyr.a(cbprintf_packaged.c.obj)
 .debug_info    0x0000000000002311      0x6de zephyr/libzephyr.a(printk.c.obj)
 .debug_info    0x00000000000029ef      0x5d2 zephyr/libzephyr.a(thread_entry.c.obj)
 .debug_info    0x0000000000002fc1     0x1063 zephyr/libzephyr.a(cbprintf_complete.c.obj)
 .debug_info    0x0000000000004024       0x38 zephyr/libzephyr.a(configs.c.obj)
 .debug_info    0x000000000000405c      0x1e9 zephyr/libzephyr.a(soc.c.obj)
 .debug_info    0x0000000000004245      0x208 zephyr/libzephyr.a(soc_config.c.obj)
 .debug_info    0x000000000000444d       0x22 zephyr/arch/arch/arm/core/aarch32/libarch__arm__core__aarch32.a(cpu_idle.S.obj)
 .debug_info    0x000000000000446f     0x253e zephyr/arch/arch/arm/core/aarch32/libarch__arm__core__aarch32.a(fatal.c.obj)
 .debug_info    0x00000000000069ad      0x8bd zephyr/arch/arch/arm/core/aarch32/libarch__arm__core__aarch32.a(irq_manage.c.obj)
 .debug_info    0x000000000000726a       0xb6 zephyr/arch/arch/arm/core/aarch32/libarch__arm__core__aarch32.a(nmi.c.obj)
 .debug_info    0x0000000000007320       0x23 zephyr/arch/arch/arm/core/aarch32/libarch__arm__core__aarch32.a(nmi_on_reset.S.obj)
 .debug_info    0x0000000000007343      0x3b6 zephyr/arch/arch/arm/core/aarch32/libarch__arm__core__aarch32.a(prep_c.c.obj)
 .debug_info    0x00000000000076f9      0x76e zephyr/arch/arch/arm/core/aarch32/libarch__arm__core__aarch32.a(swap.c.obj)
 .debug_info    0x0000000000007e67       0x22 zephyr/arch/arch/arm/core/aarch32/libarch__arm__core__aarch32.a(swap_helper.S.obj)
 .debug_info    0x0000000000007e89      0x7cc zephyr/arch/arch/arm/core/aarch32/libarch__arm__core__aarch32.a(thread.c.obj)
 .debug_info    0x0000000000008655       0x23 zephyr/arch/arch/arm/core/aarch32/libarch__arm__core__aarch32.a(isr_wrapper.S.obj)
 .debug_info    0x0000000000008678       0x23 zephyr/arch/arch/arm/core/aarch32/cortex_m/libarch__arm__core__aarch32__cortex_m.a(exc_exit.S.obj)
 .debug_info    0x000000000000869b     0xb07d zephyr/arch/arch/arm/core/aarch32/cortex_m/libarch__arm__core__aarch32__cortex_m.a(fault.c.obj)
 .debug_info    0x0000000000013718       0x23 zephyr/arch/arch/arm/core/aarch32/cortex_m/libarch__arm__core__aarch32__cortex_m.a(fault_s.S.obj)
 .debug_info    0x000000000001373b      0x566 zephyr/arch/arch/arm/core/aarch32/cortex_m/libarch__arm__core__aarch32__cortex_m.a(irq_init.c.obj)
 .debug_info    0x0000000000013ca1       0x23 zephyr/arch/arch/arm/core/aarch32/cortex_m/libarch__arm__core__aarch32__cortex_m.a(reset.S.obj)
 .debug_info    0x0000000000013cc4      0x7ae zephyr/arch/arch/arm/core/aarch32/cortex_m/libarch__arm__core__aarch32__cortex_m.a(thread_abort.c.obj)
 .debug_info    0x0000000000014472      0x6de zephyr/lib/libc/minimal/liblib__libc__minimal.a(string.c.obj)
 .debug_info    0x0000000000014b50      0x7f3 zephyr/lib/libc/minimal/liblib__libc__minimal.a(stdout_console.c.obj)
 .debug_info    0x0000000000015343       0xd7 zephyr/lib/libc/common/liblib__libc__common.a(strnlen.c.obj)
 .debug_info    0x000000000001541a      0xea5 zephyr/drivers/interrupt_controller/libdrivers__interrupt_controller.a(intc_exti_stm32.c.obj)
 .debug_info    0x00000000000162bf      0xf1c zephyr/drivers/clock_control/libdrivers__clock_control.a(clock_stm32_ll_common.c.obj)
 .debug_info    0x00000000000171db      0x223 zephyr/drivers/clock_control/libdrivers__clock_control.a(clock_stm32f1.c.obj)
 .debug_info    0x00000000000173fe      0x7bf zephyr/drivers/console/libdrivers__console.a(uart_console.c.obj)
 .debug_info    0x0000000000017bbd     0x2975 zephyr/drivers/gpio/libdrivers__gpio.a(gpio_stm32.c.obj)
 .debug_info    0x000000000001a532      0x19a zephyr/drivers/pinctrl/libdrivers__pinctrl.a(common.c.obj)
 .debug_info    0x000000000001a6cc      0x795 zephyr/drivers/pinctrl/libdrivers__pinctrl.a(pinctrl_stm32.c.obj)
 .debug_info    0x000000000001ae61      0x618 zephyr/drivers/reset/libdrivers__reset.a(reset_stm32.c.obj)
 .debug_info    0x000000000001b479     0x4f49 zephyr/drivers/serial/libdrivers__serial.a(uart_stm32.c.obj)
 .debug_info    0x00000000000203c2      0xdc7 zephyr/drivers/timer/libdrivers__timer.a(cortex_m_systick.c.obj)
 .debug_info    0x0000000000021189      0x229 modules/stm32/stm32cube/lib..__modules__hal__stm32__stm32cube.a(system_stm32f1xx.c.obj)
 .debug_info    0x00000000000213b2      0xa55 modules/stm32/stm32cube/lib..__modules__hal__stm32__stm32cube.a(stm32f1xx_hal_rcc.c.obj)
 .debug_info    0x0000000000021e07      0xb98 modules/stm32/stm32cube/lib..__modules__hal__stm32__stm32cube.a(stm32f1xx_ll_utils.c.obj)
 .debug_info    0x000000000002299f      0x32b zephyr/kernel/libkernel.a(device.c.obj)
 .debug_info    0x0000000000022cca      0x621 zephyr/kernel/libkernel.a(errno.c.obj)
 .debug_info    0x00000000000232eb     0x27a5 zephyr/kernel/libkernel.a(fatal.c.obj)
 .debug_info    0x0000000000025a90     0x18e1 zephyr/kernel/libkernel.a(init.c.obj)
 .debug_info    0x0000000000027371     0x26f7 zephyr/kernel/libkernel.a(thread.c.obj)
 .debug_info    0x0000000000029a68      0x269 zephyr/kernel/libkernel.a(idle.c.obj)
 .debug_info    0x0000000000029cd1     0x7129 zephyr/kernel/libkernel.a(sched.c.obj)
 .debug_info    0x0000000000030dfa      0x136 zephyr/kernel/libkernel.a(xip.c.obj)
 .debug_info    0x0000000000030f30     0x15d1 zephyr/kernel/libkernel.a(timeout.c.obj)
 .debug_info    0x0000000000032501       0xc5 zephyr/kernel/libkernel.a(banner.c.obj)

.debug_abbrev   0x0000000000000000     0x7aaa
 *(SORT_BY_ALIGNMENT(.debug_abbrev))
 .debug_abbrev  0x0000000000000000      0x118 zephyr/CMakeFiles/zephyr_final.dir/isr_tables.c.obj
 .debug_abbrev  0x0000000000000118       0x62 zephyr/CMakeFiles/offsets.dir/./arch/arm/core/offsets/offsets.c.obj
 .debug_abbrev  0x000000000000017a      0x1cd app/libapp.a(main.c.obj)
 .debug_abbrev  0x0000000000000347      0x4eb zephyr/libzephyr.a(cbprintf_packaged.c.obj)
 .debug_abbrev  0x0000000000000832      0x322 zephyr/libzephyr.a(printk.c.obj)
 .debug_abbrev  0x0000000000000b54      0x23a zephyr/libzephyr.a(thread_entry.c.obj)
 .debug_abbrev  0x0000000000000d8e      0x3f1 zephyr/libzephyr.a(cbprintf_complete.c.obj)
 .debug_abbrev  0x000000000000117f       0x2e zephyr/libzephyr.a(configs.c.obj)
 .debug_abbrev  0x00000000000011ad      0x14e zephyr/libzephyr.a(soc.c.obj)
 .debug_abbrev  0x00000000000012fb      0x159 zephyr/libzephyr.a(soc_config.c.obj)
 .debug_abbrev  0x0000000000001454       0x12 zephyr/arch/arch/arm/core/aarch32/libarch__arm__core__aarch32.a(cpu_idle.S.obj)
 .debug_abbrev  0x0000000000001466      0x2c9 zephyr/arch/arch/arm/core/aarch32/libarch__arm__core__aarch32.a(fatal.c.obj)
 .debug_abbrev  0x000000000000172f      0x28c zephyr/arch/arch/arm/core/aarch32/libarch__arm__core__aarch32.a(irq_manage.c.obj)
 .debug_abbrev  0x00000000000019bb       0x70 zephyr/arch/arch/arm/core/aarch32/libarch__arm__core__aarch32.a(nmi.c.obj)
 .debug_abbrev  0x0000000000001a2b       0x14 zephyr/arch/arch/arm/core/aarch32/libarch__arm__core__aarch32.a(nmi_on_reset.S.obj)
 .debug_abbrev  0x0000000000001a3f      0x17d zephyr/arch/arch/arm/core/aarch32/libarch__arm__core__aarch32.a(prep_c.c.obj)
 .debug_abbrev  0x0000000000001bbc      0x1d9 zephyr/arch/arch/arm/core/aarch32/libarch__arm__core__aarch32.a(swap.c.obj)
 .debug_abbrev  0x0000000000001d95       0x12 zephyr/arch/arch/arm/core/aarch32/libarch__arm__core__aarch32.a(swap_helper.S.obj)
 .debug_abbrev  0x0000000000001da7      0x207 zephyr/arch/arch/arm/core/aarch32/libarch__arm__core__aarch32.a(thread.c.obj)
 .debug_abbrev  0x0000000000001fae       0x14 zephyr/arch/arch/arm/core/aarch32/libarch__arm__core__aarch32.a(isr_wrapper.S.obj)
 .debug_abbrev  0x0000000000001fc2       0x14 zephyr/arch/arch/arm/core/aarch32/cortex_m/libarch__arm__core__aarch32__cortex_m.a(exc_exit.S.obj)
 .debug_abbrev  0x0000000000001fd6      0x45c zephyr/arch/arch/arm/core/aarch32/cortex_m/libarch__arm__core__aarch32__cortex_m.a(fault.c.obj)
 .debug_abbrev  0x0000000000002432       0x14 zephyr/arch/arch/arm/core/aarch32/cortex_m/libarch__arm__core__aarch32__cortex_m.a(fault_s.S.obj)
 .debug_abbrev  0x0000000000002446      0x168 zephyr/arch/arch/arm/core/aarch32/cortex_m/libarch__arm__core__aarch32__cortex_m.a(irq_init.c.obj)
 .debug_abbrev  0x00000000000025ae       0x14 zephyr/arch/arch/arm/core/aarch32/cortex_m/libarch__arm__core__aarch32__cortex_m.a(reset.S.obj)
 .debug_abbrev  0x00000000000025c2      0x227 zephyr/arch/arch/arm/core/aarch32/cortex_m/libarch__arm__core__aarch32__cortex_m.a(thread_abort.c.obj)
 .debug_abbrev  0x00000000000027e9      0x171 zephyr/lib/libc/minimal/liblib__libc__minimal.a(string.c.obj)
 .debug_abbrev  0x000000000000295a      0x2bc zephyr/lib/libc/minimal/liblib__libc__minimal.a(stdout_console.c.obj)
 .debug_abbrev  0x0000000000002c16       0xa0 zephyr/lib/libc/common/liblib__libc__common.a(strnlen.c.obj)
 .debug_abbrev  0x0000000000002cb6      0x482 zephyr/drivers/interrupt_controller/libdrivers__interrupt_controller.a(intc_exti_stm32.c.obj)
 .debug_abbrev  0x0000000000003138      0x4c3 zephyr/drivers/clock_control/libdrivers__clock_control.a(clock_stm32_ll_common.c.obj)
 .debug_abbrev  0x00000000000035fb      0x145 zephyr/drivers/clock_control/libdrivers__clock_control.a(clock_stm32f1.c.obj)
 .debug_abbrev  0x0000000000003740      0x38c zephyr/drivers/console/libdrivers__console.a(uart_console.c.obj)
 .debug_abbrev  0x0000000000003acc      0x581 zephyr/drivers/gpio/libdrivers__gpio.a(gpio_stm32.c.obj)
 .debug_abbrev  0x000000000000404d       0xd0 zephyr/drivers/pinctrl/libdrivers__pinctrl.a(common.c.obj)
 .debug_abbrev  0x000000000000411d      0x3ce zephyr/drivers/pinctrl/libdrivers__pinctrl.a(pinctrl_stm32.c.obj)
 .debug_abbrev  0x00000000000044eb      0x282 zephyr/drivers/reset/libdrivers__reset.a(reset_stm32.c.obj)
 .debug_abbrev  0x000000000000476d      0x54e zephyr/drivers/serial/libdrivers__serial.a(uart_stm32.c.obj)
 .debug_abbrev  0x0000000000004cbb      0x48c zephyr/drivers/timer/libdrivers__timer.a(cortex_m_systick.c.obj)
 .debug_abbrev  0x0000000000005147      0x13e modules/stm32/stm32cube/lib..__modules__hal__stm32__stm32cube.a(system_stm32f1xx.c.obj)
 .debug_abbrev  0x0000000000005285      0x2f2 modules/stm32/stm32cube/lib..__modules__hal__stm32__stm32cube.a(stm32f1xx_hal_rcc.c.obj)
 .debug_abbrev  0x0000000000005577      0x325 modules/stm32/stm32cube/lib..__modules__hal__stm32__stm32cube.a(stm32f1xx_ll_utils.c.obj)
 .debug_abbrev  0x000000000000589c      0x1bc zephyr/kernel/libkernel.a(device.c.obj)
 .debug_abbrev  0x0000000000005a58      0x191 zephyr/kernel/libkernel.a(errno.c.obj)
 .debug_abbrev  0x0000000000005be9      0x424 zephyr/kernel/libkernel.a(fatal.c.obj)
 .debug_abbrev  0x000000000000600d      0x678 zephyr/kernel/libkernel.a(init.c.obj)
 .debug_abbrev  0x0000000000006685      0x5c9 zephyr/kernel/libkernel.a(thread.c.obj)
 .debug_abbrev  0x0000000000006c4e      0x18d zephyr/kernel/libkernel.a(idle.c.obj)
 .debug_abbrev  0x0000000000006ddb      0x6d6 zephyr/kernel/libkernel.a(sched.c.obj)
 .debug_abbrev  0x00000000000074b1       0xbe zephyr/kernel/libkernel.a(xip.c.obj)
 .debug_abbrev  0x000000000000756f      0x4ac zephyr/kernel/libkernel.a(timeout.c.obj)
 .debug_abbrev  0x0000000000007a1b       0x8f zephyr/kernel/libkernel.a(banner.c.obj)

.debug_line     0x0000000000000000    0x111b6
 *(SORT_BY_ALIGNMENT(.debug_line) SORT_BY_ALIGNMENT(.debug_line.*) SORT_BY_ALIGNMENT(.debug_line_end))
 .debug_line    0x0000000000000000       0xf6 zephyr/CMakeFiles/zephyr_final.dir/isr_tables.c.obj
 .debug_line    0x00000000000000f6      0x12c zephyr/CMakeFiles/offsets.dir/./arch/arm/core/offsets/offsets.c.obj
 .debug_line    0x0000000000000222      0x20a app/libapp.a(main.c.obj)
 .debug_line    0x000000000000042c      0xfbd zephyr/libzephyr.a(cbprintf_packaged.c.obj)
 .debug_line    0x00000000000013e9      0x424 zephyr/libzephyr.a(printk.c.obj)
 .debug_line    0x000000000000180d      0x2f9 zephyr/libzephyr.a(thread_entry.c.obj)
 .debug_line    0x0000000000001b06      0xc60 zephyr/libzephyr.a(cbprintf_complete.c.obj)
 .debug_line    0x0000000000002766      0x195 zephyr/libzephyr.a(configs.c.obj)
 .debug_line    0x00000000000028fb      0x164 zephyr/libzephyr.a(soc.c.obj)
 .debug_line    0x0000000000002a5f      0x117 zephyr/libzephyr.a(soc_config.c.obj)
 .debug_line    0x0000000000002b76       0xa5 zephyr/arch/arch/arm/core/aarch32/libarch__arm__core__aarch32.a(cpu_idle.S.obj)
 .debug_line    0x0000000000002c1b      0x2d0 zephyr/arch/arch/arm/core/aarch32/libarch__arm__core__aarch32.a(fatal.c.obj)
 .debug_line    0x0000000000002eeb      0x32c zephyr/arch/arch/arm/core/aarch32/libarch__arm__core__aarch32.a(irq_manage.c.obj)
 .debug_line    0x0000000000003217       0xc7 zephyr/arch/arch/arm/core/aarch32/libarch__arm__core__aarch32.a(nmi.c.obj)
 .debug_line    0x00000000000032de       0x75 zephyr/arch/arch/arm/core/aarch32/libarch__arm__core__aarch32.a(nmi_on_reset.S.obj)
 .debug_line    0x0000000000003353      0x29d zephyr/arch/arch/arm/core/aarch32/libarch__arm__core__aarch32.a(prep_c.c.obj)
 .debug_line    0x00000000000035f0      0x32d zephyr/arch/arch/arm/core/aarch32/libarch__arm__core__aarch32.a(swap.c.obj)
 .debug_line    0x000000000000391d       0xc6 zephyr/arch/arch/arm/core/aarch32/libarch__arm__core__aarch32.a(swap_helper.S.obj)
 .debug_line    0x00000000000039e3      0x36a zephyr/arch/arch/arm/core/aarch32/libarch__arm__core__aarch32.a(thread.c.obj)
 .debug_line    0x0000000000003d4d       0x8c zephyr/arch/arch/arm/core/aarch32/libarch__arm__core__aarch32.a(isr_wrapper.S.obj)
 .debug_line    0x0000000000003dd9       0x88 zephyr/arch/arch/arm/core/aarch32/cortex_m/libarch__arm__core__aarch32__cortex_m.a(exc_exit.S.obj)
 .debug_line    0x0000000000003e61      0x7da zephyr/arch/arch/arm/core/aarch32/cortex_m/libarch__arm__core__aarch32__cortex_m.a(fault.c.obj)
 .debug_line    0x000000000000463b       0x82 zephyr/arch/arch/arm/core/aarch32/cortex_m/libarch__arm__core__aarch32__cortex_m.a(fault_s.S.obj)
 .debug_line    0x00000000000046bd      0x1db zephyr/arch/arch/arm/core/aarch32/cortex_m/libarch__arm__core__aarch32__cortex_m.a(irq_init.c.obj)
 .debug_line    0x0000000000004898       0x87 zephyr/arch/arch/arm/core/aarch32/cortex_m/libarch__arm__core__aarch32__cortex_m.a(reset.S.obj)
 .debug_line    0x000000000000491f      0x3c7 zephyr/arch/arch/arm/core/aarch32/cortex_m/libarch__arm__core__aarch32__cortex_m.a(thread_abort.c.obj)
 .debug_line    0x0000000000004ce6      0x516 zephyr/lib/libc/minimal/liblib__libc__minimal.a(string.c.obj)
 .debug_line    0x00000000000051fc      0x3bb zephyr/lib/libc/minimal/liblib__libc__minimal.a(stdout_console.c.obj)
 .debug_line    0x00000000000055b7      0x13d zephyr/lib/libc/common/liblib__libc__common.a(strnlen.c.obj)
 .debug_line    0x00000000000056f4      0x6c4 zephyr/drivers/interrupt_controller/libdrivers__interrupt_controller.a(intc_exti_stm32.c.obj)
 .debug_line    0x0000000000005db8      0x8f6 zephyr/drivers/clock_control/libdrivers__clock_control.a(clock_stm32_ll_common.c.obj)
 .debug_line    0x00000000000066ae      0x1d6 zephyr/drivers/clock_control/libdrivers__clock_control.a(clock_stm32f1.c.obj)
 .debug_line    0x0000000000006884      0x350 zephyr/drivers/console/libdrivers__console.a(uart_console.c.obj)
 .debug_line    0x0000000000006bd4      0xf7c zephyr/drivers/gpio/libdrivers__gpio.a(gpio_stm32.c.obj)
 .debug_line    0x0000000000007b50      0x172 zephyr/drivers/pinctrl/libdrivers__pinctrl.a(common.c.obj)
 .debug_line    0x0000000000007cc2      0x535 zephyr/drivers/pinctrl/libdrivers__pinctrl.a(pinctrl_stm32.c.obj)
 .debug_line    0x00000000000081f7      0x2e3 zephyr/drivers/reset/libdrivers__reset.a(reset_stm32.c.obj)
 .debug_line    0x00000000000084da      0xee0 zephyr/drivers/serial/libdrivers__serial.a(uart_stm32.c.obj)
 .debug_line    0x00000000000093ba      0x7d7 zephyr/drivers/timer/libdrivers__timer.a(cortex_m_systick.c.obj)
 .debug_line    0x0000000000009b91      0x199 modules/stm32/stm32cube/lib..__modules__hal__stm32__stm32cube.a(system_stm32f1xx.c.obj)
 .debug_line    0x0000000000009d2a      0xb8c modules/stm32/stm32cube/lib..__modules__hal__stm32__stm32cube.a(stm32f1xx_hal_rcc.c.obj)
 .debug_line    0x000000000000a8b6      0x7c3 modules/stm32/stm32cube/lib..__modules__hal__stm32__stm32cube.a(stm32f1xx_ll_utils.c.obj)
 .debug_line    0x000000000000b079      0x297 zephyr/kernel/libkernel.a(device.c.obj)
 .debug_line    0x000000000000b310      0x2fd zephyr/kernel/libkernel.a(errno.c.obj)
 .debug_line    0x000000000000b60d      0x55e zephyr/kernel/libkernel.a(fatal.c.obj)
 .debug_line    0x000000000000bb6b      0x9df zephyr/kernel/libkernel.a(init.c.obj)
 .debug_line    0x000000000000c54a      0xb12 zephyr/kernel/libkernel.a(thread.c.obj)
 .debug_line    0x000000000000d05c      0x297 zephyr/kernel/libkernel.a(idle.c.obj)
 .debug_line    0x000000000000d2f3     0x2f52 zephyr/kernel/libkernel.a(sched.c.obj)
 .debug_line    0x0000000000010245      0x1a2 zephyr/kernel/libkernel.a(xip.c.obj)
 .debug_line    0x00000000000103e7      0xd2e zephyr/kernel/libkernel.a(timeout.c.obj)
 .debug_line    0x0000000000011115       0xa1 zephyr/kernel/libkernel.a(banner.c.obj)

.debug_frame    0x0000000000000000     0x1c98
 *(SORT_BY_ALIGNMENT(.debug_frame))
 .debug_frame   0x0000000000000000       0x20 zephyr/CMakeFiles/offsets.dir/./arch/arm/core/offsets/offsets.c.obj
 .debug_frame   0x0000000000000020       0x2c app/libapp.a(main.c.obj)
 .debug_frame   0x000000000000004c       0xec zephyr/libzephyr.a(cbprintf_packaged.c.obj)
 .debug_frame   0x0000000000000138      0x118 zephyr/libzephyr.a(printk.c.obj)
 .debug_frame   0x0000000000000250       0x28 zephyr/libzephyr.a(thread_entry.c.obj)
 .debug_frame   0x0000000000000278       0x88 zephyr/libzephyr.a(cbprintf_complete.c.obj)
 .debug_frame   0x0000000000000300       0x20 zephyr/libzephyr.a(configs.c.obj)
 .debug_frame   0x0000000000000320       0x20 zephyr/libzephyr.a(soc.c.obj)
 .debug_frame   0x0000000000000340       0x20 zephyr/libzephyr.a(soc_config.c.obj)
 .debug_frame   0x0000000000000360       0x48 zephyr/arch/arch/arm/core/aarch32/libarch__arm__core__aarch32.a(fatal.c.obj)
 .debug_frame   0x00000000000003a8       0x60 zephyr/arch/arch/arm/core/aarch32/libarch__arm__core__aarch32.a(irq_manage.c.obj)
 .debug_frame   0x0000000000000408       0x2c zephyr/arch/arch/arm/core/aarch32/libarch__arm__core__aarch32.a(nmi.c.obj)
 .debug_frame   0x0000000000000434       0x28 zephyr/arch/arch/arm/core/aarch32/libarch__arm__core__aarch32.a(prep_c.c.obj)
 .debug_frame   0x000000000000045c       0x20 zephyr/arch/arch/arm/core/aarch32/libarch__arm__core__aarch32.a(swap.c.obj)
 .debug_frame   0x000000000000047c       0x30 zephyr/arch/arch/arm/core/aarch32/libarch__arm__core__aarch32.a(thread.c.obj)
 .debug_frame   0x00000000000004ac       0x84 zephyr/arch/arch/arm/core/aarch32/cortex_m/libarch__arm__core__aarch32__cortex_m.a(fault.c.obj)
 .debug_frame   0x0000000000000530       0x20 zephyr/arch/arch/arm/core/aarch32/cortex_m/libarch__arm__core__aarch32__cortex_m.a(irq_init.c.obj)
 .debug_frame   0x0000000000000550       0x20 zephyr/arch/arch/arm/core/aarch32/cortex_m/libarch__arm__core__aarch32__cortex_m.a(thread_abort.c.obj)
 .debug_frame   0x0000000000000570      0x160 zephyr/lib/libc/minimal/liblib__libc__minimal.a(string.c.obj)
 .debug_frame   0x00000000000006d0       0xd8 zephyr/lib/libc/minimal/liblib__libc__minimal.a(stdout_console.c.obj)
 .debug_frame   0x00000000000007a8       0x20 zephyr/lib/libc/common/liblib__libc__common.a(strnlen.c.obj)
 .debug_frame   0x00000000000007c8       0xc0 zephyr/drivers/interrupt_controller/libdrivers__interrupt_controller.a(intc_exti_stm32.c.obj)